Archive member included to satisfy reference by file (symbol)

Build_STM32G431xx_Candlelight_MksMakerbase/STM32Cube/libstm32cube.a(stm32g4xx_hal.o)
                              Build_STM32G431xx_Candlelight_MksMakerbase/system.o (HAL_Init)
Build_STM32G431xx_Candlelight_MksMakerbase/STM32Cube/libstm32cube.a(stm32g4xx_hal_cortex.o)
                              Build_STM32G431xx_Candlelight_MksMakerbase/STM32Cube/libstm32cube.a(stm32g4xx_hal.o) (HAL_NVIC_SetPriorityGrouping)
Build_STM32G431xx_Candlelight_MksMakerbase/STM32Cube/libstm32cube.a(stm32g4xx_hal_fdcan.o)
                              Build_STM32G431xx_Candlelight_MksMakerbase/can.o (HAL_FDCAN_Init)
Build_STM32G431xx_Candlelight_MksMakerbase/STM32Cube/libstm32cube.a(stm32g4xx_hal_flash.o)
                              Build_STM32G431xx_Candlelight_MksMakerbase/system.o (HAL_FLASH_Unlock)
Build_STM32G431xx_Candlelight_MksMakerbase/STM32Cube/libstm32cube.a(stm32g4xx_hal_flash_ex.o)
                              Build_STM32G431xx_Candlelight_MksMakerbase/system.o (HAL_FLASHEx_OBProgram)
Build_STM32G431xx_Candlelight_MksMakerbase/STM32Cube/libstm32cube.a(stm32g4xx_hal_gpio.o)
                              Build_STM32G431xx_Candlelight_MksMakerbase/can.o (HAL_GPIO_Init)
Build_STM32G431xx_Candlelight_MksMakerbase/STM32Cube/libstm32cube.a(stm32g4xx_hal_pcd.o)
                              Build_STM32G431xx_Candlelight_MksMakerbase/usb_lowlevel.o (HAL_PCD_Init)
Build_STM32G431xx_Candlelight_MksMakerbase/STM32Cube/libstm32cube.a(stm32g4xx_hal_pcd_ex.o)
                              Build_STM32G431xx_Candlelight_MksMakerbase/Candlelight/usb_class.o (HAL_PCDEx_PMAConfig)
Build_STM32G431xx_Candlelight_MksMakerbase/STM32Cube/libstm32cube.a(stm32g4xx_hal_pwr_ex.o)
                              Build_STM32G431xx_Candlelight_MksMakerbase/system.o (HAL_PWREx_ControlVoltageScaling)
Build_STM32G431xx_Candlelight_MksMakerbase/STM32Cube/libstm32cube.a(stm32g4xx_hal_rcc.o)
                              Build_STM32G431xx_Candlelight_MksMakerbase/system.o (HAL_RCC_OscConfig)
Build_STM32G431xx_Candlelight_MksMakerbase/STM32Cube/libstm32cube.a(stm32g4xx_hal_rcc_ex.o)
                              Build_STM32G431xx_Candlelight_MksMakerbase/system.o (HAL_RCCEx_PeriphCLKConfig)
Build_STM32G431xx_Candlelight_MksMakerbase/STM32Cube/libstm32cube.a(stm32g4xx_ll_usb.o)
                              Build_STM32G431xx_Candlelight_MksMakerbase/STM32Cube/libstm32cube.a(stm32g4xx_hal_pcd.o) (USB_EnableGlobalInt)
Build_STM32G431xx_Candlelight_MksMakerbase/STM32Cube/libstm32cube.a(stm32g4xx_hal_pwr.o)
                              Build_STM32G431xx_Candlelight_MksMakerbase/STM32Cube/libstm32cube.a(stm32g4xx_hal_rcc_ex.o) (HAL_PWR_EnableBkUpAccess)
/usr/lib/gcc/arm-none-eabi/14.2.1/../../../arm-none-eabi/lib/thumb/v7e-m/nofp/libc.a(libc_a-memcpy.o)
                              Build_STM32G431xx_Candlelight_MksMakerbase/Candlelight/control.o (memcpy)
/usr/lib/gcc/arm-none-eabi/14.2.1/../../../arm-none-eabi/lib/thumb/v7e-m/nofp/libc.a(libc_a-strcat.o)
                              Build_STM32G431xx_Candlelight_MksMakerbase/can.o (strcat)
/usr/lib/gcc/arm-none-eabi/14.2.1/../../../arm-none-eabi/lib/thumb/v7e-m/nofp/libc.a(libc_a-sprintf.o)
                              Build_STM32G431xx_Candlelight_MksMakerbase/can.o (sprintf)
/usr/lib/gcc/arm-none-eabi/14.2.1/../../../arm-none-eabi/lib/thumb/v7e-m/nofp/libc.a(libc_a-memcmp.o)
                              Build_STM32G431xx_Candlelight_MksMakerbase/error.o (memcmp)
/usr/lib/gcc/arm-none-eabi/14.2.1/../../../arm-none-eabi/lib/thumb/v7e-m/nofp/libc.a(libc_a-init.o)
                              /usr/lib/gcc/arm-none-eabi/14.2.1/../../../arm-none-eabi/lib/thumb/v7e-m/nofp/crt0.o (__libc_init_array)
/usr/lib/gcc/arm-none-eabi/14.2.1/../../../arm-none-eabi/lib/thumb/v7e-m/nofp/libc.a(libc_a-strlen.o)
                              Build_STM32G431xx_Candlelight_MksMakerbase/can.o (strlen)
/usr/lib/gcc/arm-none-eabi/14.2.1/../../../arm-none-eabi/lib/thumb/v7e-m/nofp/libc.a(libc_a-strcpy.o)
                              Build_STM32G431xx_Candlelight_MksMakerbase/utils.o (strcpy)
/usr/lib/gcc/arm-none-eabi/14.2.1/../../../arm-none-eabi/lib/thumb/v7e-m/nofp/libc.a(libc_a-svfprintf.o)
                              /usr/lib/gcc/arm-none-eabi/14.2.1/../../../arm-none-eabi/lib/thumb/v7e-m/nofp/libc.a(libc_a-sprintf.o) (_svfprintf_r)
/usr/lib/gcc/arm-none-eabi/14.2.1/../../../arm-none-eabi/lib/thumb/v7e-m/nofp/libc.a(libc_a-fini.o)
                              /usr/lib/gcc/arm-none-eabi/14.2.1/../../../arm-none-eabi/lib/thumb/v7e-m/nofp/crt0.o (__libc_fini_array)
/usr/lib/gcc/arm-none-eabi/14.2.1/../../../arm-none-eabi/lib/thumb/v7e-m/nofp/libc.a(libc_a-memchr.o)
                              /usr/lib/gcc/arm-none-eabi/14.2.1/../../../arm-none-eabi/lib/thumb/v7e-m/nofp/libc.a(libc_a-svfprintf.o) (memchr)
/usr/lib/gcc/arm-none-eabi/14.2.1/../../../arm-none-eabi/lib/thumb/v7e-m/nofp/libc.a(libc_a-memset.o)
[...]
Memory Configuration

Name             Origin             Length             Attributes
RAM              0x20000000         0x00008000         xrw
FLASH            0x08000000         0x0001f800         xr
DATA             0x0801f800         0x00000800         xr
*default*        0x00000000         0xffffffff

Linker script and memory map

LOAD /usr/lib/gcc/arm-none-eabi/14.2.1/thumb/v7e-m/nofp/crti.o
LOAD /usr/lib/gcc/arm-none-eabi/14.2.1/thumb/v7e-m/nofp/crtbegin.o
LOAD /usr/lib/gcc/arm-none-eabi/14.2.1/../../../arm-none-eabi/lib/thumb/v7e-m/nofp/crt0.o
LOAD Build_STM32G431xx_Candlelight_MksMakerbase/main.o
LOAD Build_STM32G431xx_Candlelight_MksMakerbase/system_stm32g4xx.o
LOAD Build_STM32G431xx_Candlelight_MksMakerbase/system.o
LOAD Build_STM32G431xx_Candlelight_MksMakerbase/interrupts.o
LOAD Build_STM32G431xx_Candlelight_MksMakerbase/can.o
LOAD Build_STM32G431xx_Candlelight_MksMakerbase/error.o
LOAD Build_STM32G431xx_Candlelight_MksMakerbase/led.o
LOAD Build_STM32G431xx_Candlelight_MksMakerbase/dfu.o
LOAD Build_STM32G431xx_Candlelight_MksMakerbase/utils.o
LOAD Build_STM32G431xx_Candlelight_MksMakerbase/usb_ctrlreq.o
LOAD Build_STM32G431xx_Candlelight_MksMakerbase/usb_ioreq.o
LOAD Build_STM32G431xx_Candlelight_MksMakerbase/usb_core.o
LOAD Build_STM32G431xx_Candlelight_MksMakerbase/usb_lowlevel.o
LOAD Build_STM32G431xx_Candlelight_MksMakerbase/usb_desc.o
LOAD Build_STM32G431xx_Candlelight_MksMakerbase/startup_STM32G431xx.o
LOAD Build_STM32G431xx_Candlelight_MksMakerbase/Candlelight/control.o
LOAD Build_STM32G431xx_Candlelight_MksMakerbase/Candlelight/buffer.o
LOAD Build_STM32G431xx_Candlelight_MksMakerbase/Candlelight/usb_class.o
LOAD Build_STM32G431xx_Candlelight_MksMakerbase/Candlelight/usb_interface.o
LOAD Build_STM32G431xx_Candlelight_MksMakerbase/STM32Cube/libstm32cube.a
LOAD /usr/lib/gcc/arm-none-eabi/14.2.1/../../../arm-none-eabi/lib/thumb/v7e-m/nofp/libc.a
LOAD /usr/lib/gcc/arm-none-eabi/14.2.1/../../../arm-none-eabi/lib/thumb/v7e-m/nofp/libm.a
LOAD /usr/lib/gcc/arm-none-eabi/14.2.1/../../../arm-none-eabi/lib/thumb/v7e-m/nofp/libnosys.a
START GROUP
LOAD /usr/lib/gcc/arm-none-eabi/14.2.1/thumb/v7e-m/nofp/libgcc.a
LOAD /usr/lib/gcc/arm-none-eabi/14.2.1/../../../arm-none-eabi/lib/thumb/v7e-m/nofp/libg.a
LOAD /usr/lib/gcc/arm-none-eabi/14.2.1/../../../arm-none-eabi/lib/thumb/v7e-m/nofp/libc.a
END GROUP
LOAD /usr/lib/gcc/arm-none-eabi/14.2.1/thumb/v7e-m/nofp/crtend.o
LOAD /usr/lib/gcc/arm-none-eabi/14.2.1/thumb/v7e-m/nofp/crtn.o
                0x20008000                        _estack = 0x20008000
                0x00000200                        _Min_Heap_Size = 0x200
                0x00000400                        _Min_Stack_Size = 0x400

.isr_vector     0x08000000      0x1d8
                0x08000000                        . = ALIGN (0x4)
 *(.isr_vector)
 .isr_vector    0x08000000      0x1d8 Build_STM32G431xx_Candlelight_MksMakerbase/startup_STM32G431xx.o
                0x08000000                g_pfnVectors
                0x080001d8                        . = ALIGN (0x4)

.text           0x08000200     0xc8c4
                0x08000200                        . = ALIGN (0x4)
 *(.text)
 .text          0x08000200       0x88 /usr/lib/gcc/arm-none-eabi/14.2.1/thumb/v7e-m/nofp/crtbegin.o
 .text          0x08000288      0x134 /usr/lib/gcc/arm-none-eabi/14.2.1/../../../arm-none-eabi/lib/thumb/v7e-m/nofp/libc.a(libc_a-memcpy.o)
                0x08000288                memcpy
 .text          0x080003bc       0x68 /usr/lib/gcc/arm-none-eabi/14.2.1/../../../arm-none-eabi/lib/thumb/v7e-m/nofp/libc.a(libc_a-strcat.o)
                0x080003bc                strcat
 .text          0x08000424       0x80 /usr/lib/gcc/arm-none-eabi/14.2.1/../../../arm-none-eabi/lib/thumb/v7e-m/nofp/libc.a(libc_a-sprintf.o)
                0x08000424                _sprintf_r
                0x08000460                sprintf
 .text          0x080004a4       0x5c /usr/lib/gcc/arm-none-eabi/14.2.1/../../../arm-none-eabi/lib/thumb/v7e-m/nofp/libc.a(libc_a-memcmp.o)
                0x080004a4                memcmp
 .text          0x08000500       0x50 /usr/lib/gcc/arm-none-eabi/14.2.1/../../../arm-none-eabi/lib/thumb/v7e-m/nofp/libc.a(libc_a-init.o)
                0x08000500                __libc_init_array
 *fill*         0x08000550       0x30 
 .text          0x08000580       0xd8 /usr/lib/gcc/arm-none-eabi/14.2.1/../../../arm-none-eabi/lib/thumb/v7e-m/nofp/libc.a(libc_a-strlen.o)
                0x08000580                strlen
 .text          0x08000658       0xbc /usr/lib/gcc/arm-none-eabi/14.2.1/../../../arm-none-eabi/lib/thumb/v7e-m/nofp/libc.a(libc_a-strcpy.o)
                0x08000658                strcpy
 .text          0x08000714     0x1a44 /usr/lib/gcc/arm-none-eabi/14.2.1/../../../arm-none-eabi/lib/thumb/v7e-m/nofp/libc.a(libc_a-svfprintf.o)
                0x08000714                _svfprintf_r
 .text          0x08002158       0x28 /usr/lib/gcc/arm-none-eabi/14.2.1/../../../arm-none-eabi/lib/thumb/v7e-m/nofp/libc.a(libc_a-fini.o)
                0x08002158                __libc_fini_array
 .text          0x08002180       0xa0 /usr/lib/gcc/arm-none-eabi/14.2.1/../../../arm-none-eabi/lib/thumb/v7e-m/nofp/libc.a(libc_a-memchr.o)
                0x08002180                memchr
 .text          0x08002220       0x9c /usr/lib/gcc/arm-none-eabi/14.2.1/../../../arm-none-eabi/lib/thumb/v7e-m/nofp/libc.a(libc_a-memset.o)
                0x08002220                memset
 .text          0x080022bc        0xc /usr/lib/gcc/arm-none-eabi/14.2.1/../../../arm-none-eabi/lib/thumb/v7e-m/nofp/libc.a(libc_a-atexit.o)
                0x080022bc                atexit
 .text          0x080022c8       0x58 /usr/lib/gcc/arm-none-eabi/14.2.1/../../../arm-none-eabi/lib/thumb/v7e-m/nofp/libc.a(libc_a-ssprint_r.o)
                0x080022c8                __ssprint_r
 .text          0x08002320      0x224 /usr/lib/gcc/arm-none-eabi/14.2.1/../../../arm-none-eabi/lib/thumb/v7e-m/nofp/libc.a(libc_a-findfp.o)
                0x08002450                __sfp
                0x080024f4                __sinit
                0x08002514                __sfp_lock_acquire
                0x08002518                __sfp_lock_release
                0x0800251c                __fp_lock_all
                0x08002530                __fp_unlock_all
 .text          0x08002544       0x44 /usr/lib/gcc/arm-none-eabi/14.2.1/../../../arm-none-eabi/lib/thumb/v7e-m/nofp/libc.a(libc_a-fwalk.o)
                0x08002544                _fwalk_sglue
 .text          0x08002588       0x14 /usr/lib/gcc/arm-none-eabi/14.2.1/../../../arm-none-eabi/lib/thumb/v7e-m/nofp/libc.a(libc_a-localeconv.o)
                0x08002588                __localeconv_l
                0x0800258c                _localeconv_r
                0x08002594                localeconv
 .text          0x0800259c      0x590 /usr/lib/gcc/arm-none-eabi/14.2.1/../../../arm-none-eabi/lib/thumb/v7e-m/nofp/libc.a(libc_a-mallocr.o)
                0x0800259c                _malloc_r
 *fill*         0x08002b2c        0x4 
 .text          0x08002b30     0x1174 /usr/lib/gcc/arm-none-eabi/14.2.1/../../../arm-none-eabi/lib/thumb/v7e-m/nofp/libc.a(libc_a-dtoa.o)
                0x08002c5c                _dtoa_r
 .text          0x08003ca4       0x24 /usr/lib/gcc/arm-none-eabi/14.2.1/../../../arm-none-eabi/lib/thumb/v7e-m/nofp/libc.a(libc_a-sbrkr.o)
                0x08003ca4                _sbrk_r
 .text          0x08003cc8      0x2a8 /usr/lib/gcc/arm-none-eabi/14.2.1/../../../arm-none-eabi/lib/thumb/v7e-m/nofp/libc.a(libc_a-freer.o)
                0x08003cc8                _malloc_trim_r
                0x08003d80                _free_r
 .text          0x08003f70       0x64 /usr/lib/gcc/arm-none-eabi/14.2.1/../../../arm-none-eabi/lib/thumb/v7e-m/nofp/libc.a(libc_a-__atexit.o)
                0x08003f70                __register_exitproc
 .text          0x08003fd4       0xc0 /usr/lib/gcc/arm-none-eabi/14.2.1/../../../arm-none-eabi/lib/thumb/v7e-m/nofp/libc.a(libc_a-ssputs_r.o)
                0x08003fd4                __ssputs_r
 .text          0x08004094        0x8 /usr/lib/gcc/arm-none-eabi/14.2.1/../../../arm-none-eabi/lib/thumb/v7e-m/nofp/libc.a(libc_a-mlock.o)
                0x08004094                __malloc_lock
                0x08004098                __malloc_unlock
 .text          0x0800409c       0x94 /usr/lib/gcc/arm-none-eabi/14.2.1/../../../arm-none-eabi/lib/thumb/v7e-m/nofp/libc.a(libc_a-stdio.o)
                0x0800409c                __sread
                0x080040c0                __seofread
                0x080040c4                __swrite
                0x08004104                __sseek
                0x08004128                __sclose
 .text          0x08004130      0x130 /usr/lib/gcc/arm-none-eabi/14.2.1/../../../arm-none-eabi/lib/thumb/v7e-m/nofp/libc.a(libc_a-memmove.o)
                0x08004130                memmove
 .text          0x08004260       0x4c /usr/lib/gcc/arm-none-eabi/14.2.1/../../../arm-none-eabi/lib/thumb/v7e-m/nofp/libc.a(libc_a-assert.o)
                0x08004260                __assert_func
                0x080042a0                __assert
 .text          0x080042ac      0xab8 /usr/lib/gcc/arm-none-eabi/14.2.1/../../../arm-none-eabi/lib/thumb/v7e-m/nofp/libc.a(libc_a-mprec.o)
                0x080042ac                _Balloc
                0x080042f8                _Bfree
                0x0800430c                __multadd
                0x080043ac                __s2b
                0x08004460                __hi0bits
                0x080044b4                __lo0bits
                0x08004534                __i2b
                0x08004590                __multiply
                0x080046fc                __pow5mult
                0x080047bc                __lshift
                0x080048a4                __mcmp
                0x080048e4                __mdiff
                0x08004a58                __ulp
                0x08004aa4                __b2d
                0x08004b64                __d2b
                0x08004c1c                __ratio
                0x08004c78                _mprec_log10
                0x08004cb0                __copybits
                0x08004d0c                __any_on
 .text          0x08004d64       0xa0 /usr/lib/gcc/arm-none-eabi/14.2.1/../../../arm-none-eabi/lib/thumb/v7e-m/nofp/libc.a(libc_a-fclose.o)
                0x08004d64                _fclose_r
                0x08004df4                fclose
 .text          0x08004e04       0x44 /usr/lib/gcc/arm-none-eabi/14.2.1/../../../arm-none-eabi/lib/thumb/v7e-m/nofp/libc.a(libc_a-fiprintf.o)
                0x08004e04                _fiprintf_r
                0x08004e20                fiprintf
 .text          0x08004e48       0x2c /usr/lib/gcc/arm-none-eabi/14.2.1/../../../arm-none-eabi/lib/thumb/v7e-m/nofp/libc.a(libc_a-readr.o)
                0x08004e48                _read_r
 .text          0x08004e74       0x1c /usr/lib/gcc/arm-none-eabi/14.2.1/../../../arm-none-eabi/lib/thumb/v7e-m/nofp/libc.a(libc_a-sysconf.o)
                0x08004e74                sysconf
 .text          0x08004e90       0x40 /usr/lib/gcc/arm-none-eabi/14.2.1/../../../arm-none-eabi/lib/thumb/v7e-m/nofp/libc.a(libc_a-mbtowc_r.o)
                0x08004e90                _mbtowc_r
                0x08004ea4                __ascii_mbtowc
 .text          0x08004ed0        0xc /usr/lib/gcc/arm-none-eabi/14.2.1/../../../arm-none-eabi/lib/thumb/v7e-m/nofp/libc.a(libc_a-errno.o)
                0x08004ed0                __errno
 .text          0x08004edc       0x2c /usr/lib/gcc/arm-none-eabi/14.2.1/../../../arm-none-eabi/lib/thumb/v7e-m/nofp/libc.a(libc_a-writer.o)
                0x08004edc                _write_r
 .text          0x08004f08       0x24 /usr/lib/gcc/arm-none-eabi/14.2.1/../../../arm-none-eabi/lib/thumb/v7e-m/nofp/libc.a(libc_a-closer.o)
                0x08004f08                _close_r
 .text          0x08004f2c       0x10 /usr/lib/gcc/arm-none-eabi/14.2.1/../../../arm-none-eabi/lib/thumb/v7e-m/nofp/libc.a(libc_a-abort.o)
                0x08004f2c                abort
 .text          0x08004f3c       0x6c /usr/lib/gcc/arm-none-eabi/14.2.1/../../../arm-none-eabi/lib/thumb/v7e-m/nofp/libc.a(libc_a-callocr.o)
                0x08004f3c                _calloc_r
 .text          0x08004fa8       0x30 /usr/lib/gcc/arm-none-eabi/14.2.1/../../../arm-none-eabi/lib/thumb/v7e-m/nofp/libc.a(libc_a-wctomb_r.o)
                0x08004fa8                _wctomb_r
                0x08004fbc                __ascii_wctomb
 .text          0x08004fd8      0x198 /usr/lib/gcc/arm-none-eabi/14.2.1/../../../arm-none-eabi/lib/thumb/v7e-m/nofp/libc.a(libc_a-fflush.o)
                0x08004fd8                __sflush_r
                0x080050fc                _fflush_r
                0x08005128                fflush
 .text          0x08005170      0x348 /usr/lib/gcc/arm-none-eabi/14.2.1/../../../arm-none-eabi/lib/thumb/v7e-m/nofp/libc.a(libc_a-reallocr.o)
                0x08005170                _realloc_r
 .text          0x080054b8       0x2c /usr/lib/gcc/arm-none-eabi/14.2.1/../../../arm-none-eabi/lib/thumb/v7e-m/nofp/libc.a(libc_a-lseekr.o)
                0x080054b8                _lseek_r
 .text          0x080054e4      0x27c /usr/lib/gcc/arm-none-eabi/14.2.1/../../../arm-none-eabi/lib/thumb/v7e-m/nofp/libc.a(libc_a-signal.o)
                0x080054e4                _init_signal_r
                0x08005514                _signal_r
                0x08005564                _raise_r
                0x080055b8                __sigtramp_r
                0x0800561c                raise
                0x08005674                signal
                0x080056c4                _init_signal
                0x080056fc                __sigtramp
 .text          0x08005760      0xdf4 /usr/lib/gcc/arm-none-eabi/14.2.1/../../../arm-none-eabi/lib/thumb/v7e-m/nofp/libc.a(libc_a-vfiprintf.o)
                0x08005760                _vfiprintf_r
                0x080064d0                vfiprintf
 .text          0x08006554       0x20 /usr/lib/gcc/arm-none-eabi/14.2.1/../../../arm-none-eabi/lib/thumb/v7e-m/nofp/libc.a(libc_a-sprint_r.o)
                0x08006554                __sprint_r
 .text          0x08006574       0x30 /usr/lib/gcc/arm-none-eabi/14.2.1/../../../arm-none-eabi/lib/thumb/v7e-m/nofp/libc.a(libc_a-signalr.o)
                0x08006574                _kill_r
                0x080065a0                _getpid_r
 .text          0x080065a4       0xfc /usr/lib/gcc/arm-none-eabi/14.2.1/../../../arm-none-eabi/lib/thumb/v7e-m/nofp/libc.a(libc_a-wsetup.o)
                0x080065a4                __swsetup_r
 .text          0x080066a0      0x2d8 /usr/lib/gcc/arm-none-eabi/14.2.1/../../../arm-none-eabi/lib/thumb/v7e-m/nofp/libc.a(libc_a-fvwrite.o)
                0x080066a0                __sfvwrite_r
 .text          0x08006978      0x130 /usr/lib/gcc/arm-none-eabi/14.2.1/../../../arm-none-eabi/lib/thumb/v7e-m/nofp/libc.a(libc_a-makebuf.o)
                0x08006978                __smakebuf_r
                0x08006a48                __swhatbuf_r
 .text          0x08006aa8       0x2c /usr/lib/gcc/arm-none-eabi/14.2.1/../../../arm-none-eabi/lib/thumb/v7e-m/nofp/libc.a(libc_a-fstatr.o)
                0x08006aa8                _fstat_r
 .text          0x08006ad4       0x24 /usr/lib/gcc/arm-none-eabi/14.2.1/../../../arm-none-eabi/lib/thumb/v7e-m/nofp/libc.a(libc_a-isattyr.o)
                0x08006ad4                _isatty_r
 .text          0x08006af8       0x10 /usr/lib/gcc/arm-none-eabi/14.2.1/../../../arm-none-eabi/lib/thumb/v7e-m/nofp/libnosys.a(close.o)
                0x08006af8                _close
 .text          0x08006b08       0x10 /usr/lib/gcc/arm-none-eabi/14.2.1/../../../arm-none-eabi/lib/thumb/v7e-m/nofp/libnosys.a(fstat.o)
                0x08006b08                _fstat
 .text          0x08006b18       0x10 /usr/lib/gcc/arm-none-eabi/14.2.1/../../../arm-none-eabi/lib/thumb/v7e-m/nofp/libnosys.a(getpid.o)
                0x08006b18                _getpid
 .text          0x08006b28       0x10 /usr/lib/gcc/arm-none-eabi/14.2.1/../../../arm-none-eabi/lib/thumb/v7e-m/nofp/libnosys.a(isatty.o)
                0x08006b28                _isatty
 .text          0x08006b38       0x10 /usr/lib/gcc/arm-none-eabi/14.2.1/../../../arm-none-eabi/lib/thumb/v7e-m/nofp/libnosys.a(kill.o)
                0x08006b38                _kill
 .text          0x08006b48       0x10 /usr/lib/gcc/arm-none-eabi/14.2.1/../../../arm-none-eabi/lib/thumb/v7e-m/nofp/libnosys.a(lseek.o)
                0x08006b48                _lseek
 .text          0x08006b58       0x10 /usr/lib/gcc/arm-none-eabi/14.2.1/../../../arm-none-eabi/lib/thumb/v7e-m/nofp/libnosys.a(read.o)
                0x08006b58                _read
 .text          0x08006b68       0x1c /usr/lib/gcc/arm-none-eabi/14.2.1/../../../arm-none-eabi/lib/thumb/v7e-m/nofp/libnosys.a(sbrk.o)
                0x08006b68                _sbrk
 .text          0x08006b84       0x10 /usr/lib/gcc/arm-none-eabi/14.2.1/../../../arm-none-eabi/lib/thumb/v7e-m/nofp/libnosys.a(write.o)
                0x08006b84                _write
 .text          0x08006b94        0x4 /usr/lib/gcc/arm-none-eabi/14.2.1/../../../arm-none-eabi/lib/thumb/v7e-m/nofp/libnosys.a(_exit.o)
                0x08006b94                _exit
 .text          0x08006b98      0x378 /usr/lib/gcc/arm-none-eabi/14.2.1/thumb/v7e-m/nofp/libgcc.a(_arm_addsubdf3.o)
                0x08006b98                __aeabi_drsub
                0x08006ba0                __aeabi_dsub
                0x08006ba0                __subdf3
                0x08006ba4                __adddf3
                0x08006ba4                __aeabi_dadd
                0x08006e1c                __aeabi_ui2d
                0x08006e1c                __floatunsidf
                0x08006e3c                __floatsidf
                0x08006e3c                __aeabi_i2d
                0x08006e60                __extendsfdf2
                0x08006e60                __aeabi_f2d
                0x08006ea4                __aeabi_ul2d
                0x08006ea4                __floatundidf
                0x08006eb4                __floatdidf
                0x08006eb4                __aeabi_l2d
 .text          0x08006f10      0x424 /usr/lib/gcc/arm-none-eabi/14.2.1/thumb/v7e-m/nofp/libgcc.a(_arm_muldivdf3.o)
                0x08006f10                __aeabi_dmul
                0x08006f10                __muldf3
                0x08007164                __aeabi_ddiv
                0x08007164                __divdf3
 .text          0x08007334      0x110 /usr/lib/gcc/arm-none-eabi/14.2.1/thumb/v7e-m/nofp/libgcc.a(_arm_cmpdf2.o)
                0x08007334                __gtdf2
                0x08007334                __gedf2
                0x0800733c                __ltdf2
                0x0800733c                __ledf2
                0x08007344                __cmpdf2
                0x08007344                __eqdf2
                0x08007344                __nedf2
                0x080073c0                __aeabi_cdrcmple
                0x080073d0                __aeabi_cdcmple
                0x080073d0                __aeabi_cdcmpeq
                0x080073e0                __aeabi_dcmpeq
                0x080073f4                __aeabi_dcmplt
                0x08007408                __aeabi_dcmple
                0x0800741c                __aeabi_dcmpge
                0x08007430                __aeabi_dcmpgt
 .text          0x08007444       0x2c /usr/lib/gcc/arm-none-eabi/14.2.1/thumb/v7e-m/nofp/libgcc.a(_arm_unorddf2.o)
                0x08007444                __aeabi_dcmpun
                0x08007444                __unorddf2
 .text          0x08007470       0x50 /usr/lib/gcc/arm-none-eabi/14.2.1/thumb/v7e-m/nofp/libgcc.a(_arm_fixdfsi.o)
                0x08007470                __fixdfsi
                0x08007470                __aeabi_d2iz
 *(.text*)
 .text.startup.main
                0x080074c0       0x90 Build_STM32G431xx_Candlelight_MksMakerbase/main.o
                0x080074c0                main
 .text.SystemInit
                0x08007550       0x10 Build_STM32G431xx_Candlelight_MksMakerbase/system_stm32g4xx.o
                0x08007550                SystemInit
 .text.system_get_mcu_serie
                0x08007560       0x3e Build_STM32G431xx_Candlelight_MksMakerbase/system.o
                0x08007560                system_get_mcu_serie
 *fill*         0x0800759e        0x2 
 .text.system_get_can_clock
                0x080075a0        0xc Build_STM32G431xx_Candlelight_MksMakerbase/system.o
                0x080075a0                system_get_can_clock
 .text.system_init_timestamp
                0x080075ac       0x5c Build_STM32G431xx_Candlelight_MksMakerbase/system.o
                0x080075ac                system_init_timestamp
 .text.system_is_option_enabled
                0x08007608       0x52 Build_STM32G431xx_Candlelight_MksMakerbase/system.o
                0x08007608                system_is_option_enabled
 *fill*         0x0800765a        0x2 
 .text.system_set_option_bytes
                0x0800765c       0xa8 Build_STM32G431xx_Candlelight_MksMakerbase/system.o
                0x0800765c                system_set_option_bytes
 .text.system_init
                0x08007704      0x140 Build_STM32G431xx_Candlelight_MksMakerbase/system.o
                0x08007704                system_init
 .text.NMI_Handler
                0x08007844        0x2 Build_STM32G431xx_Candlelight_MksMakerbase/interrupts.o
                0x08007844                NMI_Handler
 .text.HardFault_Handler
                0x08007846        0x2 Build_STM32G431xx_Candlelight_MksMakerbase/interrupts.o
                0x08007846                HardFault_Handler
 .text.MemManage_Handler
                0x08007848        0x2 Build_STM32G431xx_Candlelight_MksMakerbase/interrupts.o
                0x08007848                MemManage_Handler
 .text.BusFault_Handler
                0x0800784a        0x2 Build_STM32G431xx_Candlelight_MksMakerbase/interrupts.o
                0x0800784a                BusFault_Handler
 .text.UsageFault_Handler
                0x0800784c        0x2 Build_STM32G431xx_Candlelight_MksMakerbase/interrupts.o
                0x0800784c                UsageFault_Handler
 .text.SVC_Handler
                0x0800784e        0x2 Build_STM32G431xx_Candlelight_MksMakerbase/interrupts.o
                0x0800784e                SVC_Handler
 .text.DebugMon_Handler
                0x08007850        0x2 Build_STM32G431xx_Candlelight_MksMakerbase/interrupts.o
                0x08007850                DebugMon_Handler
 .text.PendSV_Handler
                0x08007852        0x2 Build_STM32G431xx_Candlelight_MksMakerbase/interrupts.o
                0x08007852                PendSV_Handler
 .text.USB_LP_IRQHandler
                0x08007854        0xc Build_STM32G431xx_Candlelight_MksMakerbase/interrupts.o
                0x08007854                USB_LP_IRQHandler
 .text.USB_HP_IRQHandler
                0x08007860        0x4 Build_STM32G431xx_Candlelight_MksMakerbase/interrupts.o
                0x08007860                USB_HP_IRQHandler
 .text.SysTick_Handler
                0x08007864        0xe Build_STM32G431xx_Candlelight_MksMakerbase/interrupts.o
                0x08007864                SysTick_Handler
 *fill*         0x08007872        0x2 
 .text.can_reset
                0x08007874       0x54 Build_STM32G431xx_Candlelight_MksMakerbase/can.o
                0x08007874                can_reset
 .text.can_init
                0x080078c8       0xa4 Build_STM32G431xx_Candlelight_MksMakerbase/can.o
                0x080078c8                can_init
 .text.can_close
                0x0800796c       0x44 Build_STM32G431xx_Candlelight_MksMakerbase/can.o
                0x0800796c                can_close
 .text.can_timer_100ms
                0x080079b0       0xa4 Build_STM32G431xx_Candlelight_MksMakerbase/can.o
                0x080079b0                can_timer_100ms
 .text.can_set_nom_bit_timing
                0x08007a54       0x40 Build_STM32G431xx_Candlelight_MksMakerbase/can.o
                0x08007a54                can_set_nom_bit_timing
 .text.can_set_data_bit_timing
                0x08007a94       0x40 Build_STM32G431xx_Candlelight_MksMakerbase/can.o
                0x08007a94                can_set_data_bit_timing
 .text.can_print_info
                0x08007ad4       0xa8 Build_STM32G431xx_Candlelight_MksMakerbase/can.o
                0x08007ad4                can_print_info
 .text.can_apply_filters
                0x08007b7c       0x3c Build_STM32G431xx_Candlelight_MksMakerbase/can.o
                0x08007b7c                can_apply_filters
 .text.can_set_mask_filter
                0x08007bb8       0xb0 Build_STM32G431xx_Candlelight_MksMakerbase/can.o
                0x08007bb8                can_set_mask_filter
 .text.can_clear_filters
                0x08007c68       0x24 Build_STM32G431xx_Candlelight_MksMakerbase/can.o
                0x08007c68                can_clear_filters
 .text.can_set_termination
                0x08007c8c        0x4 Build_STM32G431xx_Candlelight_MksMakerbase/can.o
                0x08007c8c                can_set_termination
 .text.can_get_termination
                0x08007c90        0x4 Build_STM32G431xx_Candlelight_MksMakerbase/can.o
                0x08007c90                can_get_termination
 .text.can_enable_busload
                0x08007c94       0x14 Build_STM32G431xx_Candlelight_MksMakerbase/can.o
                0x08007c94                can_enable_busload
 .text.can_is_opened
                0x08007ca8        0xc Build_STM32G431xx_Candlelight_MksMakerbase/can.o
                0x08007ca8                can_is_opened
 .text.can_is_passive
                0x08007cb4        0xc Build_STM32G431xx_Candlelight_MksMakerbase/can.o
                0x08007cb4                can_is_passive
 .text.can_using_FD
                0x08007cc0       0x10 Build_STM32G431xx_Candlelight_MksMakerbase/can.o
                0x08007cc0                can_using_FD
 .text.can_using_BRS
                0x08007cd0       0x4c Build_STM32G431xx_Candlelight_MksMakerbase/can.o
                0x08007cd0                can_using_BRS
 .text.can_open
                0x08007d1c      0x1dc Build_STM32G431xx_Candlelight_MksMakerbase/can.o
                0x08007d1c                can_open
 .text.can_send_packet
                0x08007ef8       0x58 Build_STM32G431xx_Candlelight_MksMakerbase/can.o
                0x08007ef8                can_send_packet
 .text.can_is_tx_allowed
                0x08007f50       0x30 Build_STM32G431xx_Candlelight_MksMakerbase/can.o
                0x08007f50                can_is_tx_allowed
 .text.can_get_handle
                0x08007f80        0x8 Build_STM32G431xx_Candlelight_MksMakerbase/can.o
                0x08007f80                can_get_handle
 .text.can_calc_bit_count_in_frame
                0x08007f88       0xb4 Build_STM32G431xx_Candlelight_MksMakerbase/can.o
                0x08007f88                can_calc_bit_count_in_frame
 .text.can_process
                0x0800803c      0x1e0 Build_STM32G431xx_Candlelight_MksMakerbase/can.o
                0x0800803c                can_process
 .text.error_init
                0x0800821c       0x18 Build_STM32G431xx_Candlelight_MksMakerbase/error.o
                0x0800821c                error_init
 .text.error_assert
                0x08008234       0x1c Build_STM32G431xx_Candlelight_MksMakerbase/error.o
                0x08008234                error_assert
 .text.error_get_state
                0x08008250        0x8 Build_STM32G431xx_Candlelight_MksMakerbase/error.o
                0x08008250                error_get_state
 .text.error_is_report_due
                0x08008258       0xf0 Build_STM32G431xx_Candlelight_MksMakerbase/error.o
                0x08008258                error_is_report_due
 .text.error_clear
                0x08008348       0x10 Build_STM32G431xx_Candlelight_MksMakerbase/error.o
                0x08008348                error_clear
 .text.led_init
                0x08008358       0x7c Build_STM32G431xx_Candlelight_MksMakerbase/led.o
                0x08008358                led_init
 .text.led_sleep
                0x080083d4       0x20 Build_STM32G431xx_Candlelight_MksMakerbase/led.o
                0x080083d4                led_sleep
 .text.led_blink_power_on
                0x080083f4       0x4e Build_STM32G431xx_Candlelight_MksMakerbase/led.o
                0x080083f4                led_blink_power_on
 *fill*         0x08008442        0x2 
 .text.led_blink_identify
                0x08008444       0x38 Build_STM32G431xx_Candlelight_MksMakerbase/led.o
                0x08008444                led_blink_identify
 .text.led_turn_TX
                0x0800847c       0x18 Build_STM32G431xx_Candlelight_MksMakerbase/led.o
                0x0800847c                led_turn_TX
 .text.led_flash_TX
                0x08008494       0x3c Build_STM32G431xx_Candlelight_MksMakerbase/led.o
                0x08008494                led_flash_TX
 .text.led_flash_RX
                0x080084d0       0x40 Build_STM32G431xx_Candlelight_MksMakerbase/led.o
                0x080084d0                led_flash_RX
 .text.led_process
                0x08008510      0x114 Build_STM32G431xx_Candlelight_MksMakerbase/led.o
                0x08008510                led_process
 .text.dfu_switch_to_bootloader
                0x08008624       0x54 Build_STM32G431xx_Candlelight_MksMakerbase/dfu.o
                0x08008624                dfu_switch_to_bootloader
 .text.dfu_timer_100ms
                0x08008678       0x3c Build_STM32G431xx_Candlelight_MksMakerbase/dfu.o
                0x08008678                dfu_timer_100ms
 .text.utils_init
                0x080086b4       0xc4 Build_STM32G431xx_Candlelight_MksMakerbase/utils.o
                0x080086b4                utils_init
 .text.utils_get_bit_limits
                0x08008778        0x8 Build_STM32G431xx_Candlelight_MksMakerbase/utils.o
                0x08008778                utils_get_bit_limits
 .text.utils_get_MCU_name
                0x08008780        0x8 Build_STM32G431xx_Candlelight_MksMakerbase/utils.o
                0x08008780                utils_get_MCU_name
 .text.utils_mem_is_empty
                0x08008788       0x16 Build_STM32G431xx_Candlelight_MksMakerbase/utils.o
                0x08008788                utils_mem_is_empty
 *fill*         0x0800879e        0x2 
 .text.utils_dlc_to_byte_count
                0x080087a0       0x1c Build_STM32G431xx_Candlelight_MksMakerbase/utils.o
                0x080087a0                utils_dlc_to_byte_count
 .text.utils_byte_count_to_dlc
                0x080087bc       0x3c Build_STM32G431xx_Candlelight_MksMakerbase/utils.o
                0x080087bc                utils_byte_count_to_dlc
 .text.utils_format_bitrate
                0x080087f8       0xc4 Build_STM32G431xx_Candlelight_MksMakerbase/utils.o
                0x080087f8                utils_format_bitrate
 .text.USBD_CtlError.constprop.0
                0x080088bc       0x16 Build_STM32G431xx_Candlelight_MksMakerbase/usb_ctrlreq.o
 *fill*         0x080088d2        0x2 
 .text.USBD_StdDevReq
                0x080088d4      0x244 Build_STM32G431xx_Candlelight_MksMakerbase/usb_ctrlreq.o
                0x080088d4                USBD_StdDevReq
 .text.USBD_StdItfReq
                0x08008b18       0x48 Build_STM32G431xx_Candlelight_MksMakerbase/usb_ctrlreq.o
                0x08008b18                USBD_StdItfReq
 .text.USBD_StdEPReq
                0x08008b60      0x114 Build_STM32G431xx_Candlelight_MksMakerbase/usb_ctrlreq.o
                0x08008b60                USBD_StdEPReq
 .text.USBD_ParseSetupRequest
                0x08008c74       0x16 Build_STM32G431xx_Candlelight_MksMakerbase/usb_ctrlreq.o
                0x08008c74                USBD_ParseSetupRequest
 .text.USBD_CtlError
                0x08008c8a       0x16 Build_STM32G431xx_Candlelight_MksMakerbase/usb_ctrlreq.o
                0x08008c8a                USBD_CtlError
 .text.USBD_GetString
                0x08008ca0       0x38 Build_STM32G431xx_Candlelight_MksMakerbase/usb_ctrlreq.o
                0x08008ca0                USBD_GetString
 .text.USBD_CtlSendData
                0x08008cd8       0x1a Build_STM32G431xx_Candlelight_MksMakerbase/usb_ioreq.o
                0x08008cd8                USBD_CtlSendData
 .text.USBD_CtlContinueSendData
                0x08008cf2       0x10 Build_STM32G431xx_Candlelight_MksMakerbase/usb_ioreq.o
                0x08008cf2                USBD_CtlContinueSendData
 .text.USBD_CtlPrepareRx
                0x08008d02       0x1a Build_STM32G431xx_Candlelight_MksMakerbase/usb_ioreq.o
                0x08008d02                USBD_CtlPrepareRx
 .text.USBD_CtlContinueRx
                0x08008d1c       0x10 Build_STM32G431xx_Candlelight_MksMakerbase/usb_ioreq.o
                0x08008d1c                USBD_CtlContinueRx
 .text.USBD_CtlSendStatus
                0x08008d2c       0x16 Build_STM32G431xx_Candlelight_MksMakerbase/usb_ioreq.o
                0x08008d2c                USBD_CtlSendStatus
 .text.USBD_CtlReceiveStatus
                0x08008d42       0x16 Build_STM32G431xx_Candlelight_MksMakerbase/usb_ioreq.o
                0x08008d42                USBD_CtlReceiveStatus
 .text.USBD_Init
                0x08008d58       0x40 Build_STM32G431xx_Candlelight_MksMakerbase/usb_core.o
                0x08008d58                USBD_Init
 .text.USBD_SetClassConfig
                0x08008d98       0x1a Build_STM32G431xx_Candlelight_MksMakerbase/usb_core.o
                0x08008d98                USBD_SetClassConfig
 .text.USBD_ClrClassConfig
                0x08008db2        0xe Build_STM32G431xx_Candlelight_MksMakerbase/usb_core.o
                0x08008db2                USBD_ClrClassConfig
 .text.USBD_LL_SetupStage
                0x08008dc0       0x5a Build_STM32G431xx_Candlelight_MksMakerbase/usb_core.o
                0x08008dc0                USBD_LL_SetupStage
 .text.USBD_LL_DataOutStage
                0x08008e1a       0x70 Build_STM32G431xx_Candlelight_MksMakerbase/usb_core.o
                0x08008e1a                USBD_LL_DataOutStage
 .text.USBD_LL_DataInStage
                0x08008e8a       0xb8 Build_STM32G431xx_Candlelight_MksMakerbase/usb_core.o
                0x08008e8a                USBD_LL_DataInStage
 .text.USBD_LL_Reset
                0x08008f42       0x4e Build_STM32G431xx_Candlelight_MksMakerbase/usb_core.o
                0x08008f42                USBD_LL_Reset
 .text.USBD_LL_SetSpeed
                0x08008f90        0x6 Build_STM32G431xx_Candlelight_MksMakerbase/usb_core.o
                0x08008f90                USBD_LL_SetSpeed
 .text.USBD_LL_Suspend
                0x08008f96       0x12 Build_STM32G431xx_Candlelight_MksMakerbase/usb_core.o
                0x08008f96                USBD_LL_Suspend
 .text.USBD_LL_Resume
                0x08008fa8       0x14 Build_STM32G431xx_Candlelight_MksMakerbase/usb_core.o
                0x08008fa8                USBD_LL_Resume
 .text.USBD_LL_SOF
                0x08008fbc       0x18 Build_STM32G431xx_Candlelight_MksMakerbase/usb_core.o
                0x08008fbc                USBD_LL_SOF
 .text.HAL_PCD_MspInit
                0x08008fd4       0x40 Build_STM32G431xx_Candlelight_MksMakerbase/usb_lowlevel.o
                0x08008fd4                HAL_PCD_MspInit
 .text.HAL_PCD_SetupStageCallback
                0x08009014       0x1c Build_STM32G431xx_Candlelight_MksMakerbase/usb_lowlevel.o
                0x08009014                HAL_PCD_SetupStageCallback
 .text.HAL_PCD_DataOutStageCallback
                0x08009030       0x10 Build_STM32G431xx_Candlelight_MksMakerbase/usb_lowlevel.o
                0x08009030                HAL_PCD_DataOutStageCallback
 .text.HAL_PCD_DataInStageCallback
                0x08009040        0xe Build_STM32G431xx_Candlelight_MksMakerbase/usb_lowlevel.o
                0x08009040                HAL_PCD_DataInStageCallback
 .text.HAL_PCD_SOFCallback
                0x0800904e        0x8 Build_STM32G431xx_Candlelight_MksMakerbase/usb_lowlevel.o
                0x0800904e                HAL_PCD_SOFCallback
 .text.HAL_PCD_ResetCallback
                0x08009056       0x1a Build_STM32G431xx_Candlelight_MksMakerbase/usb_lowlevel.o
                0x08009056                HAL_PCD_ResetCallback
 .text.HAL_PCD_SuspendCallback
                0x08009070       0x30 Build_STM32G431xx_Candlelight_MksMakerbase/usb_lowlevel.o
                0x08009070                HAL_PCD_SuspendCallback
 .text.HAL_PCD_ResumeCallback
                0x080090a0       0x28 Build_STM32G431xx_Candlelight_MksMakerbase/usb_lowlevel.o
                0x080090a0                HAL_PCD_ResumeCallback
 .text.HAL_PCD_Is_Suspended
                0x080090c8        0xc Build_STM32G431xx_Candlelight_MksMakerbase/usb_lowlevel.o
                0x080090c8                HAL_PCD_Is_Suspended
 .text.USBD_LL_Init
                0x080090d4       0x40 Build_STM32G431xx_Candlelight_MksMakerbase/usb_lowlevel.o
                0x080090d4                USBD_LL_Init
 .text.USBD_LL_IsStallEP
                0x08009114       0x20 Build_STM32G431xx_Candlelight_MksMakerbase/usb_lowlevel.o
                0x08009114                USBD_LL_IsStallEP
 .text.ConvStatus
                0x08009134        0xc Build_STM32G431xx_Candlelight_MksMakerbase/usb_lowlevel.o
                0x08009134                ConvStatus
 .text.USBD_LL_Start
                0x08009140       0x12 Build_STM32G431xx_Candlelight_MksMakerbase/usb_lowlevel.o
                0x08009140                USBD_LL_Start
 .text.USBD_LL_OpenEP
                0x08009152       0x18 Build_STM32G431xx_Candlelight_MksMakerbase/usb_lowlevel.o
                0x08009152                USBD_LL_OpenEP
 .text.USBD_LL_CloseEP
                0x0800916a       0x12 Build_STM32G431xx_Candlelight_MksMakerbase/usb_lowlevel.o
                0x0800916a                USBD_LL_CloseEP
 .text.USBD_LL_StallEP
                0x0800917c       0x12 Build_STM32G431xx_Candlelight_MksMakerbase/usb_lowlevel.o
                0x0800917c                USBD_LL_StallEP
 .text.USBD_LL_ClearStallEP
                0x0800918e       0x12 Build_STM32G431xx_Candlelight_MksMakerbase/usb_lowlevel.o
                0x0800918e                USBD_LL_ClearStallEP
 .text.USBD_LL_SetUSBAddress
                0x080091a0       0x12 Build_STM32G431xx_Candlelight_MksMakerbase/usb_lowlevel.o
                0x080091a0                USBD_LL_SetUSBAddress
 .text.USBD_LL_Transmit
                0x080091b2       0x12 Build_STM32G431xx_Candlelight_MksMakerbase/usb_lowlevel.o
                0x080091b2                USBD_LL_Transmit
 .text.USBD_LL_PrepareReceive
                0x080091c4       0x12 Build_STM32G431xx_Candlelight_MksMakerbase/usb_lowlevel.o
                0x080091c4                USBD_LL_PrepareReceive
 *fill*         0x080091d6        0x2 
 .text.USBD_DeviceDescriptor
                0x080091d8        0xc Build_STM32G431xx_Candlelight_MksMakerbase/usb_desc.o
                0x080091d8                USBD_DeviceDescriptor
 .text.USBD_LangIDStrDescriptor
                0x080091e4        0xc Build_STM32G431xx_Candlelight_MksMakerbase/usb_desc.o
                0x080091e4                USBD_LangIDStrDescriptor
 .text.USBD_ProductStrDescriptor
                0x080091f0       0x18 Build_STM32G431xx_Candlelight_MksMakerbase/usb_desc.o
                0x080091f0                USBD_ProductStrDescriptor
 .text.USBD_ManufacturerStrDescriptor
                0x08009208       0x18 Build_STM32G431xx_Candlelight_MksMakerbase/usb_desc.o
                0x08009208                USBD_ManufacturerStrDescriptor
 .text.USBD_ConfigStrDescriptor
                0x08009220       0x18 Build_STM32G431xx_Candlelight_MksMakerbase/usb_desc.o
                0x08009220                USBD_ConfigStrDescriptor
 .text.USBD_SerialStrDescriptor
                0x08009238       0x3c Build_STM32G431xx_Candlelight_MksMakerbase/usb_desc.o
                0x08009238                USBD_SerialStrDescriptor
 .text.USBD_InterfaceStrDescriptor
                0x08009274       0x18 Build_STM32G431xx_Candlelight_MksMakerbase/usb_desc.o
                0x08009274                USBD_InterfaceStrDescriptor
 .text.Reset_Handler
                0x0800928c       0x50 Build_STM32G431xx_Candlelight_MksMakerbase/startup_STM32G431xx.o
                0x0800928c                Reset_Handler
 .text.Default_Handler
                0x080092dc        0x2 Build_STM32G431xx_Candlelight_MksMakerbase/startup_STM32G431xx.o
                0x080092dc                RTC_Alarm_IRQHandler
                0x080092dc                EXTI2_IRQHandler
                0x080092dc                TIM8_TRG_COM_IRQHandler
                0x080092dc                TIM8_CC_IRQHandler
                0x080092dc                TIM1_CC_IRQHandler
                0x080092dc                CORDIC_IRQHandler
                0x080092dc                EXTI3_IRQHandler
                0x080092dc                I2C3_ER_IRQHandler
                0x080092dc                EXTI0_IRQHandler
                0x080092dc                I2C2_EV_IRQHandler
                0x080092dc                FPU_IRQHandler
                0x080092dc                FDCAN1_IT1_IRQHandler
                0x080092dc                TIM1_UP_TIM16_IRQHandler
                0x080092dc                ADC1_2_IRQHandler
                0x080092dc                SPI1_IRQHandler
                0x080092dc                TIM6_DAC_IRQHandler
                0x080092dc                TIM8_UP_IRQHandler
                0x080092dc                DMA2_Channel2_IRQHandler
                0x080092dc                DMA1_Channel4_IRQHandler
                0x080092dc                USART3_IRQHandler
                0x080092dc                TIM4_IRQHandler
                0x080092dc                DMA2_Channel1_IRQHandler
                0x080092dc                I2C1_EV_IRQHandler
                0x080092dc                DMA1_Channel6_IRQHandler
                0x080092dc                UART4_IRQHandler
                0x080092dc                DMA2_Channel4_IRQHandler
                0x080092dc                TIM3_IRQHandler
                0x080092dc                RCC_IRQHandler
                0x080092dc                DMA1_Channel1_IRQHandler
                0x080092dc                Default_Handler
                0x080092dc                RTC_TAMP_LSECSS_IRQHandler
                0x080092dc                FMAC_IRQHandler
                0x080092dc                EXTI15_10_IRQHandler
                0x080092dc                TIM7_IRQHandler
                0x080092dc                UCPD1_IRQHandler
                0x080092dc                I2C3_EV_IRQHandler
                0x080092dc                EXTI9_5_IRQHandler
                0x080092dc                RTC_WKUP_IRQHandler
                0x080092dc                PVD_PVM_IRQHandler
                0x080092dc                SPI2_IRQHandler
                0x080092dc                DMA2_Channel5_IRQHandler
                0x080092dc                CRS_IRQHandler
                0x080092dc                DMA1_Channel5_IRQHandler
                0x080092dc                EXTI4_IRQHandler
                0x080092dc                RNG_IRQHandler
                0x080092dc                TIM1_TRG_COM_TIM17_IRQHandler
                0x080092dc                DMA1_Channel3_IRQHandler
                0x080092dc                WWDG_IRQHandler
                0x080092dc                LPUART1_IRQHandler
                0x080092dc                DMA2_Channel6_IRQHandler
                0x080092dc                FDCAN1_IT0_IRQHandler
                0x080092dc                TIM2_IRQHandler
                0x080092dc                COMP1_2_3_IRQHandler
                0x080092dc                EXTI1_IRQHandler
                0x080092dc                USART2_IRQHandler
                0x080092dc                I2C2_ER_IRQHandler
                0x080092dc                DMA1_Channel2_IRQHandler
                0x080092dc                TIM8_BRK_IRQHandler
                0x080092dc                FLASH_IRQHandler
                0x080092dc                USART1_IRQHandler
                0x080092dc                SPI3_IRQHandler
                0x080092dc                I2C1_ER_IRQHandler
                0x080092dc                LPTIM1_IRQHandler
                0x080092dc                DMAMUX_OVR_IRQHandler
                0x080092dc                USBWakeUp_IRQHandler
                0x080092dc                SAI1_IRQHandler
                0x080092dc                DMA2_Channel3_IRQHandler
                0x080092dc                COMP4_IRQHandler
                0x080092dc                TIM1_BRK_TIM15_IRQHandler
 *fill*         0x080092de        0x2 
 .text.control_init
                0x080092e0       0xc0 Build_STM32G431xx_Candlelight_MksMakerbase/Candlelight/control.o
                0x080092e0                control_init
 .text.control_setup_request
                0x080093a0      0x138 Build_STM32G431xx_Candlelight_MksMakerbase/Candlelight/control.o
                0x080093a0                control_setup_request
 .text.control_setup_OUT_data
                0x080094d8      0x168 Build_STM32G431xx_Candlelight_MksMakerbase/Candlelight/control.o
                0x080094d8                control_setup_OUT_data
 .text.control_process
                0x08009640       0x12 Build_STM32G431xx_Candlelight_MksMakerbase/Candlelight/control.o
                0x08009640                control_process
 *fill*         0x08009652        0x2 
 .text.control_report_busload
                0x08009654       0x40 Build_STM32G431xx_Candlelight_MksMakerbase/Candlelight/control.o
                0x08009654                control_report_busload
 .text.control_send_debug_mesg
                0x08009694       0x74 Build_STM32G431xx_Candlelight_MksMakerbase/Candlelight/control.o
                0x08009694                control_send_debug_mesg
 .text.list_add_tail_locked
                0x08009708       0x1c Build_STM32G431xx_Candlelight_MksMakerbase/Candlelight/buffer.o
 .text.buf_clear_buffers
                0x08009724       0x90 Build_STM32G431xx_Candlelight_MksMakerbase/Candlelight/buffer.o
                0x08009724                buf_clear_buffers
 .text.buf_init
                0x080097b4        0x8 Build_STM32G431xx_Candlelight_MksMakerbase/Candlelight/buffer.o
                0x080097b4                buf_init
 .text.buf_clear_can_buffer
                0x080097bc        0x8 Build_STM32G431xx_Candlelight_MksMakerbase/Candlelight/buffer.o
                0x080097bc                buf_clear_can_buffer
 .text.buf_get_frame_locked
                0x080097c4       0x2e Build_STM32G431xx_Candlelight_MksMakerbase/Candlelight/buffer.o
                0x080097c4                buf_get_frame_locked
 *fill*         0x080097f2        0x2 
 .text.buf_process_host
                0x080097f4       0x30 Build_STM32G431xx_Candlelight_MksMakerbase/Candlelight/buffer.o
                0x080097f4                buf_process_host
 .text.buf_process_can_bus
                0x08009824      0x164 Build_STM32G431xx_Candlelight_MksMakerbase/Candlelight/buffer.o
                0x08009824                buf_process_can_bus
 .text.buf_process
                0x08009988       0x3c Build_STM32G431xx_Candlelight_MksMakerbase/Candlelight/buffer.o
                0x08009988                buf_process
 .text.buf_store_rx_packet
                0x080099c4      0x10c Build_STM32G431xx_Candlelight_MksMakerbase/Candlelight/buffer.o
                0x080099c4                buf_store_rx_packet
 .text.buf_store_tx_echo
                0x08009ad0       0x4c Build_STM32G431xx_Candlelight_MksMakerbase/Candlelight/buffer.o
                0x08009ad0                buf_store_tx_echo
 .text.buf_store_error
                0x08009b1c      0x160 Build_STM32G431xx_Candlelight_MksMakerbase/Candlelight/buffer.o
                0x08009b1c                buf_store_error
 .text.USBD_GS_GetFSConfigDesc
                0x08009c7c        0xc Build_STM32G431xx_Candlelight_MksMakerbase/Candlelight/usb_class.o
 .text.USBD_GS_GetUserStringDescr
                0x08009c88       0x50 Build_STM32G431xx_Candlelight_MksMakerbase/Candlelight/usb_class.o
 .text.USBD_GS_DataOut
                0x08009cd8       0x58 Build_STM32G431xx_Candlelight_MksMakerbase/Candlelight/usb_class.o
 .text.USBD_GS_DataIn
                0x08009d30       0x30 Build_STM32G431xx_Candlelight_MksMakerbase/Candlelight/usb_class.o
 .text.USBD_GS_EP0_RxReady
                0x08009d60        0xa Build_STM32G431xx_Candlelight_MksMakerbase/Candlelight/usb_class.o
 .text.USBD_GS_DeInit
                0x08009d6a       0x16 Build_STM32G431xx_Candlelight_MksMakerbase/Candlelight/usb_class.o
 .text.USBD_GS_Init
                0x08009d80       0x4c Build_STM32G431xx_Candlelight_MksMakerbase/Candlelight/usb_class.o
 .text.USBD_GS_Setup
                0x08009dcc       0x7c Build_STM32G431xx_Candlelight_MksMakerbase/Candlelight/usb_class.o
 .text.USBD_ConfigureEndpoints
                0x08009e48       0x44 Build_STM32G431xx_Candlelight_MksMakerbase/Candlelight/usb_class.o
                0x08009e48                USBD_ConfigureEndpoints
 .text.USBD_SetupStageRequest
                0x08009e8c       0x88 Build_STM32G431xx_Candlelight_MksMakerbase/Candlelight/usb_class.o
                0x08009e8c                USBD_SetupStageRequest
 .text.USBD_SendFrameToHost
                0x08009f14       0x70 Build_STM32G431xx_Candlelight_MksMakerbase/Candlelight/usb_class.o
                0x08009f14                USBD_SendFrameToHost
 .text.USBD_IsTxBusy
                0x08009f84       0x10 Build_STM32G431xx_Candlelight_MksMakerbase/Candlelight/usb_class.o
                0x08009f84                USBD_IsTxBusy
 .text.HAL_MspInit
                0x08009f94        0x2 Build_STM32G431xx_Candlelight_MksMakerbase/STM32Cube/libstm32cube.a(stm32g4xx_hal.o)
                0x08009f94                HAL_MspInit
 *fill*         0x08009f96        0x2 
 .text.HAL_InitTick
                0x08009f98       0x4c Build_STM32G431xx_Candlelight_MksMakerbase/STM32Cube/libstm32cube.a(stm32g4xx_hal.o)
                0x08009f98                HAL_InitTick
 .text.HAL_Init
                0x08009fe4       0x2c Build_STM32G431xx_Candlelight_MksMakerbase/STM32Cube/libstm32cube.a(stm32g4xx_hal.o)
                0x08009fe4                HAL_Init
 .text.HAL_IncTick
                0x0800a010       0x18 Build_STM32G431xx_Candlelight_MksMakerbase/STM32Cube/libstm32cube.a(stm32g4xx_hal.o)
                0x0800a010                HAL_IncTick
 .text.HAL_GetTick
                0x0800a028        0xc Build_STM32G431xx_Candlelight_MksMakerbase/STM32Cube/libstm32cube.a(stm32g4xx_hal.o)
                0x0800a028                HAL_GetTick
 .text.HAL_Delay
                0x0800a034       0x28 Build_STM32G431xx_Candlelight_MksMakerbase/STM32Cube/libstm32cube.a(stm32g4xx_hal.o)
                0x0800a034                HAL_Delay
 .text.HAL_GetDEVID
                0x0800a05c       0x10 Build_STM32G431xx_Candlelight_MksMakerbase/STM32Cube/libstm32cube.a(stm32g4xx_hal.o)
                0x0800a05c                HAL_GetDEVID
 .text.HAL_NVIC_SetPriorityGrouping
                0x0800a06c       0x24 Build_STM32G431xx_Candlelight_MksMakerbase/STM32Cube/libstm32cube.a(stm32g4xx_hal_cortex.o)
                0x0800a06c                HAL_NVIC_SetPriorityGrouping
 .text.HAL_NVIC_SetPriority
                0x0800a090       0x64 Build_STM32G431xx_Candlelight_MksMakerbase/STM32Cube/libstm32cube.a(stm32g4xx_hal_cortex.o)
                0x0800a090                HAL_NVIC_SetPriority
 .text.HAL_NVIC_EnableIRQ
                0x0800a0f4       0x1c Build_STM32G431xx_Candlelight_MksMakerbase/STM32Cube/libstm32cube.a(stm32g4xx_hal_cortex.o)
                0x0800a0f4                HAL_NVIC_EnableIRQ
 .text.HAL_SYSTICK_Config
                0x0800a110       0x28 Build_STM32G431xx_Candlelight_MksMakerbase/STM32Cube/libstm32cube.a(stm32g4xx_hal_cortex.o)
                0x0800a110                HAL_SYSTICK_Config
 .text.HAL_SYSTICK_Callback
                0x0800a138        0x2 Build_STM32G431xx_Candlelight_MksMakerbase/STM32Cube/libstm32cube.a(stm32g4xx_hal_cortex.o)
                0x0800a138                HAL_SYSTICK_Callback
 .text.HAL_SYSTICK_IRQHandler
                0x0800a13a        0x8 Build_STM32G431xx_Candlelight_MksMakerbase/STM32Cube/libstm32cube.a(stm32g4xx_hal_cortex.o)
                0x0800a13a                HAL_SYSTICK_IRQHandler
 .text.HAL_FDCAN_MspInit
                0x0800a142        0x2 Build_STM32G431xx_Candlelight_MksMakerbase/STM32Cube/libstm32cube.a(stm32g4xx_hal_fdcan.o)
                0x0800a142                HAL_FDCAN_MspInit
 .text.HAL_FDCAN_Init
                0x0800a144      0x1c4 Build_STM32G431xx_Candlelight_MksMakerbase/STM32Cube/libstm32cube.a(stm32g4xx_hal_fdcan.o)
                0x0800a144                HAL_FDCAN_Init
 .text.HAL_FDCAN_MspDeInit
                0x0800a308        0x2 Build_STM32G431xx_Candlelight_MksMakerbase/STM32Cube/libstm32cube.a(stm32g4xx_hal_fdcan.o)
                0x0800a308                HAL_FDCAN_MspDeInit
 .text.HAL_FDCAN_ConfigFilter
                0x0800a30a       0x50 Build_STM32G431xx_Candlelight_MksMakerbase/STM32Cube/libstm32cube.a(stm32g4xx_hal_fdcan.o)
                0x0800a30a                HAL_FDCAN_ConfigFilter
 .text.HAL_FDCAN_ConfigGlobalFilter
                0x0800a35a       0x38 Build_STM32G431xx_Candlelight_MksMakerbase/STM32Cube/libstm32cube.a(stm32g4xx_hal_fdcan.o)
                0x0800a35a                HAL_FDCAN_ConfigGlobalFilter
 .text.HAL_FDCAN_ConfigTxDelayCompensation
                0x0800a392       0x20 Build_STM32G431xx_Candlelight_MksMakerbase/STM32Cube/libstm32cube.a(stm32g4xx_hal_fdcan.o)
                0x0800a392                HAL_FDCAN_ConfigTxDelayCompensation
 .text.HAL_FDCAN_EnableTxDelayCompensation
                0x0800a3b2       0x22 Build_STM32G431xx_Candlelight_MksMakerbase/STM32Cube/libstm32cube.a(stm32g4xx_hal_fdcan.o)
                0x0800a3b2                HAL_FDCAN_EnableTxDelayCompensation
 .text.HAL_FDCAN_DisableTxDelayCompensation
                0x0800a3d4       0x22 Build_STM32G431xx_Candlelight_MksMakerbase/STM32Cube/libstm32cube.a(stm32g4xx_hal_fdcan.o)
                0x0800a3d4                HAL_FDCAN_DisableTxDelayCompensation
 .text.HAL_FDCAN_Start
                0x0800a3f6       0x2c Build_STM32G431xx_Candlelight_MksMakerbase/STM32Cube/libstm32cube.a(stm32g4xx_hal_fdcan.o)
                0x0800a3f6                HAL_FDCAN_Start
 .text.HAL_FDCAN_Stop
                0x0800a422       0x66 Build_STM32G431xx_Candlelight_MksMakerbase/STM32Cube/libstm32cube.a(stm32g4xx_hal_fdcan.o)
                0x0800a422                HAL_FDCAN_Stop
 .text.HAL_FDCAN_DeInit
                0x0800a488       0x28 Build_STM32G431xx_Candlelight_MksMakerbase/STM32Cube/libstm32cube.a(stm32g4xx_hal_fdcan.o)
                0x0800a488                HAL_FDCAN_DeInit
 .text.HAL_FDCAN_AddMessageToTxFifoQ
                0x0800a4b0       0xc8 Build_STM32G431xx_Candlelight_MksMakerbase/STM32Cube/libstm32cube.a(stm32g4xx_hal_fdcan.o)
                0x0800a4b0                HAL_FDCAN_AddMessageToTxFifoQ
 .text.HAL_FDCAN_AbortTxRequest
                0x0800a578       0x1e Build_STM32G431xx_Candlelight_MksMakerbase/STM32Cube/libstm32cube.a(stm32g4xx_hal_fdcan.o)
                0x0800a578                HAL_FDCAN_AbortTxRequest
 *fill*         0x0800a596        0x2 
 .text.HAL_FDCAN_GetRxMessage
                0x0800a598       0xd8 Build_STM32G431xx_Candlelight_MksMakerbase/STM32Cube/libstm32cube.a(stm32g4xx_hal_fdcan.o)
                0x0800a598                HAL_FDCAN_GetRxMessage
 .text.HAL_FDCAN_GetTxEvent
                0x0800a670       0x96 Build_STM32G431xx_Candlelight_MksMakerbase/STM32Cube/libstm32cube.a(stm32g4xx_hal_fdcan.o)
                0x0800a670                HAL_FDCAN_GetTxEvent
 .text.HAL_FDCAN_GetProtocolStatus
                0x0800a706       0x4a Build_STM32G431xx_Candlelight_MksMakerbase/STM32Cube/libstm32cube.a(stm32g4xx_hal_fdcan.o)
                0x0800a706                HAL_FDCAN_GetProtocolStatus
 .text.HAL_FDCAN_GetErrorCounters
                0x0800a750       0x1e Build_STM32G431xx_Candlelight_MksMakerbase/STM32Cube/libstm32cube.a(stm32g4xx_hal_fdcan.o)
                0x0800a750                HAL_FDCAN_GetErrorCounters
 .text.HAL_FDCAN_GetTxFifoFreeLevel
                0x0800a76e        0xc Build_STM32G431xx_Candlelight_MksMakerbase/STM32Cube/libstm32cube.a(stm32g4xx_hal_fdcan.o)
                0x0800a76e                HAL_FDCAN_GetTxFifoFreeLevel
 *fill*         0x0800a77a        0x2 
 .text.HAL_FLASH_Unlock
                0x0800a77c       0x24 Build_STM32G431xx_Candlelight_MksMakerbase/STM32Cube/libstm32cube.a(stm32g4xx_hal_flash.o)
                0x0800a77c                HAL_FLASH_Unlock
 .text.HAL_FLASH_Lock
                0x0800a7a0       0x18 Build_STM32G431xx_Candlelight_MksMakerbase/STM32Cube/libstm32cube.a(stm32g4xx_hal_flash.o)
                0x0800a7a0                HAL_FLASH_Lock
 .text.HAL_FLASH_OB_Unlock
                0x0800a7b8       0x24 Build_STM32G431xx_Candlelight_MksMakerbase/STM32Cube/libstm32cube.a(stm32g4xx_hal_flash.o)
                0x0800a7b8                HAL_FLASH_OB_Unlock
 .text.HAL_FLASH_OB_Lock
                0x0800a7dc       0x1c Build_STM32G431xx_Candlelight_MksMakerbase/STM32Cube/libstm32cube.a(stm32g4xx_hal_flash.o)
                0x0800a7dc                HAL_FLASH_OB_Lock
 .text.FLASH_WaitForLastOperation
                0x0800a7f8       0x50 Build_STM32G431xx_Candlelight_MksMakerbase/STM32Cube/libstm32cube.a(stm32g4xx_hal_flash.o)
                0x0800a7f8                FLASH_WaitForLastOperation
 .text.HAL_FLASHEx_OBProgram
                0x0800a848      0x2c4 Build_STM32G431xx_Candlelight_MksMakerbase/STM32Cube/libstm32cube.a(stm32g4xx_hal_flash_ex.o)
                0x0800a848                HAL_FLASHEx_OBProgram
 .text.HAL_FLASHEx_OBGetConfig
                0x0800ab0c       0xb0 Build_STM32G431xx_Candlelight_MksMakerbase/STM32Cube/libstm32cube.a(stm32g4xx_hal_flash_ex.o)
                0x0800ab0c                HAL_FLASHEx_OBGetConfig
 .text.HAL_GPIO_Init
                0x0800abbc      0x188 Build_STM32G431xx_Candlelight_MksMakerbase/STM32Cube/libstm32cube.a(stm32g4xx_hal_gpio.o)
                0x0800abbc                HAL_GPIO_Init
 .text.HAL_GPIO_WritePin
                0x0800ad44        0xa Build_STM32G431xx_Candlelight_MksMakerbase/STM32Cube/libstm32cube.a(stm32g4xx_hal_gpio.o)
                0x0800ad44                HAL_GPIO_WritePin
 .text.HAL_PCD_Init
                0x0800ad4e       0xbe Build_STM32G431xx_Candlelight_MksMakerbase/STM32Cube/libstm32cube.a(stm32g4xx_hal_pcd.o)
                0x0800ad4e                HAL_PCD_Init
 .text.HAL_PCD_Start
                0x0800ae0c       0x2a Build_STM32G431xx_Candlelight_MksMakerbase/STM32Cube/libstm32cube.a(stm32g4xx_hal_pcd.o)
                0x0800ae0c                HAL_PCD_Start
 .text.HAL_PCD_SetAddress
                0x0800ae36       0x28 Build_STM32G431xx_Candlelight_MksMakerbase/STM32Cube/libstm32cube.a(stm32g4xx_hal_pcd.o)
                0x0800ae36                HAL_PCD_SetAddress
 .text.HAL_PCD_EP_Open
                0x0800ae5e       0x66 Build_STM32G431xx_Candlelight_MksMakerbase/STM32Cube/libstm32cube.a(stm32g4xx_hal_pcd.o)
                0x0800ae5e                HAL_PCD_EP_Open
 .text.HAL_PCD_EP_Close
                0x0800aec4       0x56 Build_STM32G431xx_Candlelight_MksMakerbase/STM32Cube/libstm32cube.a(stm32g4xx_hal_pcd.o)
                0x0800aec4                HAL_PCD_EP_Close
 .text.HAL_PCD_EP_Receive
                0x0800af1a       0x2a Build_STM32G431xx_Candlelight_MksMakerbase/STM32Cube/libstm32cube.a(stm32g4xx_hal_pcd.o)
                0x0800af1a                HAL_PCD_EP_Receive
 .text.HAL_PCD_EP_Transmit
                0x0800af44       0x2a Build_STM32G431xx_Candlelight_MksMakerbase/STM32Cube/libstm32cube.a(stm32g4xx_hal_pcd.o)
                0x0800af44                HAL_PCD_EP_Transmit
 *fill*         0x0800af6e        0x2 
 .text.HAL_PCD_IRQHandler
                0x0800af70      0x490 Build_STM32G431xx_Candlelight_MksMakerbase/STM32Cube/libstm32cube.a(stm32g4xx_hal_pcd.o)
                0x0800af70                HAL_PCD_IRQHandler
 .text.HAL_PCD_EP_SetStall
                0x0800b400       0x68 Build_STM32G431xx_Candlelight_MksMakerbase/STM32Cube/libstm32cube.a(stm32g4xx_hal_pcd.o)
                0x0800b400                HAL_PCD_EP_SetStall
 .text.HAL_PCD_EP_ClrStall
                0x0800b468       0x68 Build_STM32G431xx_Candlelight_MksMakerbase/STM32Cube/libstm32cube.a(stm32g4xx_hal_pcd.o)
                0x0800b468                HAL_PCD_EP_ClrStall
 .text.HAL_PCDEx_PMAConfig
                0x0800b4d0       0x2e Build_STM32G431xx_Candlelight_MksMakerbase/STM32Cube/libstm32cube.a(stm32g4xx_hal_pcd_ex.o)
                0x0800b4d0                HAL_PCDEx_PMAConfig
 .text.HAL_PCDEx_ActivateLPM
                0x0800b4fe       0x2c Build_STM32G431xx_Candlelight_MksMakerbase/STM32Cube/libstm32cube.a(stm32g4xx_hal_pcd_ex.o)
                0x0800b4fe                HAL_PCDEx_ActivateLPM
 .text.HAL_PCDEx_LPM_Callback
                0x0800b52a        0x2 Build_STM32G431xx_Candlelight_MksMakerbase/STM32Cube/libstm32cube.a(stm32g4xx_hal_pcd_ex.o)
                0x0800b52a                HAL_PCDEx_LPM_Callback
 .text.HAL_PWREx_ControlVoltageScaling
                0x0800b52c       0xb0 Build_STM32G431xx_Candlelight_MksMakerbase/STM32Cube/libstm32cube.a(stm32g4xx_hal_pwr_ex.o)
                0x0800b52c                HAL_PWREx_ControlVoltageScaling
 .text.HAL_RCC_OscConfig
                0x0800b5dc      0x420 Build_STM32G431xx_Candlelight_MksMakerbase/STM32Cube/libstm32cube.a(stm32g4xx_hal_rcc.o)
                0x0800b5dc                HAL_RCC_OscConfig
 .text.HAL_RCC_GetSysClockFreq
                0x0800b9fc       0x58 Build_STM32G431xx_Candlelight_MksMakerbase/STM32Cube/libstm32cube.a(stm32g4xx_hal_rcc.o)
                0x0800b9fc                HAL_RCC_GetSysClockFreq
 .text.HAL_RCC_ClockConfig
                0x0800ba54      0x1d8 Build_STM32G431xx_Candlelight_MksMakerbase/STM32Cube/libstm32cube.a(stm32g4xx_hal_rcc.o)
                0x0800ba54                HAL_RCC_ClockConfig
 .text.HAL_RCC_GetPCLK1Freq
                0x0800bc2c       0x24 Build_STM32G431xx_Candlelight_MksMakerbase/STM32Cube/libstm32cube.a(stm32g4xx_hal_rcc.o)
                0x0800bc2c                HAL_RCC_GetPCLK1Freq
 .text.HAL_RCC_GetPCLK2Freq
                0x0800bc50       0x24 Build_STM32G431xx_Candlelight_MksMakerbase/STM32Cube/libstm32cube.a(stm32g4xx_hal_rcc.o)
                0x0800bc50                HAL_RCC_GetPCLK2Freq
 .text.HAL_RCCEx_PeriphCLKConfig
                0x0800bc74      0x278 Build_STM32G431xx_Candlelight_MksMakerbase/STM32Cube/libstm32cube.a(stm32g4xx_hal_rcc_ex.o)
                0x0800bc74                HAL_RCCEx_PeriphCLKConfig
 .text.HAL_RCCEx_GetPeriphCLKFreq
                0x0800beec      0x38c Build_STM32G431xx_Candlelight_MksMakerbase/STM32Cube/libstm32cube.a(stm32g4xx_hal_rcc_ex.o)
                0x0800beec                HAL_RCCEx_GetPeriphCLKFreq
 .text.HAL_RCCEx_CRSConfig
                0x0800c278       0x4c Build_STM32G431xx_Candlelight_MksMakerbase/STM32Cube/libstm32cube.a(stm32g4xx_hal_rcc_ex.o)
                0x0800c278                HAL_RCCEx_CRSConfig
 .text.USB_EnableGlobalInt
                0x0800c2c4       0x16 Build_STM32G431xx_Candlelight_MksMakerbase/STM32Cube/libstm32cube.a(stm32g4xx_ll_usb.o)
                0x0800c2c4                USB_EnableGlobalInt
 .text.USB_DisableGlobalInt
                0x0800c2da       0x14 Build_STM32G431xx_Candlelight_MksMakerbase/STM32Cube/libstm32cube.a(stm32g4xx_ll_usb.o)
                0x0800c2da                USB_DisableGlobalInt
 .text.USB_DevInit
                0x0800c2ee       0x3a Build_STM32G431xx_Candlelight_MksMakerbase/STM32Cube/libstm32cube.a(stm32g4xx_ll_usb.o)
                0x0800c2ee                USB_DevInit
 .text.USB_ActivateEndpoint
                0x0800c328      0x2bc Build_STM32G431xx_Candlelight_MksMakerbase/STM32Cube/libstm32cube.a(stm32g4xx_ll_usb.o)
                0x0800c328                USB_ActivateEndpoint
 .text.USB_DeactivateEndpoint
                0x0800c5e4      0x1a6 Build_STM32G431xx_Candlelight_MksMakerbase/STM32Cube/libstm32cube.a(stm32g4xx_ll_usb.o)
                0x0800c5e4                USB_DeactivateEndpoint
 .text.USB_EPSetStall
                0x0800c78a       0x40 Build_STM32G431xx_Candlelight_MksMakerbase/STM32Cube/libstm32cube.a(stm32g4xx_ll_usb.o)
                0x0800c78a                USB_EPSetStall
 .text.USB_EPClearStall
                0x0800c7ca       0x92 Build_STM32G431xx_Candlelight_MksMakerbase/STM32Cube/libstm32cube.a(stm32g4xx_ll_usb.o)
                0x0800c7ca                USB_EPClearStall
 .text.USB_SetDevAddress
                0x0800c85c        0xc Build_STM32G431xx_Candlelight_MksMakerbase/STM32Cube/libstm32cube.a(stm32g4xx_ll_usb.o)
                0x0800c85c                USB_SetDevAddress
 .text.USB_DevConnect
                0x0800c868       0x16 Build_STM32G431xx_Candlelight_MksMakerbase/STM32Cube/libstm32cube.a(stm32g4xx_ll_usb.o)
                0x0800c868                USB_DevConnect
 .text.USB_ReadInterrupts
                0x0800c87e        0x8 Build_STM32G431xx_Candlelight_MksMakerbase/STM32Cube/libstm32cube.a(stm32g4xx_ll_usb.o)
                0x0800c87e                USB_ReadInterrupts
 .text.USB_EP0_OutStart
                0x0800c886        0x4 Build_STM32G431xx_Candlelight_MksMakerbase/STM32Cube/libstm32cube.a(stm32g4xx_ll_usb.o)
                0x0800c886                USB_EP0_OutStart
 .text.USB_WritePMA
                0x0800c88a       0x1e Build_STM32G431xx_Candlelight_MksMakerbase/STM32Cube/libstm32cube.a(stm32g4xx_ll_usb.o)
                0x0800c88a                USB_WritePMA
 .text.USB_EPStartXfer
                0x0800c8a8      0x1b8 Build_STM32G431xx_Candlelight_MksMakerbase/STM32Cube/libstm32cube.a(stm32g4xx_ll_usb.o)
                0x0800c8a8                USB_EPStartXfer
 .text.USB_ReadPMA
                0x0800ca60       0x36 Build_STM32G431xx_Candlelight_MksMakerbase/STM32Cube/libstm32cube.a(stm32g4xx_ll_usb.o)
                0x0800ca60                USB_ReadPMA
 *fill*         0x0800ca96        0x2 
 .text.startup  0x0800ca98       0x14 /usr/lib/gcc/arm-none-eabi/14.2.1/../../../arm-none-eabi/lib/thumb/v7e-m/nofp/libc.a(libc_a-__call_atexit.o)
 *(.glue_7)
 .glue_7        0x0800caac        0x0 linker stubs
 *(.glue_7t)
 .glue_7t       0x0800caac        0x0 linker stubs
 *(.eh_frame)
 .eh_frame      0x0800caac        0x0 /usr/lib/gcc/arm-none-eabi/14.2.1/thumb/v7e-m/nofp/crtbegin.o
 *(.init)
 .init          0x0800caac        0x4 /usr/lib/gcc/arm-none-eabi/14.2.1/thumb/v7e-m/nofp/crti.o
                0x0800caac                _init
 .init          0x0800cab0        0x8 /usr/lib/gcc/arm-none-eabi/14.2.1/thumb/v7e-m/nofp/crtn.o
 *(.fini)
 .fini          0x0800cab8        0x4 /usr/lib/gcc/arm-none-eabi/14.2.1/thumb/v7e-m/nofp/crti.o
                0x0800cab8                _fini
 .fini          0x0800cabc        0x8 /usr/lib/gcc/arm-none-eabi/14.2.1/thumb/v7e-m/nofp/crtn.o
                0x0800cac4                        . = ALIGN (0x4)
                0x0800cac4                        _etext = .

.vfp11_veneer   0x0800cac4        0x0
 .vfp11_veneer  0x0800cac4        0x0 linker stubs

.v4_bx          0x0800cac4        0x0
 .v4_bx         0x0800cac4        0x0 linker stubs

.iplt           0x0800cac4        0x0
 .iplt          0x0800cac4        0x0 /usr/lib/gcc/arm-none-eabi/14.2.1/thumb/v7e-m/nofp/crtbegin.o

.rodata         0x0800cac8      0x580
                0x0800cac8                        . = ALIGN (0x4)
 *(.rodata)
 .rodata        0x0800cac8       0x20 /usr/lib/gcc/arm-none-eabi/14.2.1/../../../arm-none-eabi/lib/thumb/v7e-m/nofp/libc.a(libc_a-svfprintf.o)
 .rodata        0x0800cae8      0x128 /usr/lib/gcc/arm-none-eabi/14.2.1/../../../arm-none-eabi/lib/thumb/v7e-m/nofp/libc.a(libc_a-mprec.o)
                0x0800caf8                __mprec_tens
                0x0800cbc0                __mprec_tinytens
                0x0800cbe8                __mprec_bigtens
 .rodata        0x0800cc10      0x101 /usr/lib/gcc/arm-none-eabi/14.2.1/../../../arm-none-eabi/lib/thumb/v7e-m/nofp/libc.a(libc_a-ctype_.o)
                0x0800cc10                _ctype_
 *fill*         0x0800cd11        0x3 
 .rodata        0x0800cd14       0x20 /usr/lib/gcc/arm-none-eabi/14.2.1/../../../arm-none-eabi/lib/thumb/v7e-m/nofp/libc.a(libc_a-vfiprintf.o)
 *(.rodata*)
 .rodata.APBPrescTable
                0x0800cd34        0x8 Build_STM32G431xx_Candlelight_MksMakerbase/system_stm32g4xx.o
                0x0800cd34                APBPrescTable
 .rodata.AHBPrescTable
                0x0800cd3c       0x10 Build_STM32G431xx_Candlelight_MksMakerbase/system_stm32g4xx.o
                0x0800cd3c                AHBPrescTable
 .rodata.can_print_info.str1.1
                0x0800cd4c      0x1bd Build_STM32G431xx_Candlelight_MksMakerbase/can.o
                                 0x43 (size before relaxing)
 .rodata.can_process.str1.1
                0x0800cf09        0x0 Build_STM32G431xx_Candlelight_MksMakerbase/can.o
                                 0x6e (size before relaxing)
 .rodata.str1.1
                0x0800cf09        0x0 Build_STM32G431xx_Candlelight_MksMakerbase/can.o
                                 0x3a (size before relaxing)
 *fill*         0x0800cf09        0x3 
 .rodata.CSWTCH.91
                0x0800cf0c       0x10 Build_STM32G431xx_Candlelight_MksMakerbase/can.o
 .rodata.utils_init.str1.1
                0x0800cf1c        0x0 Build_STM32G431xx_Candlelight_MksMakerbase/utils.o
                                  0xc (size before relaxing)
 .rodata.utils_format_bitrate.str1.1
                0x0800cf1c        0x0 Build_STM32G431xx_Candlelight_MksMakerbase/utils.o
                                 0x33 (size before relaxing)
 .rodata.CSWTCH.14
                0x0800cf1c        0x7 Build_STM32G431xx_Candlelight_MksMakerbase/utils.o
 .rodata.USBD_ProductStrDescriptor.str1.1
                0x0800cf23        0x0 Build_STM32G431xx_Candlelight_MksMakerbase/usb_desc.o
                                 0x18 (size before relaxing)
 .rodata.USBD_ManufacturerStrDescriptor.str1.1
                0x0800cf23        0x0 Build_STM32G431xx_Candlelight_MksMakerbase/usb_desc.o
                                 0x1d (size before relaxing)
 .rodata.USBD_ConfigStrDescriptor.str1.1
                0x0800cf23        0x0 Build_STM32G431xx_Candlelight_MksMakerbase/usb_desc.o
                                  0x1 (size before relaxing)
 .rodata.USBD_SerialStrDescriptor.str1.1
                0x0800cf23        0x0 Build_STM32G431xx_Candlelight_MksMakerbase/usb_desc.o
                                  0xb (size before relaxing)
 .rodata.control_init.str1.1
                0x0800cf23        0x0 Build_STM32G431xx_Candlelight_MksMakerbase/Candlelight/control.o
                                  0xd (size before relaxing)
 .rodata.control_send_debug_mesg.str1.1
                0x0800cf23        0x0 Build_STM32G431xx_Candlelight_MksMakerbase/Candlelight/control.o
                                 0x15 (size before relaxing)
 .rodata.USBD_GS_GetUserStringDescr.str1.1
                0x0800cf23        0x0 Build_STM32G431xx_Candlelight_MksMakerbase/Candlelight/usb_class.o
                                 0x34 (size before relaxing)
 .rodata.DLCtoBytes
                0x0800cf23       0x10 Build_STM32G431xx_Candlelight_MksMakerbase/STM32Cube/libstm32cube.a(stm32g4xx_hal_fdcan.o)
 *fill*         0x0800cf33        0x1 
 .rodata.str1.4
                0x0800cf34      0x112 /usr/lib/gcc/arm-none-eabi/14.2.1/../../../arm-none-eabi/lib/thumb/v7e-m/nofp/libc.a(libc_a-svfprintf.o)
                                 0x42 (size before relaxing)
 .rodata.str1.4
                0x0800d046        0x0 /usr/lib/gcc/arm-none-eabi/14.2.1/../../../arm-none-eabi/lib/thumb/v7e-m/nofp/libc.a(libc_a-dtoa.o)
                                 0x54 (size before relaxing)
 .rodata.str1.4
                0x0800d046        0x0 /usr/lib/gcc/arm-none-eabi/14.2.1/../../../arm-none-eabi/lib/thumb/v7e-m/nofp/libc.a(libc_a-assert.o)
                                 0x43 (size before relaxing)
 .rodata.str1.4
                0x0800d046        0x0 /usr/lib/gcc/arm-none-eabi/14.2.1/../../../arm-none-eabi/lib/thumb/v7e-m/nofp/libc.a(libc_a-mprec.o)
                                 0x41 (size before relaxing)
 .rodata.str1.4
                0x0800d046        0x0 /usr/lib/gcc/arm-none-eabi/14.2.1/../../../arm-none-eabi/lib/thumb/v7e-m/nofp/libc.a(libc_a-locale.o)
                                 0x12 (size before relaxing)
 .rodata.str1.4
                0x0800d046        0x0 /usr/lib/gcc/arm-none-eabi/14.2.1/../../../arm-none-eabi/lib/thumb/v7e-m/nofp/libc.a(libc_a-vfiprintf.o)
                                 0x2f (size before relaxing)
                0x0800d048                        . = ALIGN (0x4)
 *fill*         0x0800d046        0x2 

.ARM.extab
 *(.ARM.extab* .gnu.linkonce.armextab.*)

.ARM            0x0800d048        0x8
                0x0800d048                        __exidx_start = .
 *(.ARM.exidx*)
 .ARM.exidx     0x0800d048        0x8 /usr/lib/gcc/arm-none-eabi/14.2.1/../../../arm-none-eabi/lib/thumb/v7e-m/nofp/libc.a(libc_a-memcpy.o)
 .ARM.exidx     0x0800d050        0x0 /usr/lib/gcc/arm-none-eabi/14.2.1/../../../arm-none-eabi/lib/thumb/v7e-m/nofp/libc.a(libc_a-strlen.o)
                                  0x8 (size before relaxing)
 .ARM.exidx     0x0800d050        0x0 /usr/lib/gcc/arm-none-eabi/14.2.1/../../../arm-none-eabi/lib/thumb/v7e-m/nofp/libc.a(libc_a-memchr.o)
                                  0x8 (size before relaxing)
                0x0800d050                        __exidx_end = .

.rel.dyn        0x0800d050        0x0
 .rel.iplt      0x0800d050        0x0 /usr/lib/gcc/arm-none-eabi/14.2.1/thumb/v7e-m/nofp/crtbegin.o

.preinit_array  0x0800d050        0x0
                0x0800d050                        PROVIDE (__preinit_array_start = .)
 *(.preinit_array*)
                0x0800d050                        PROVIDE (__preinit_array_end = .)

.init_array     0x0800d050        0x8
                0x0800d050                        PROVIDE (__init_array_start = .)
 *(SORT_BY_NAME(.init_array.*))
 .init_array.00000
                0x0800d050        0x4 /usr/lib/gcc/arm-none-eabi/14.2.1/../../../arm-none-eabi/lib/thumb/v7e-m/nofp/libc.a(libc_a-__call_atexit.o)
 *(.init_array*)
 .init_array    0x0800d054        0x4 /usr/lib/gcc/arm-none-eabi/14.2.1/thumb/v7e-m/nofp/crtbegin.o
                0x0800d058                        PROVIDE (__init_array_end = .)

.fini_array     0x0800d058        0x4
                0x0800d058                        PROVIDE (__fini_array_start = .)
 *(SORT_BY_NAME(.fini_array.*))
 *(.fini_array*)
 .fini_array    0x0800d058        0x4 /usr/lib/gcc/arm-none-eabi/14.2.1/thumb/v7e-m/nofp/crtbegin.o
                0x0800d05c                        PROVIDE (__fini_array_end = .)
                0x0800d05c                        _sidata = LOADADDR (.data)

.data           0x20000000      0x864 load address 0x0800d05c
                0x20000000                        . = ALIGN (0x4)
                0x20000000                        _sdata = .
 *(.data)
 .data          0x20000000      0x128 /usr/lib/gcc/arm-none-eabi/14.2.1/../../../arm-none-eabi/lib/thumb/v7e-m/nofp/libc.a(libc_a-impure.o)
                0x20000000                _impure_ptr
                0x20000008                _impure_data
 .data          0x20000128        0xc /usr/lib/gcc/arm-none-eabi/14.2.1/../../../arm-none-eabi/lib/thumb/v7e-m/nofp/libc.a(libc_a-findfp.o)
                0x20000128                __sglue
 *fill*         0x20000134        0x4 
 .data          0x20000138      0x410 /usr/lib/gcc/arm-none-eabi/14.2.1/../../../arm-none-eabi/lib/thumb/v7e-m/nofp/libc.a(libc_a-mallocr.o)
                0x20000138                __malloc_av_
                0x20000540                __malloc_sbrk_base
                0x20000544                __malloc_trim_threshold
 .data          0x20000548      0x16c /usr/lib/gcc/arm-none-eabi/14.2.1/../../../arm-none-eabi/lib/thumb/v7e-m/nofp/libc.a(libc_a-locale.o)
                0x20000548                __global_locale
 *(.data*)
 .data.blink_leds
                0x200006b4        0x1 Build_STM32G431xx_Candlelight_MksMakerbase/main.o
                0x200006b4                blink_leds
 *fill*         0x200006b5        0x3 
 .data.SystemCoreClock
                0x200006b8        0x4 Build_STM32G431xx_Candlelight_MksMakerbase/system_stm32g4xx.o
                0x200006b8                SystemCoreClock
 .data.print_chip_delay_once
                0x200006bc        0x1 Build_STM32G431xx_Candlelight_MksMakerbase/can.o
                0x200006bc                print_chip_delay_once
 .data.print_bitrate_once
                0x200006bd        0x1 Build_STM32G431xx_Candlelight_MksMakerbase/can.o
                0x200006bd                print_bitrate_once
 *fill*         0x200006be        0x2 
 .data.USBD_LangIDDesc
                0x200006c0        0x4 Build_STM32G431xx_Candlelight_MksMakerbase/usb_desc.o
                0x200006c0                USBD_LangIDDesc
 .data.USBD_DescriptorCallbacks
                0x200006c4       0x1c Build_STM32G431xx_Candlelight_MksMakerbase/usb_desc.o
                0x200006c4                USBD_DescriptorCallbacks
 .data.ELM_LastError
                0x200006e0        0x1 Build_STM32G431xx_Candlelight_MksMakerbase/Candlelight/control.o
                0x200006e0                ELM_LastError
 *fill*         0x200006e1        0x3 
 .data.USBD_MicrosoftExtPropertyDescr
                0x200006e4       0x92 Build_STM32G431xx_Candlelight_MksMakerbase/Candlelight/usb_class.o
                0x200006e4                USBD_MicrosoftExtPropertyDescr
 *fill*         0x20000776        0x2 
 .data.USBD_MicrosoftFeatureDescr
                0x20000778       0x40 Build_STM32G431xx_Candlelight_MksMakerbase/Candlelight/usb_class.o
                0x20000778                USBD_MicrosoftFeatureDescr
 .data.USBD_ConfigDescr
                0x200007b8       0x32 Build_STM32G431xx_Candlelight_MksMakerbase/Candlelight/usb_class.o
                0x200007b8                USBD_ConfigDescr
 *fill*         0x200007ea        0x2 
 .data.USBD_DeviceDesc
                0x200007ec       0x12 Build_STM32G431xx_Candlelight_MksMakerbase/Candlelight/usb_class.o
                0x200007ec                USBD_DeviceDesc
 *fill*         0x200007fe        0x2 
 .data.USBD_ClassCallbacks
                0x20000800       0x3c Build_STM32G431xx_Candlelight_MksMakerbase/Candlelight/usb_class.o
                0x20000800                USBD_ClassCallbacks
 .data.uwTickFreq
                0x2000083c        0x4 Build_STM32G431xx_Candlelight_MksMakerbase/STM32Cube/libstm32cube.a(stm32g4xx_hal.o)
                0x2000083c                uwTickFreq
 .data.uwTickPrio
                0x20000840        0x4 Build_STM32G431xx_Candlelight_MksMakerbase/STM32Cube/libstm32cube.a(stm32g4xx_hal.o)
                0x20000840                uwTickPrio
 .data.pFlash   0x20000844       0x20 Build_STM32G431xx_Candlelight_MksMakerbase/STM32Cube/libstm32cube.a(stm32g4xx_hal_flash.o)
                0x20000844                pFlash
                0x20000864                        . = ALIGN (0x4)
                0x20000864                        _edata = .

.tm_clone_table
                0x20000864        0x0 load address 0x0800d8c0
 .tm_clone_table
                0x20000864        0x0 /usr/lib/gcc/arm-none-eabi/14.2.1/thumb/v7e-m/nofp/crtbegin.o
 .tm_clone_table
                0x20000864        0x0 /usr/lib/gcc/arm-none-eabi/14.2.1/thumb/v7e-m/nofp/crtend.o

.igot.plt       0x20000864        0x0 load address 0x0800d8c0
 .igot.plt      0x20000864        0x0 /usr/lib/gcc/arm-none-eabi/14.2.1/thumb/v7e-m/nofp/crtbegin.o
                0x20000864                        . = ALIGN (0x4)

.bss            0x20000864     0x3c74 load address 0x0800d8c0
                0x20000864                        _sbss = .
                0x20000864                        __bss_start__ = _sbss
 *(.bss)
 .bss           0x20000864       0x1c /usr/lib/gcc/arm-none-eabi/14.2.1/thumb/v7e-m/nofp/crtbegin.o
 .bss           0x20000880      0x13c /usr/lib/gcc/arm-none-eabi/14.2.1/../../../arm-none-eabi/lib/thumb/v7e-m/nofp/libc.a(libc_a-findfp.o)
                0x20000880                __sf
                0x200009b8                __stdio_exit_handler
 .bss           0x200009bc       0x34 /usr/lib/gcc/arm-none-eabi/14.2.1/../../../arm-none-eabi/lib/thumb/v7e-m/nofp/libc.a(libc_a-mallocr.o)
                0x200009bc                __malloc_top_pad
                0x200009c0                __malloc_current_mallinfo
                0x200009e8                __malloc_max_sbrked_mem
                0x200009ec                __malloc_max_total_mem
 .bss           0x200009f0        0x4 /usr/lib/gcc/arm-none-eabi/14.2.1/../../../arm-none-eabi/lib/thumb/v7e-m/nofp/libc.a(libc_a-__call_atexit.o)
                0x200009f0                __atexit
 .bss           0x200009f4      0x190 /usr/lib/gcc/arm-none-eabi/14.2.1/../../../arm-none-eabi/lib/thumb/v7e-m/nofp/libc.a(libc_a-__atexit.o)
                0x200009f4                __atexit0
 .bss           0x20000b84        0x4 /usr/lib/gcc/arm-none-eabi/14.2.1/../../../arm-none-eabi/lib/thumb/v7e-m/nofp/libc.a(libc_a-reent.o)
                0x20000b84                errno
 .bss           0x20000b88        0x4 /usr/lib/gcc/arm-none-eabi/14.2.1/../../../arm-none-eabi/lib/thumb/v7e-m/nofp/libnosys.a(sbrk.o)
 *(.bss*)
 .bss.usb_suspend
                0x20000b8c        0x1 Build_STM32G431xx_Candlelight_MksMakerbase/main.o
                0x20000b8c                usb_suspend
 *fill*         0x20000b8d        0x3 
 .bss.tick_last
                0x20000b90        0x4 Build_STM32G431xx_Candlelight_MksMakerbase/main.o
                0x20000b90                tick_last
 .bss.canfd_clock
                0x20000b94        0x4 Build_STM32G431xx_Candlelight_MksMakerbase/system.o
                0x20000b94                canfd_clock
 .bss.tdc_offset
                0x20000b98        0x4 Build_STM32G431xx_Candlelight_MksMakerbase/can.o
                0x20000b98                tdc_offset
 .bss.busload_counter
                0x20000b9c        0x4 Build_STM32G431xx_Candlelight_MksMakerbase/can.o
                0x20000b9c                busload_counter
 .bss.busload_interval
                0x20000ba0        0x4 Build_STM32G431xx_Candlelight_MksMakerbase/can.o
                0x20000ba0                busload_interval
 .bss.old_busload_percent
                0x20000ba4        0x1 Build_STM32G431xx_Candlelight_MksMakerbase/can.o
                0x20000ba4                old_busload_percent
 *fill*         0x20000ba5        0x3 
 .bss.busload_ppm
                0x20000ba8        0x4 Build_STM32G431xx_Candlelight_MksMakerbase/can.o
                0x20000ba8                busload_ppm
 .bss.nom_bit_len_ns
                0x20000bac        0x4 Build_STM32G431xx_Candlelight_MksMakerbase/can.o
                0x20000bac                nom_bit_len_ns
 .bss.cycle_ave_time_ns
                0x20000bb0        0x4 Build_STM32G431xx_Candlelight_MksMakerbase/can.o
                0x20000bb0                cycle_ave_time_ns
 .bss.cycle_max_time_ns
                0x20000bb4        0x4 Build_STM32G431xx_Candlelight_MksMakerbase/can.o
                0x20000bb4                cycle_max_time_ns
 .bss.bit_cnt_message
                0x20000bb8        0x4 Build_STM32G431xx_Candlelight_MksMakerbase/can.o
                0x20000bb8                bit_cnt_message
 .bss.recover_bus_off
                0x20000bbc        0x1 Build_STM32G431xx_Candlelight_MksMakerbase/can.o
                0x20000bbc                recover_bus_off
 .bss.can_is_open
                0x20000bbd        0x1 Build_STM32G431xx_Candlelight_MksMakerbase/can.o
                0x20000bbd                can_is_open
 *fill*         0x20000bbe        0x2 
 .bss.can_bitrate_data
                0x20000bc0       0x10 Build_STM32G431xx_Candlelight_MksMakerbase/can.o
                0x20000bc0                can_bitrate_data
 .bss.can_bitrate_nominal
                0x20000bd0       0x10 Build_STM32G431xx_Candlelight_MksMakerbase/can.o
                0x20000bd0                can_bitrate_nominal
 .bss.tx_pending
                0x20000be0        0x4 Build_STM32G431xx_Candlelight_MksMakerbase/can.o
                0x20000be0                tx_pending
 .bss.last_tx_tick
                0x20000be4        0x4 Build_STM32G431xx_Candlelight_MksMakerbase/can.o
                0x20000be4                last_tx_tick
 .bss.ext_filter_count
                0x20000be8        0x4 Build_STM32G431xx_Candlelight_MksMakerbase/can.o
                0x20000be8                ext_filter_count
 .bss.std_filter_count
                0x20000bec        0x4 Build_STM32G431xx_Candlelight_MksMakerbase/can.o
                0x20000bec                std_filter_count
 .bss.cur_status
                0x20000bf0       0x2c Build_STM32G431xx_Candlelight_MksMakerbase/can.o
                0x20000bf0                cur_status
 .bss.can_filters
                0x20000c1c       0xc0 Build_STM32G431xx_Candlelight_MksMakerbase/can.o
                0x20000c1c                can_filters
 .bss.can_handle
                0x20000cdc       0x64 Build_STM32G431xx_Candlelight_MksMakerbase/can.o
                0x20000cdc                can_handle
 .bss.USER_Flags
                0x20000d40        0x1 Build_STM32G431xx_Candlelight_MksMakerbase/can.o
                0x20000d40                USER_Flags
 .bss.last_state
                0x20000d41        0x6 Build_STM32G431xx_Candlelight_MksMakerbase/error.o
                0x20000d41                last_state
 .bss.cur_state
                0x20000d47        0x6 Build_STM32G431xx_Candlelight_MksMakerbase/error.o
                0x20000d47                cur_state
 *fill*         0x20000d4d        0x3 
 .bss.last_tick
                0x20000d50        0x4 Build_STM32G431xx_Candlelight_MksMakerbase/error.o
                0x20000d50                last_tick
 .bss.report_now
                0x20000d54        0x1 Build_STM32G431xx_Candlelight_MksMakerbase/error.o
                0x20000d54                report_now
 .bss.led_identify
                0x20000d55        0x1 Build_STM32G431xx_Candlelight_MksMakerbase/led.o
 *fill*         0x20000d56        0x2 
 .bss.led_blink_count
                0x20000d58        0x4 Build_STM32G431xx_Candlelight_MksMakerbase/led.o
 .bss.led_next_blink
                0x20000d5c        0x4 Build_STM32G431xx_Candlelight_MksMakerbase/led.o
 .bss.led_error_was_indicating
                0x20000d60        0x1 Build_STM32G431xx_Candlelight_MksMakerbase/led.o
 *fill*         0x20000d61        0x3 
 .bss.led_TX_lastoff
                0x20000d64        0x4 Build_STM32G431xx_Candlelight_MksMakerbase/led.o
 .bss.led_RX_lastoff
                0x20000d68        0x4 Build_STM32G431xx_Candlelight_MksMakerbase/led.o
 .bss.led_TX_laston
                0x20000d6c        0x4 Build_STM32G431xx_Candlelight_MksMakerbase/led.o
 .bss.led_RX_laston
                0x20000d70        0x4 Build_STM32G431xx_Candlelight_MksMakerbase/led.o
 .bss.dfu_require_reset
                0x20000d74        0x1 Build_STM32G431xx_Candlelight_MksMakerbase/dfu.o
 *fill*         0x20000d75        0x3 
 .bss.dfu_delay_start
                0x20000d78        0x4 Build_STM32G431xx_Candlelight_MksMakerbase/dfu.o
 .bss.dfu_sys_memory_base
                0x20000d7c        0x4 Build_STM32G431xx_Candlelight_MksMakerbase/dfu.o
 .bss.MCU_name  0x20000d80       0x1e Build_STM32G431xx_Candlelight_MksMakerbase/utils.o
                0x20000d80                MCU_name
 *fill*         0x20000d9e        0x2 
 .bss.limits    0x20000da0       0x20 Build_STM32G431xx_Candlelight_MksMakerbase/utils.o
                0x20000da0                limits
 .bss.cfgidx.0  0x20000dc0        0x1 Build_STM32G431xx_Candlelight_MksMakerbase/usb_ctrlreq.o
 *fill*         0x20000dc1        0x3 
 .bss.USB_Device
                0x20000dc4      0x2c4 Build_STM32G431xx_Candlelight_MksMakerbase/usb_core.o
                0x20000dc4                USB_Device
 .bss.bSuspended
                0x20001088        0x1 Build_STM32G431xx_Candlelight_MksMakerbase/usb_lowlevel.o
                0x20001088                bSuspended
 *fill*         0x20001089        0x3 
 .bss.hpcd_USB_FS
                0x2000108c      0x274 Build_STM32G431xx_Candlelight_MksMakerbase/usb_lowlevel.o
                0x2000108c                hpcd_USB_FS
 .bss.USBD_StrDesc
                0x20001300      0x200 Build_STM32G431xx_Candlelight_MksMakerbase/usb_desc.o
                0x20001300                USBD_StrDesc
 .bss.ELM_BoardInfo
                0x20001500       0x34 Build_STM32G431xx_Candlelight_MksMakerbase/Candlelight/control.o
                0x20001500                ELM_BoardInfo
 .bss.GS_DeviceVersion
                0x20001534        0xc Build_STM32G431xx_Candlelight_MksMakerbase/Candlelight/control.o
                0x20001534                GS_DeviceVersion
 .bss.GS_CapabilityFD
                0x20001540       0x48 Build_STM32G431xx_Candlelight_MksMakerbase/Candlelight/control.o
                0x20001540                GS_CapabilityFD
 .bss.GS_CapabilityClassic
                0x20001588       0x28 Build_STM32G431xx_Candlelight_MksMakerbase/Candlelight/control.o
                0x20001588                GS_CapabilityClassic
 .bss.host_pool_buffer
                0x200015b0     0x1810 Build_STM32G431xx_Candlelight_MksMakerbase/Candlelight/buffer.o
                0x200015b0                host_pool_buffer
 .bss.can_pool_buffer
                0x20002dc0     0x1600 Build_STM32G431xx_Candlelight_MksMakerbase/Candlelight/buffer.o
                0x20002dc0                can_pool_buffer
 .bss.USB_BufHandle
                0x200043c0      0x10c Build_STM32G431xx_Candlelight_MksMakerbase/Candlelight/buffer.o
                0x200043c0                USB_BufHandle
 .bss.ifalt.0   0x200044cc        0x1 Build_STM32G431xx_Candlelight_MksMakerbase/Candlelight/usb_class.o
 .bss.DFU_Status
                0x200044cd        0x6 Build_STM32G431xx_Candlelight_MksMakerbase/Candlelight/usb_class.o
                0x200044cd                DFU_Status
 *fill*         0x200044d3        0x1 
 .bss.uwTick    0x200044d4        0x4 Build_STM32G431xx_Candlelight_MksMakerbase/STM32Cube/libstm32cube.a(stm32g4xx_hal.o)
                0x200044d4                uwTick
 *(COMMON)
                0x200044d8                        . = ALIGN (0x4)
                0x200044d8                        _ebss = .
                0x200044d8                        __bss_end__ = _ebss

._user_heap_stack
                0x200044d8      0x600 load address 0x0800d8c0
                0x200044d8                        . = ALIGN (0x8)
                0x200044d8                        PROVIDE (end = .)
                [!provide]                        PROVIDE (_end = .)
                0x200046d8                        . = (. + _Min_Heap_Size)
 *fill*         0x200044d8      0x200 
                0x20004ad8                        . = (. + _Min_Stack_Size)
 *fill*         0x200046d8      0x400 
                0x20004ad8                        . = ALIGN (0x8)

/DISCARD/
 libc.a(*)
 libm.a(*)
 libgcc.a(*)

.ARM.attributes
                0x00000000       0x2a
 *(.ARM.attributes)
 .ARM.attributes
                0x00000000       0x1e /usr/lib/gcc/arm-none-eabi/14.2.1/thumb/v7e-m/nofp/crti.o
 .ARM.attributes
                0x0000001e       0x2e /usr/lib/gcc/arm-none-eabi/14.2.1/thumb/v7e-m/nofp/crtbegin.o
 .ARM.attributes
                0x0000004c       0x2e Build_STM32G431xx_Candlelight_MksMakerbase/main.o
 .ARM.attributes
                0x0000007a       0x2e Build_STM32G431xx_Candlelight_MksMakerbase/system_stm32g4xx.o
 .ARM.attributes
                0x000000a8       0x2e Build_STM32G431xx_Candlelight_MksMakerbase/system.o
 .ARM.attributes
                0x000000d6       0x2e Build_STM32G431xx_Candlelight_MksMakerbase/interrupts.o
 .ARM.attributes
                0x00000104       0x2e Build_STM32G431xx_Candlelight_MksMakerbase/can.o
 .ARM.attributes
                0x00000132       0x2e Build_STM32G431xx_Candlelight_MksMakerbase/error.o
 .ARM.attributes
                0x00000160       0x2e Build_STM32G431xx_Candlelight_MksMakerbase/led.o
 .ARM.attributes
                0x0000018e       0x2e Build_STM32G431xx_Candlelight_MksMakerbase/dfu.o
 .ARM.attributes
                0x000001bc       0x2e Build_STM32G431xx_Candlelight_MksMakerbase/utils.o
 .ARM.attributes
                0x000001ea       0x2e Build_STM32G431xx_Candlelight_MksMakerbase/usb_ctrlreq.o
 .ARM.attributes
                0x00000218       0x2e Build_STM32G431xx_Candlelight_MksMakerbase/usb_ioreq.o
 .ARM.attributes
                0x00000246       0x2e Build_STM32G431xx_Candlelight_MksMakerbase/usb_core.o
 .ARM.attributes
                0x00000274       0x2e Build_STM32G431xx_Candlelight_MksMakerbase/usb_lowlevel.o
 .ARM.attributes
                0x000002a2       0x2e Build_STM32G431xx_Candlelight_MksMakerbase/usb_desc.o
 .ARM.attributes
                0x000002d0       0x21 Build_STM32G431xx_Candlelight_MksMakerbase/startup_STM32G431xx.o
 .ARM.attributes
                0x000002f1       0x2e Build_STM32G431xx_Candlelight_MksMakerbase/Candlelight/control.o
 .ARM.attributes
                0x0000031f       0x2e Build_STM32G431xx_Candlelight_MksMakerbase/Candlelight/buffer.o
 .ARM.attributes
                0x0000034d       0x2e Build_STM32G431xx_Candlelight_MksMakerbase/Candlelight/usb_class.o
 .ARM.attributes
                0x0000037b       0x2e Build_STM32G431xx_Candlelight_MksMakerbase/STM32Cube/libstm32cube.a(stm32g4xx_hal.o)
 .ARM.attributes
                0x000003a9       0x2e Build_STM32G431xx_Candlelight_MksMakerbase/STM32Cube/libstm32cube.a(stm32g4xx_hal_cortex.o)
 .ARM.attributes
                0x000003d7       0x2e Build_STM32G431xx_Candlelight_MksMakerbase/STM32Cube/libstm32cube.a(stm32g4xx_hal_fdcan.o)
 .ARM.attributes
                0x00000405       0x2e Build_STM32G431xx_Candlelight_MksMakerbase/STM32Cube/libstm32cube.a(stm32g4xx_hal_flash.o)
 .ARM.attributes