Archive member included to satisfy reference by file (symbol)

Build_STM32G431xx_Slcan_MksMakerbase/STM32Cube/libstm32cube.a(stm32g4xx_hal.o)
                              Build_STM32G431xx_Slcan_MksMakerbase/system.o (HAL_Init)
Build_STM32G431xx_Slcan_MksMakerbase/STM32Cube/libstm32cube.a(stm32g4xx_hal_cortex.o)
                              Build_STM32G431xx_Slcan_MksMakerbase/STM32Cube/libstm32cube.a(stm32g4xx_hal.o) (HAL_NVIC_SetPriorityGrouping)
Build_STM32G431xx_Slcan_MksMakerbase/STM32Cube/libstm32cube.a(stm32g4xx_hal_fdcan.o)
                              Build_STM32G431xx_Slcan_MksMakerbase/can.o (HAL_FDCAN_Init)
Build_STM32G431xx_Slcan_MksMakerbase/STM32Cube/libstm32cube.a(stm32g4xx_hal_flash.o)
                              Build_STM32G431xx_Slcan_MksMakerbase/system.o (HAL_FLASH_Unlock)
Build_STM32G431xx_Slcan_MksMakerbase/STM32Cube/libstm32cube.a(stm32g4xx_hal_flash_ex.o)
                              Build_STM32G431xx_Slcan_MksMakerbase/system.o (HAL_FLASHEx_OBProgram)
Build_STM32G431xx_Slcan_MksMakerbase/STM32Cube/libstm32cube.a(stm32g4xx_hal_gpio.o)
                              Build_STM32G431xx_Slcan_MksMakerbase/can.o (HAL_GPIO_Init)
Build_STM32G431xx_Slcan_MksMakerbase/STM32Cube/libstm32cube.a(stm32g4xx_hal_pcd.o)
                              Build_STM32G431xx_Slcan_MksMakerbase/usb_lowlevel.o (HAL_PCD_Init)
Build_STM32G431xx_Slcan_MksMakerbase/STM32Cube/libstm32cube.a(stm32g4xx_hal_pcd_ex.o)
                              Build_STM32G431xx_Slcan_MksMakerbase/Slcan/usb_class.o (HAL_PCDEx_PMAConfig)
Build_STM32G431xx_Slcan_MksMakerbase/STM32Cube/libstm32cube.a(stm32g4xx_hal_pwr_ex.o)
                              Build_STM32G431xx_Slcan_MksMakerbase/system.o (HAL_PWREx_ControlVoltageScaling)
Build_STM32G431xx_Slcan_MksMakerbase/STM32Cube/libstm32cube.a(stm32g4xx_hal_rcc.o)
                              Build_STM32G431xx_Slcan_MksMakerbase/system.o (HAL_RCC_OscConfig)
Build_STM32G431xx_Slcan_MksMakerbase/STM32Cube/libstm32cube.a(stm32g4xx_hal_rcc_ex.o)
                              Build_STM32G431xx_Slcan_MksMakerbase/system.o (HAL_RCCEx_PeriphCLKConfig)
Build_STM32G431xx_Slcan_MksMakerbase/STM32Cube/libstm32cube.a(stm32g4xx_ll_usb.o)
                              Build_STM32G431xx_Slcan_MksMakerbase/STM32Cube/libstm32cube.a(stm32g4xx_hal_pcd.o) (USB_EnableGlobalInt)
Build_STM32G431xx_Slcan_MksMakerbase/STM32Cube/libstm32cube.a(stm32g4xx_hal_pwr.o)
                              Build_STM32G431xx_Slcan_MksMakerbase/STM32Cube/libstm32cube.a(stm32g4xx_hal_rcc_ex.o) (HAL_PWR_EnableBkUpAccess)
/usr/lib/gcc/arm-none-eabi/14.2.1/../../../arm-none-eabi/lib/thumb/v7e-m/nofp/libc.a(libc_a-memcpy.o)
                              Build_STM32G431xx_Slcan_MksMakerbase/Slcan/buffer.o (memcpy)
/usr/lib/gcc/arm-none-eabi/14.2.1/../../../arm-none-eabi/lib/thumb/v7e-m/nofp/libc.a(libc_a-strcat.o)
                              Build_STM32G431xx_Slcan_MksMakerbase/can.o (strcat)
/usr/lib/gcc/arm-none-eabi/14.2.1/../../../arm-none-eabi/lib/thumb/v7e-m/nofp/libc.a(libc_a-sprintf.o)
                              Build_STM32G431xx_Slcan_MksMakerbase/can.o (sprintf)
/usr/lib/gcc/arm-none-eabi/14.2.1/../../../arm-none-eabi/lib/thumb/v7e-m/nofp/libc.a(libc_a-memcmp.o)
                              Build_STM32G431xx_Slcan_MksMakerbase/error.o (memcmp)
/usr/lib/gcc/arm-none-eabi/14.2.1/../../../arm-none-eabi/lib/thumb/v7e-m/nofp/libc.a(libc_a-init.o)
                              /usr/lib/gcc/arm-none-eabi/14.2.1/../../../arm-none-eabi/lib/thumb/v7e-m/nofp/crt0.o (__libc_init_array)
/usr/lib/gcc/arm-none-eabi/14.2.1/../../../arm-none-eabi/lib/thumb/v7e-m/nofp/libc.a(libc_a-strlen.o)
                              Build_STM32G431xx_Slcan_MksMakerbase/can.o (strlen)
/usr/lib/gcc/arm-none-eabi/14.2.1/../../../arm-none-eabi/lib/thumb/v7e-m/nofp/libc.a(libc_a-strcpy.o)
                              Build_STM32G431xx_Slcan_MksMakerbase/utils.o (strcpy)
/usr/lib/gcc/arm-none-eabi/14.2.1/../../../arm-none-eabi/lib/thumb/v7e-m/nofp/libc.a(libc_a-svfprintf.o)
                              /usr/lib/gcc/arm-none-eabi/14.2.1/../../../arm-none-eabi/lib/thumb/v7e-m/nofp/libc.a(libc_a-sprintf.o) (_svfprintf_r)
/usr/lib/gcc/arm-none-eabi/14.2.1/../../../arm-none-eabi/lib/thumb/v7e-m/nofp/libc.a(libc_a-fini.o)
                              /usr/lib/gcc/arm-none-eabi/14.2.1/../../../arm-none-eabi/lib/thumb/v7e-m/nofp/crt0.o (__libc_fini_array)
/usr/lib/gcc/arm-none-eabi/14.2.1/../../../arm-none-eabi/lib/thumb/v7e-m/nofp/libc.a(libc_a-memchr.o)
                              /usr/lib/gcc/arm-none-eabi/14.2.1/../../../arm-none-eabi/lib/thumb/v7e-m/nofp/libc.a(libc_a-svfprintf.o) (memchr)
/usr/lib/gcc/arm-none-eabi/14.2.1/../../../arm-none-eabi/lib/thumb/v7e-m/nofp/libc.a(libc_a-memset.o)
                              /usr/lib/gcc/arm-none-eabi/14.2.1/../../../arm-none-eabi/lib/thumb/v7e-m/nofp/crt0.o (memset)
/usr/lib/gcc/arm-none-eabi/14.2.1/../../../arm-none-eabi/lib/thumb/v7e-m/nofp/libc.a(libc_a-impure.o)
[...]
Memory Configuration

Name             Origin             Length             Attributes
RAM              0x20000000         0x00008000         xrw
FLASH            0x08000000         0x0001f800         xr
DATA             0x0801f800         0x00000800         xr
*default*        0x00000000         0xffffffff

Linker script and memory map

LOAD /usr/lib/gcc/arm-none-eabi/14.2.1/thumb/v7e-m/nofp/crti.o
LOAD /usr/lib/gcc/arm-none-eabi/14.2.1/thumb/v7e-m/nofp/crtbegin.o
LOAD /usr/lib/gcc/arm-none-eabi/14.2.1/../../../arm-none-eabi/lib/thumb/v7e-m/nofp/crt0.o
LOAD Build_STM32G431xx_Slcan_MksMakerbase/main.o
LOAD Build_STM32G431xx_Slcan_MksMakerbase/system_stm32g4xx.o
LOAD Build_STM32G431xx_Slcan_MksMakerbase/system.o
LOAD Build_STM32G431xx_Slcan_MksMakerbase/interrupts.o
LOAD Build_STM32G431xx_Slcan_MksMakerbase/can.o
LOAD Build_STM32G431xx_Slcan_MksMakerbase/error.o
LOAD Build_STM32G431xx_Slcan_MksMakerbase/led.o
LOAD Build_STM32G431xx_Slcan_MksMakerbase/dfu.o
LOAD Build_STM32G431xx_Slcan_MksMakerbase/utils.o
LOAD Build_STM32G431xx_Slcan_MksMakerbase/usb_ctrlreq.o
LOAD Build_STM32G431xx_Slcan_MksMakerbase/usb_ioreq.o
LOAD Build_STM32G431xx_Slcan_MksMakerbase/usb_core.o
LOAD Build_STM32G431xx_Slcan_MksMakerbase/usb_lowlevel.o
LOAD Build_STM32G431xx_Slcan_MksMakerbase/usb_desc.o
LOAD Build_STM32G431xx_Slcan_MksMakerbase/startup_STM32G431xx.o
LOAD Build_STM32G431xx_Slcan_MksMakerbase/Slcan/control.o
LOAD Build_STM32G431xx_Slcan_MksMakerbase/Slcan/buffer.o
LOAD Build_STM32G431xx_Slcan_MksMakerbase/Slcan/usb_class.o
LOAD Build_STM32G431xx_Slcan_MksMakerbase/Slcan/usb_interface.o
LOAD Build_STM32G431xx_Slcan_MksMakerbase/STM32Cube/libstm32cube.a
LOAD /usr/lib/gcc/arm-none-eabi/14.2.1/../../../arm-none-eabi/lib/thumb/v7e-m/nofp/libc.a
LOAD /usr/lib/gcc/arm-none-eabi/14.2.1/../../../arm-none-eabi/lib/thumb/v7e-m/nofp/libm.a
LOAD /usr/lib/gcc/arm-none-eabi/14.2.1/../../../arm-none-eabi/lib/thumb/v7e-m/nofp/libnosys.a
START GROUP
LOAD /usr/lib/gcc/arm-none-eabi/14.2.1/thumb/v7e-m/nofp/libgcc.a
LOAD /usr/lib/gcc/arm-none-eabi/14.2.1/../../../arm-none-eabi/lib/thumb/v7e-m/nofp/libg.a
LOAD /usr/lib/gcc/arm-none-eabi/14.2.1/../../../arm-none-eabi/lib/thumb/v7e-m/nofp/libc.a
END GROUP
LOAD /usr/lib/gcc/arm-none-eabi/14.2.1/thumb/v7e-m/nofp/crtend.o
LOAD /usr/lib/gcc/arm-none-eabi/14.2.1/thumb/v7e-m/nofp/crtn.o
                0x20008000                        _estack = 0x20008000
                0x00000200                        _Min_Heap_Size = 0x200
                0x00000400                        _Min_Stack_Size = 0x400

.isr_vector     0x08000000      0x1d8
                0x08000000                        . = ALIGN (0x4)
 *(.isr_vector)
 .isr_vector    0x08000000      0x1d8 Build_STM32G431xx_Slcan_MksMakerbase/startup_STM32G431xx.o
                0x08000000                g_pfnVectors
                0x080001d8                        . = ALIGN (0x4)

.text           0x08000200     0xd040
                0x08000200                        . = ALIGN (0x4)
 *(.text)
 .text          0x08000200       0x88 /usr/lib/gcc/arm-none-eabi/14.2.1/thumb/v7e-m/nofp/crtbegin.o
 .text          0x08000288      0x134 /usr/lib/gcc/arm-none-eabi/14.2.1/../../../arm-none-eabi/lib/thumb/v7e-m/nofp/libc.a(libc_a-memcpy.o)
                0x08000288                memcpy
 .text          0x080003bc       0x68 /usr/lib/gcc/arm-none-eabi/14.2.1/../../../arm-none-eabi/lib/thumb/v7e-m/nofp/libc.a(libc_a-strcat.o)
                0x080003bc                strcat
 .text          0x08000424       0x80 /usr/lib/gcc/arm-none-eabi/14.2.1/../../../arm-none-eabi/lib/thumb/v7e-m/nofp/libc.a(libc_a-sprintf.o)
                0x08000424                _sprintf_r
                0x08000460                sprintf
 .text          0x080004a4       0x5c /usr/lib/gcc/arm-none-eabi/14.2.1/../../../arm-none-eabi/lib/thumb/v7e-m/nofp/libc.a(libc_a-memcmp.o)
                0x080004a4                memcmp
 .text          0x08000500       0x50 /usr/lib/gcc/arm-none-eabi/14.2.1/../../../arm-none-eabi/lib/thumb/v7e-m/nofp/libc.a(libc_a-init.o)
                0x08000500                __libc_init_array
 *fill*         0x08000550       0x30 
 .text          0x08000580       0xd8 /usr/lib/gcc/arm-none-eabi/14.2.1/../../../arm-none-eabi/lib/thumb/v7e-m/nofp/libc.a(libc_a-strlen.o)
                0x08000580                strlen
 .text          0x08000658       0xbc /usr/lib/gcc/arm-none-eabi/14.2.1/../../../arm-none-eabi/lib/thumb/v7e-m/nofp/libc.a(libc_a-strcpy.o)
                0x08000658                strcpy
 .text          0x08000714     0x1a44 /usr/lib/gcc/arm-none-eabi/14.2.1/../../../arm-none-eabi/lib/thumb/v7e-m/nofp/libc.a(libc_a-svfprintf.o)
                0x08000714                _svfprintf_r
 .text          0x08002158       0x28 /usr/lib/gcc/arm-none-eabi/14.2.1/../../../arm-none-eabi/lib/thumb/v7e-m/nofp/libc.a(libc_a-fini.o)
                0x08002158                __libc_fini_array
 .text          0x08002180       0xa0 /usr/lib/gcc/arm-none-eabi/14.2.1/../../../arm-none-eabi/lib/thumb/v7e-m/nofp/libc.a(libc_a-memchr.o)
                0x08002180                memchr
 .text          0x08002220       0x9c /usr/lib/gcc/arm-none-eabi/14.2.1/../../../arm-none-eabi/lib/thumb/v7e-m/nofp/libc.a(libc_a-memset.o)
                0x08002220                memset
 *fill*         0x080022bc        0x4 
 .text          0x080022c0      0x2e0 /usr/lib/gcc/arm-none-eabi/14.2.1/../../../arm-none-eabi/lib/thumb/v7e-m/nofp/libc.a(libc_a-strcmp.o)
                0x080022c0                strcmp
 .text          0x080025a0        0xc /usr/lib/gcc/arm-none-eabi/14.2.1/../../../arm-none-eabi/lib/thumb/v7e-m/nofp/libc.a(libc_a-atexit.o)
                0x080025a0                atexit
 .text          0x080025ac       0x58 /usr/lib/gcc/arm-none-eabi/14.2.1/../../../arm-none-eabi/lib/thumb/v7e-m/nofp/libc.a(libc_a-ssprint_r.o)
                0x080025ac                __ssprint_r
 .text          0x08002604      0x224 /usr/lib/gcc/arm-none-eabi/14.2.1/../../../arm-none-eabi/lib/thumb/v7e-m/nofp/libc.a(libc_a-findfp.o)
                0x08002734                __sfp
                0x080027d8                __sinit
                0x080027f8                __sfp_lock_acquire
                0x080027fc                __sfp_lock_release
                0x08002800                __fp_lock_all
                0x08002814                __fp_unlock_all
 .text          0x08002828       0x44 /usr/lib/gcc/arm-none-eabi/14.2.1/../../../arm-none-eabi/lib/thumb/v7e-m/nofp/libc.a(libc_a-fwalk.o)
                0x08002828                _fwalk_sglue
 .text          0x0800286c       0x14 /usr/lib/gcc/arm-none-eabi/14.2.1/../../../arm-none-eabi/lib/thumb/v7e-m/nofp/libc.a(libc_a-localeconv.o)
                0x0800286c                __localeconv_l
                0x08002870                _localeconv_r
                0x08002878                localeconv
 .text          0x08002880      0x590 /usr/lib/gcc/arm-none-eabi/14.2.1/../../../arm-none-eabi/lib/thumb/v7e-m/nofp/libc.a(libc_a-mallocr.o)
                0x08002880                _malloc_r
 .text          0x08002e10     0x1174 /usr/lib/gcc/arm-none-eabi/14.2.1/../../../arm-none-eabi/lib/thumb/v7e-m/nofp/libc.a(libc_a-dtoa.o)
                0x08002f3c                _dtoa_r
 .text          0x08003f84       0x24 /usr/lib/gcc/arm-none-eabi/14.2.1/../../../arm-none-eabi/lib/thumb/v7e-m/nofp/libc.a(libc_a-sbrkr.o)
                0x08003f84                _sbrk_r
 .text          0x08003fa8      0x2a8 /usr/lib/gcc/arm-none-eabi/14.2.1/../../../arm-none-eabi/lib/thumb/v7e-m/nofp/libc.a(libc_a-freer.o)
                0x08003fa8                _malloc_trim_r
                0x08004060                _free_r
 .text          0x08004250       0x64 /usr/lib/gcc/arm-none-eabi/14.2.1/../../../arm-none-eabi/lib/thumb/v7e-m/nofp/libc.a(libc_a-__atexit.o)
                0x08004250                __register_exitproc
 .text          0x080042b4       0xc0 /usr/lib/gcc/arm-none-eabi/14.2.1/../../../arm-none-eabi/lib/thumb/v7e-m/nofp/libc.a(libc_a-ssputs_r.o)
                0x080042b4                __ssputs_r
 .text          0x08004374        0x8 /usr/lib/gcc/arm-none-eabi/14.2.1/../../../arm-none-eabi/lib/thumb/v7e-m/nofp/libc.a(libc_a-mlock.o)
                0x08004374                __malloc_lock
                0x08004378                __malloc_unlock
 .text          0x0800437c       0x94 /usr/lib/gcc/arm-none-eabi/14.2.1/../../../arm-none-eabi/lib/thumb/v7e-m/nofp/libc.a(libc_a-stdio.o)
                0x0800437c                __sread
                0x080043a0                __seofread
                0x080043a4                __swrite
                0x080043e4                __sseek
                0x08004408                __sclose
 .text          0x08004410      0x130 /usr/lib/gcc/arm-none-eabi/14.2.1/../../../arm-none-eabi/lib/thumb/v7e-m/nofp/libc.a(libc_a-memmove.o)
                0x08004410                memmove
 .text          0x08004540       0x4c /usr/lib/gcc/arm-none-eabi/14.2.1/../../../arm-none-eabi/lib/thumb/v7e-m/nofp/libc.a(libc_a-assert.o)
                0x08004540                __assert_func
                0x08004580                __assert
 .text          0x0800458c      0xab8 /usr/lib/gcc/arm-none-eabi/14.2.1/../../../arm-none-eabi/lib/thumb/v7e-m/nofp/libc.a(libc_a-mprec.o)
                0x0800458c                _Balloc
                0x080045d8                _Bfree
                0x080045ec                __multadd
                0x0800468c                __s2b
                0x08004740                __hi0bits
                0x08004794                __lo0bits
                0x08004814                __i2b
                0x08004870                __multiply
                0x080049dc                __pow5mult
                0x08004a9c                __lshift
                0x08004b84                __mcmp
                0x08004bc4                __mdiff
                0x08004d38                __ulp
                0x08004d84                __b2d
                0x08004e44                __d2b
                0x08004efc                __ratio
                0x08004f58                _mprec_log10
                0x08004f90                __copybits
                0x08004fec                __any_on
 .text          0x08005044       0xa0 /usr/lib/gcc/arm-none-eabi/14.2.1/../../../arm-none-eabi/lib/thumb/v7e-m/nofp/libc.a(libc_a-fclose.o)
                0x08005044                _fclose_r
                0x080050d4                fclose
 .text          0x080050e4       0x44 /usr/lib/gcc/arm-none-eabi/14.2.1/../../../arm-none-eabi/lib/thumb/v7e-m/nofp/libc.a(libc_a-fiprintf.o)
                0x080050e4                _fiprintf_r
                0x08005100                fiprintf
 .text          0x08005128       0x2c /usr/lib/gcc/arm-none-eabi/14.2.1/../../../arm-none-eabi/lib/thumb/v7e-m/nofp/libc.a(libc_a-readr.o)
                0x08005128                _read_r
 .text          0x08005154       0x1c /usr/lib/gcc/arm-none-eabi/14.2.1/../../../arm-none-eabi/lib/thumb/v7e-m/nofp/libc.a(libc_a-sysconf.o)
                0x08005154                sysconf
 .text          0x08005170       0x40 /usr/lib/gcc/arm-none-eabi/14.2.1/../../../arm-none-eabi/lib/thumb/v7e-m/nofp/libc.a(libc_a-mbtowc_r.o)
                0x08005170                _mbtowc_r
                0x08005184                __ascii_mbtowc
 .text          0x080051b0        0xc /usr/lib/gcc/arm-none-eabi/14.2.1/../../../arm-none-eabi/lib/thumb/v7e-m/nofp/libc.a(libc_a-errno.o)
                0x080051b0                __errno
 .text          0x080051bc       0x2c /usr/lib/gcc/arm-none-eabi/14.2.1/../../../arm-none-eabi/lib/thumb/v7e-m/nofp/libc.a(libc_a-writer.o)
                0x080051bc                _write_r
 .text          0x080051e8       0x24 /usr/lib/gcc/arm-none-eabi/14.2.1/../../../arm-none-eabi/lib/thumb/v7e-m/nofp/libc.a(libc_a-closer.o)
                0x080051e8                _close_r
 .text          0x0800520c       0x10 /usr/lib/gcc/arm-none-eabi/14.2.1/../../../arm-none-eabi/lib/thumb/v7e-m/nofp/libc.a(libc_a-abort.o)
                0x0800520c                abort
 .text          0x0800521c       0x6c /usr/lib/gcc/arm-none-eabi/14.2.1/../../../arm-none-eabi/lib/thumb/v7e-m/nofp/libc.a(libc_a-callocr.o)
                0x0800521c                _calloc_r
 .text          0x08005288       0x30 /usr/lib/gcc/arm-none-eabi/14.2.1/../../../arm-none-eabi/lib/thumb/v7e-m/nofp/libc.a(libc_a-wctomb_r.o)
                0x08005288                _wctomb_r
                0x0800529c                __ascii_wctomb
 .text          0x080052b8      0x198 /usr/lib/gcc/arm-none-eabi/14.2.1/../../../arm-none-eabi/lib/thumb/v7e-m/nofp/libc.a(libc_a-fflush.o)
                0x080052b8                __sflush_r
                0x080053dc                _fflush_r
                0x08005408                fflush
 .text          0x08005450      0x348 /usr/lib/gcc/arm-none-eabi/14.2.1/../../../arm-none-eabi/lib/thumb/v7e-m/nofp/libc.a(libc_a-reallocr.o)
                0x08005450                _realloc_r
 .text          0x08005798       0x2c /usr/lib/gcc/arm-none-eabi/14.2.1/../../../arm-none-eabi/lib/thumb/v7e-m/nofp/libc.a(libc_a-lseekr.o)
                0x08005798                _lseek_r
 .text          0x080057c4      0x27c /usr/lib/gcc/arm-none-eabi/14.2.1/../../../arm-none-eabi/lib/thumb/v7e-m/nofp/libc.a(libc_a-signal.o)
                0x080057c4                _init_signal_r
                0x080057f4                _signal_r
                0x08005844                _raise_r
                0x08005898                __sigtramp_r
                0x080058fc                raise
                0x08005954                signal
                0x080059a4                _init_signal
                0x080059dc                __sigtramp
 .text          0x08005a40      0xdf4 /usr/lib/gcc/arm-none-eabi/14.2.1/../../../arm-none-eabi/lib/thumb/v7e-m/nofp/libc.a(libc_a-vfiprintf.o)
                0x08005a40                _vfiprintf_r
                0x080067b0                vfiprintf
 .text          0x08006834       0x20 /usr/lib/gcc/arm-none-eabi/14.2.1/../../../arm-none-eabi/lib/thumb/v7e-m/nofp/libc.a(libc_a-sprint_r.o)
                0x08006834                __sprint_r
 .text          0x08006854       0x30 /usr/lib/gcc/arm-none-eabi/14.2.1/../../../arm-none-eabi/lib/thumb/v7e-m/nofp/libc.a(libc_a-signalr.o)
                0x08006854                _kill_r
                0x08006880                _getpid_r
 .text          0x08006884       0xfc /usr/lib/gcc/arm-none-eabi/14.2.1/../../../arm-none-eabi/lib/thumb/v7e-m/nofp/libc.a(libc_a-wsetup.o)
                0x08006884                __swsetup_r
 .text          0x08006980      0x2d8 /usr/lib/gcc/arm-none-eabi/14.2.1/../../../arm-none-eabi/lib/thumb/v7e-m/nofp/libc.a(libc_a-fvwrite.o)
                0x08006980                __sfvwrite_r
 .text          0x08006c58      0x130 /usr/lib/gcc/arm-none-eabi/14.2.1/../../../arm-none-eabi/lib/thumb/v7e-m/nofp/libc.a(libc_a-makebuf.o)
                0x08006c58                __smakebuf_r
                0x08006d28                __swhatbuf_r
 .text          0x08006d88       0x2c /usr/lib/gcc/arm-none-eabi/14.2.1/../../../arm-none-eabi/lib/thumb/v7e-m/nofp/libc.a(libc_a-fstatr.o)
                0x08006d88                _fstat_r
 .text          0x08006db4       0x24 /usr/lib/gcc/arm-none-eabi/14.2.1/../../../arm-none-eabi/lib/thumb/v7e-m/nofp/libc.a(libc_a-isattyr.o)
                0x08006db4                _isatty_r
 .text          0x08006dd8       0x10 /usr/lib/gcc/arm-none-eabi/14.2.1/../../../arm-none-eabi/lib/thumb/v7e-m/nofp/libnosys.a(close.o)
                0x08006dd8                _close
 .text          0x08006de8       0x10 /usr/lib/gcc/arm-none-eabi/14.2.1/../../../arm-none-eabi/lib/thumb/v7e-m/nofp/libnosys.a(fstat.o)
                0x08006de8                _fstat
 .text          0x08006df8       0x10 /usr/lib/gcc/arm-none-eabi/14.2.1/../../../arm-none-eabi/lib/thumb/v7e-m/nofp/libnosys.a(getpid.o)
                0x08006df8                _getpid
 .text          0x08006e08       0x10 /usr/lib/gcc/arm-none-eabi/14.2.1/../../../arm-none-eabi/lib/thumb/v7e-m/nofp/libnosys.a(isatty.o)
                0x08006e08                _isatty
 .text          0x08006e18       0x10 /usr/lib/gcc/arm-none-eabi/14.2.1/../../../arm-none-eabi/lib/thumb/v7e-m/nofp/libnosys.a(kill.o)
                0x08006e18                _kill
 .text          0x08006e28       0x10 /usr/lib/gcc/arm-none-eabi/14.2.1/../../../arm-none-eabi/lib/thumb/v7e-m/nofp/libnosys.a(lseek.o)
                0x08006e28                _lseek
 .text          0x08006e38       0x10 /usr/lib/gcc/arm-none-eabi/14.2.1/../../../arm-none-eabi/lib/thumb/v7e-m/nofp/libnosys.a(read.o)
                0x08006e38                _read
 .text          0x08006e48       0x1c /usr/lib/gcc/arm-none-eabi/14.2.1/../../../arm-none-eabi/lib/thumb/v7e-m/nofp/libnosys.a(sbrk.o)
                0x08006e48                _sbrk
 .text          0x08006e64       0x10 /usr/lib/gcc/arm-none-eabi/14.2.1/../../../arm-none-eabi/lib/thumb/v7e-m/nofp/libnosys.a(write.o)
                0x08006e64                _write
 .text          0x08006e74        0x4 /usr/lib/gcc/arm-none-eabi/14.2.1/../../../arm-none-eabi/lib/thumb/v7e-m/nofp/libnosys.a(_exit.o)
                0x08006e74                _exit
 .text          0x08006e78      0x378 /usr/lib/gcc/arm-none-eabi/14.2.1/thumb/v7e-m/nofp/libgcc.a(_arm_addsubdf3.o)
                0x08006e78                __aeabi_drsub
                0x08006e80                __aeabi_dsub
                0x08006e80                __subdf3
                0x08006e84                __adddf3
                0x08006e84                __aeabi_dadd
                0x080070fc                __aeabi_ui2d
                0x080070fc                __floatunsidf
                0x0800711c                __floatsidf
                0x0800711c                __aeabi_i2d
                0x08007140                __extendsfdf2
                0x08007140                __aeabi_f2d
                0x08007184                __aeabi_ul2d
                0x08007184                __floatundidf
                0x08007194                __floatdidf
                0x08007194                __aeabi_l2d
 .text          0x080071f0      0x424 /usr/lib/gcc/arm-none-eabi/14.2.1/thumb/v7e-m/nofp/libgcc.a(_arm_muldivdf3.o)
                0x080071f0                __aeabi_dmul
                0x080071f0                __muldf3
                0x08007444                __aeabi_ddiv
                0x08007444                __divdf3
 .text          0x08007614      0x110 /usr/lib/gcc/arm-none-eabi/14.2.1/thumb/v7e-m/nofp/libgcc.a(_arm_cmpdf2.o)
                0x08007614                __gtdf2
                0x08007614                __gedf2
                0x0800761c                __ltdf2
                0x0800761c                __ledf2
                0x08007624                __cmpdf2
                0x08007624                __eqdf2
                0x08007624                __nedf2
                0x080076a0                __aeabi_cdrcmple
                0x080076b0                __aeabi_cdcmple
                0x080076b0                __aeabi_cdcmpeq
                0x080076c0                __aeabi_dcmpeq
                0x080076d4                __aeabi_dcmplt
                0x080076e8                __aeabi_dcmple
                0x080076fc                __aeabi_dcmpge
                0x08007710                __aeabi_dcmpgt
 .text          0x08007724       0x2c /usr/lib/gcc/arm-none-eabi/14.2.1/thumb/v7e-m/nofp/libgcc.a(_arm_unorddf2.o)
                0x08007724                __aeabi_dcmpun
                0x08007724                __unorddf2
 .text          0x08007750       0x50 /usr/lib/gcc/arm-none-eabi/14.2.1/thumb/v7e-m/nofp/libgcc.a(_arm_fixdfsi.o)
                0x08007750                __fixdfsi
                0x08007750                __aeabi_d2iz
 *(.text*)
 .text.startup.main
                0x080077a0       0x90 Build_STM32G431xx_Slcan_MksMakerbase/main.o
                0x080077a0                main
 .text.SystemInit
                0x08007830       0x10 Build_STM32G431xx_Slcan_MksMakerbase/system_stm32g4xx.o
                0x08007830                SystemInit
 .text.system_get_mcu_serie
                0x08007840       0x3e Build_STM32G431xx_Slcan_MksMakerbase/system.o
                0x08007840                system_get_mcu_serie
 *fill*         0x0800787e        0x2 
 .text.system_get_can_clock
                0x08007880        0xc Build_STM32G431xx_Slcan_MksMakerbase/system.o
                0x08007880                system_get_can_clock
 .text.system_init_timestamp
                0x0800788c       0x5c Build_STM32G431xx_Slcan_MksMakerbase/system.o
                0x0800788c                system_init_timestamp
 .text.system_is_option_enabled
                0x080078e8       0x52 Build_STM32G431xx_Slcan_MksMakerbase/system.o
                0x080078e8                system_is_option_enabled
 *fill*         0x0800793a        0x2 
 .text.system_set_option_bytes
                0x0800793c       0xa8 Build_STM32G431xx_Slcan_MksMakerbase/system.o
                0x0800793c                system_set_option_bytes
 .text.system_init
                0x080079e4      0x140 Build_STM32G431xx_Slcan_MksMakerbase/system.o
                0x080079e4                system_init
 .text.NMI_Handler
                0x08007b24        0x2 Build_STM32G431xx_Slcan_MksMakerbase/interrupts.o
                0x08007b24                NMI_Handler
 .text.HardFault_Handler
                0x08007b26        0x2 Build_STM32G431xx_Slcan_MksMakerbase/interrupts.o
                0x08007b26                HardFault_Handler
 .text.MemManage_Handler
                0x08007b28        0x2 Build_STM32G431xx_Slcan_MksMakerbase/interrupts.o
                0x08007b28                MemManage_Handler
 .text.BusFault_Handler
                0x08007b2a        0x2 Build_STM32G431xx_Slcan_MksMakerbase/interrupts.o
                0x08007b2a                BusFault_Handler
 .text.UsageFault_Handler
                0x08007b2c        0x2 Build_STM32G431xx_Slcan_MksMakerbase/interrupts.o
                0x08007b2c                UsageFault_Handler
 .text.SVC_Handler
                0x08007b2e        0x2 Build_STM32G431xx_Slcan_MksMakerbase/interrupts.o
                0x08007b2e                SVC_Handler
 .text.DebugMon_Handler
                0x08007b30        0x2 Build_STM32G431xx_Slcan_MksMakerbase/interrupts.o
                0x08007b30                DebugMon_Handler
 .text.PendSV_Handler
                0x08007b32        0x2 Build_STM32G431xx_Slcan_MksMakerbase/interrupts.o
                0x08007b32                PendSV_Handler
 .text.USB_LP_IRQHandler
                0x08007b34        0xc Build_STM32G431xx_Slcan_MksMakerbase/interrupts.o
                0x08007b34                USB_LP_IRQHandler
 .text.USB_HP_IRQHandler
                0x08007b40        0x4 Build_STM32G431xx_Slcan_MksMakerbase/interrupts.o
                0x08007b40                USB_HP_IRQHandler
 .text.SysTick_Handler
                0x08007b44        0xe Build_STM32G431xx_Slcan_MksMakerbase/interrupts.o
                0x08007b44                SysTick_Handler
 *fill*         0x08007b52        0x2 
 .text.can_reset
                0x08007b54       0x54 Build_STM32G431xx_Slcan_MksMakerbase/can.o
                0x08007b54                can_reset
 .text.can_init
                0x08007ba8       0xa4 Build_STM32G431xx_Slcan_MksMakerbase/can.o
                0x08007ba8                can_init
 .text.can_close
                0x08007c4c       0x44 Build_STM32G431xx_Slcan_MksMakerbase/can.o
                0x08007c4c                can_close
 .text.can_timer_100ms
                0x08007c90       0xa4 Build_STM32G431xx_Slcan_MksMakerbase/can.o
                0x08007c90                can_timer_100ms
 .text.can_set_baudrate
                0x08007d34       0x98 Build_STM32G431xx_Slcan_MksMakerbase/can.o
                0x08007d34                can_set_baudrate
 .text.can_set_data_baudrate
                0x08007dcc       0x7c Build_STM32G431xx_Slcan_MksMakerbase/can.o
                0x08007dcc                can_set_data_baudrate
 .text.can_set_nom_bit_timing
                0x08007e48       0x40 Build_STM32G431xx_Slcan_MksMakerbase/can.o
                0x08007e48                can_set_nom_bit_timing
 .text.can_set_data_bit_timing
                0x08007e88       0x40 Build_STM32G431xx_Slcan_MksMakerbase/can.o
                0x08007e88                can_set_data_bit_timing
 .text.can_print_info
                0x08007ec8       0xa8 Build_STM32G431xx_Slcan_MksMakerbase/can.o
                0x08007ec8                can_print_info
 .text.can_apply_filters
                0x08007f70       0x3c Build_STM32G431xx_Slcan_MksMakerbase/can.o
                0x08007f70                can_apply_filters
 .text.can_set_mask_filter
                0x08007fac       0xb0 Build_STM32G431xx_Slcan_MksMakerbase/can.o
                0x08007fac                can_set_mask_filter
 .text.can_clear_filters
                0x0800805c       0x24 Build_STM32G431xx_Slcan_MksMakerbase/can.o
                0x0800805c                can_clear_filters
 .text.can_set_termination
                0x08008080        0x4 Build_STM32G431xx_Slcan_MksMakerbase/can.o
                0x08008080                can_set_termination
 .text.can_enable_busload
                0x08008084       0x14 Build_STM32G431xx_Slcan_MksMakerbase/can.o
                0x08008084                can_enable_busload
 .text.can_is_opened
                0x08008098        0xc Build_STM32G431xx_Slcan_MksMakerbase/can.o
                0x08008098                can_is_opened
 .text.can_is_passive
                0x080080a4        0xc Build_STM32G431xx_Slcan_MksMakerbase/can.o
                0x080080a4                can_is_passive
 .text.can_using_FD
                0x080080b0       0x10 Build_STM32G431xx_Slcan_MksMakerbase/can.o
                0x080080b0                can_using_FD
 .text.can_using_BRS
                0x080080c0       0x4c Build_STM32G431xx_Slcan_MksMakerbase/can.o
                0x080080c0                can_using_BRS
 .text.can_open
                0x0800810c      0x1dc Build_STM32G431xx_Slcan_MksMakerbase/can.o
                0x0800810c                can_open
 .text.can_send_packet
                0x080082e8       0x58 Build_STM32G431xx_Slcan_MksMakerbase/can.o
                0x080082e8                can_send_packet
 .text.can_is_tx_allowed
                0x08008340       0x30 Build_STM32G431xx_Slcan_MksMakerbase/can.o
                0x08008340                can_is_tx_allowed
 .text.can_get_handle
                0x08008370        0x8 Build_STM32G431xx_Slcan_MksMakerbase/can.o
                0x08008370                can_get_handle
 .text.can_calc_bit_count_in_frame
                0x08008378       0xb4 Build_STM32G431xx_Slcan_MksMakerbase/can.o
                0x08008378                can_calc_bit_count_in_frame
 .text.can_process
                0x0800842c      0x1e0 Build_STM32G431xx_Slcan_MksMakerbase/can.o
                0x0800842c                can_process
 .text.error_init
                0x0800860c       0x18 Build_STM32G431xx_Slcan_MksMakerbase/error.o
                0x0800860c                error_init
 .text.error_assert
                0x08008624       0x1c Build_STM32G431xx_Slcan_MksMakerbase/error.o
                0x08008624                error_assert
 .text.error_get_state
                0x08008640        0x8 Build_STM32G431xx_Slcan_MksMakerbase/error.o
                0x08008640                error_get_state
 .text.error_is_report_due
                0x08008648       0xf0 Build_STM32G431xx_Slcan_MksMakerbase/error.o
                0x08008648                error_is_report_due
 .text.error_clear
                0x08008738       0x10 Build_STM32G431xx_Slcan_MksMakerbase/error.o
                0x08008738                error_clear
 .text.led_init
                0x08008748       0x7c Build_STM32G431xx_Slcan_MksMakerbase/led.o
                0x08008748                led_init
 .text.led_sleep
                0x080087c4       0x20 Build_STM32G431xx_Slcan_MksMakerbase/led.o
                0x080087c4                led_sleep
 .text.led_blink_power_on
                0x080087e4       0x4e Build_STM32G431xx_Slcan_MksMakerbase/led.o
                0x080087e4                led_blink_power_on
 *fill*         0x08008832        0x2 
 .text.led_blink_identify
                0x08008834       0x38 Build_STM32G431xx_Slcan_MksMakerbase/led.o
                0x08008834                led_blink_identify
 .text.led_turn_TX
                0x0800886c       0x18 Build_STM32G431xx_Slcan_MksMakerbase/led.o
                0x0800886c                led_turn_TX
 .text.led_flash_TX
                0x08008884       0x3c Build_STM32G431xx_Slcan_MksMakerbase/led.o
                0x08008884                led_flash_TX
 .text.led_flash_RX
                0x080088c0       0x40 Build_STM32G431xx_Slcan_MksMakerbase/led.o
                0x080088c0                led_flash_RX
 .text.led_process
                0x08008900      0x114 Build_STM32G431xx_Slcan_MksMakerbase/led.o
                0x08008900                led_process
 .text.dfu_switch_to_bootloader
                0x08008a14       0x54 Build_STM32G431xx_Slcan_MksMakerbase/dfu.o
                0x08008a14                dfu_switch_to_bootloader
 .text.dfu_timer_100ms
                0x08008a68       0x3c Build_STM32G431xx_Slcan_MksMakerbase/dfu.o
                0x08008a68                dfu_timer_100ms
 .text.utils_init
                0x08008aa4       0xc4 Build_STM32G431xx_Slcan_MksMakerbase/utils.o
                0x08008aa4                utils_init
 .text.utils_get_bit_limits
                0x08008b68        0x8 Build_STM32G431xx_Slcan_MksMakerbase/utils.o
                0x08008b68                utils_get_bit_limits
 .text.utils_get_MCU_name
                0x08008b70        0x8 Build_STM32G431xx_Slcan_MksMakerbase/utils.o
                0x08008b70                utils_get_MCU_name
 .text.utils_mem_is_empty
                0x08008b78       0x16 Build_STM32G431xx_Slcan_MksMakerbase/utils.o
                0x08008b78                utils_mem_is_empty
 *fill*         0x08008b8e        0x2 
 .text.utils_dlc_to_byte_count
                0x08008b90       0x1c Build_STM32G431xx_Slcan_MksMakerbase/utils.o
                0x08008b90                utils_dlc_to_byte_count
 .text.utils_format_bitrate
                0x08008bac       0xc4 Build_STM32G431xx_Slcan_MksMakerbase/utils.o
                0x08008bac                utils_format_bitrate
 .text.utils_parse_next_decimal
                0x08008c70       0x32 Build_STM32G431xx_Slcan_MksMakerbase/utils.o
                0x08008c70                utils_parse_next_decimal
 .text.utils_to_hex_value
                0x08008ca2       0x2e Build_STM32G431xx_Slcan_MksMakerbase/utils.o
                0x08008ca2                utils_to_hex_value
 .text.utils_parse_hex_delimiter
                0x08008cd0       0x54 Build_STM32G431xx_Slcan_MksMakerbase/utils.o
                0x08008cd0                utils_parse_hex_delimiter
 .text.utils_parse_hex_value
                0x08008d24       0x3c Build_STM32G431xx_Slcan_MksMakerbase/utils.o
                0x08008d24                utils_parse_hex_value
 .text.utils_nibble_to_ascii
                0x08008d60        0xc Build_STM32G431xx_Slcan_MksMakerbase/utils.o
                0x08008d60                utils_nibble_to_ascii
 .text.USBD_CtlError.constprop.0
                0x08008d6c       0x16 Build_STM32G431xx_Slcan_MksMakerbase/usb_ctrlreq.o
 *fill*         0x08008d82        0x2 
 .text.USBD_StdDevReq
                0x08008d84      0x22c Build_STM32G431xx_Slcan_MksMakerbase/usb_ctrlreq.o
                0x08008d84                USBD_StdDevReq
 .text.USBD_StdItfReq
                0x08008fb0       0x48 Build_STM32G431xx_Slcan_MksMakerbase/usb_ctrlreq.o
                0x08008fb0                USBD_StdItfReq
 .text.USBD_StdEPReq
                0x08008ff8      0x114 Build_STM32G431xx_Slcan_MksMakerbase/usb_ctrlreq.o
                0x08008ff8                USBD_StdEPReq
 .text.USBD_ParseSetupRequest
                0x0800910c       0x16 Build_STM32G431xx_Slcan_MksMakerbase/usb_ctrlreq.o
                0x0800910c                USBD_ParseSetupRequest
 .text.USBD_CtlError
                0x08009122       0x16 Build_STM32G431xx_Slcan_MksMakerbase/usb_ctrlreq.o
                0x08009122                USBD_CtlError
 .text.USBD_GetString
                0x08009138       0x38 Build_STM32G431xx_Slcan_MksMakerbase/usb_ctrlreq.o
                0x08009138                USBD_GetString
 .text.USBD_CtlSendData
                0x08009170       0x1a Build_STM32G431xx_Slcan_MksMakerbase/usb_ioreq.o
                0x08009170                USBD_CtlSendData
 .text.USBD_CtlContinueSendData
                0x0800918a       0x10 Build_STM32G431xx_Slcan_MksMakerbase/usb_ioreq.o
                0x0800918a                USBD_CtlContinueSendData
 .text.USBD_CtlPrepareRx
                0x0800919a       0x1a Build_STM32G431xx_Slcan_MksMakerbase/usb_ioreq.o
                0x0800919a                USBD_CtlPrepareRx
 .text.USBD_CtlContinueRx
                0x080091b4       0x10 Build_STM32G431xx_Slcan_MksMakerbase/usb_ioreq.o
                0x080091b4                USBD_CtlContinueRx
 .text.USBD_CtlSendStatus
                0x080091c4       0x16 Build_STM32G431xx_Slcan_MksMakerbase/usb_ioreq.o
                0x080091c4                USBD_CtlSendStatus
 .text.USBD_CtlReceiveStatus
                0x080091da       0x16 Build_STM32G431xx_Slcan_MksMakerbase/usb_ioreq.o
                0x080091da                USBD_CtlReceiveStatus
 .text.USBD_Init
                0x080091f0       0x40 Build_STM32G431xx_Slcan_MksMakerbase/usb_core.o
                0x080091f0                USBD_Init
 .text.USBD_SetClassConfig
                0x08009230       0x1a Build_STM32G431xx_Slcan_MksMakerbase/usb_core.o
                0x08009230                USBD_SetClassConfig
 .text.USBD_ClrClassConfig
                0x0800924a        0xe Build_STM32G431xx_Slcan_MksMakerbase/usb_core.o
                0x0800924a                USBD_ClrClassConfig
 .text.USBD_LL_SetupStage
                0x08009258       0x5a Build_STM32G431xx_Slcan_MksMakerbase/usb_core.o
                0x08009258                USBD_LL_SetupStage
 .text.USBD_LL_DataOutStage
                0x080092b2       0x70 Build_STM32G431xx_Slcan_MksMakerbase/usb_core.o
                0x080092b2                USBD_LL_DataOutStage
 .text.USBD_LL_DataInStage
                0x08009322       0xb8 Build_STM32G431xx_Slcan_MksMakerbase/usb_core.o
                0x08009322                USBD_LL_DataInStage
 .text.USBD_LL_Reset
                0x080093da       0x4e Build_STM32G431xx_Slcan_MksMakerbase/usb_core.o
                0x080093da                USBD_LL_Reset
 .text.USBD_LL_SetSpeed
                0x08009428        0x6 Build_STM32G431xx_Slcan_MksMakerbase/usb_core.o
                0x08009428                USBD_LL_SetSpeed
 .text.USBD_LL_Suspend
                0x0800942e       0x12 Build_STM32G431xx_Slcan_MksMakerbase/usb_core.o
                0x0800942e                USBD_LL_Suspend
 .text.USBD_LL_Resume
                0x08009440       0x14 Build_STM32G431xx_Slcan_MksMakerbase/usb_core.o
                0x08009440                USBD_LL_Resume
 .text.USBD_LL_SOF
                0x08009454       0x18 Build_STM32G431xx_Slcan_MksMakerbase/usb_core.o
                0x08009454                USBD_LL_SOF
 .text.HAL_PCD_MspInit
                0x0800946c       0x40 Build_STM32G431xx_Slcan_MksMakerbase/usb_lowlevel.o
                0x0800946c                HAL_PCD_MspInit
 .text.HAL_PCD_SetupStageCallback
                0x080094ac       0x1c Build_STM32G431xx_Slcan_MksMakerbase/usb_lowlevel.o
                0x080094ac                HAL_PCD_SetupStageCallback
 .text.HAL_PCD_DataOutStageCallback
                0x080094c8       0x10 Build_STM32G431xx_Slcan_MksMakerbase/usb_lowlevel.o
                0x080094c8                HAL_PCD_DataOutStageCallback
 .text.HAL_PCD_DataInStageCallback
                0x080094d8        0xe Build_STM32G431xx_Slcan_MksMakerbase/usb_lowlevel.o
                0x080094d8                HAL_PCD_DataInStageCallback
 .text.HAL_PCD_SOFCallback
                0x080094e6        0x8 Build_STM32G431xx_Slcan_MksMakerbase/usb_lowlevel.o
                0x080094e6                HAL_PCD_SOFCallback
 .text.HAL_PCD_ResetCallback
                0x080094ee       0x1a Build_STM32G431xx_Slcan_MksMakerbase/usb_lowlevel.o
                0x080094ee                HAL_PCD_ResetCallback
 .text.HAL_PCD_SuspendCallback
                0x08009508       0x30 Build_STM32G431xx_Slcan_MksMakerbase/usb_lowlevel.o
                0x08009508                HAL_PCD_SuspendCallback
 .text.HAL_PCD_ResumeCallback
                0x08009538       0x28 Build_STM32G431xx_Slcan_MksMakerbase/usb_lowlevel.o
                0x08009538                HAL_PCD_ResumeCallback
 .text.HAL_PCD_Is_Suspended
                0x08009560        0xc Build_STM32G431xx_Slcan_MksMakerbase/usb_lowlevel.o
                0x08009560                HAL_PCD_Is_Suspended
 .text.USBD_LL_Init
                0x0800956c       0x40 Build_STM32G431xx_Slcan_MksMakerbase/usb_lowlevel.o
                0x0800956c                USBD_LL_Init
 .text.USBD_LL_IsStallEP
                0x080095ac       0x20 Build_STM32G431xx_Slcan_MksMakerbase/usb_lowlevel.o
                0x080095ac                USBD_LL_IsStallEP
 .text.USBD_LL_GetRxDataSize
                0x080095cc        0x8 Build_STM32G431xx_Slcan_MksMakerbase/usb_lowlevel.o
                0x080095cc                USBD_LL_GetRxDataSize
 .text.ConvStatus
                0x080095d4        0xc Build_STM32G431xx_Slcan_MksMakerbase/usb_lowlevel.o
                0x080095d4                ConvStatus
 .text.USBD_LL_Start
                0x080095e0       0x12 Build_STM32G431xx_Slcan_MksMakerbase/usb_lowlevel.o
                0x080095e0                USBD_LL_Start
 .text.USBD_LL_OpenEP
                0x080095f2       0x18 Build_STM32G431xx_Slcan_MksMakerbase/usb_lowlevel.o
                0x080095f2                USBD_LL_OpenEP
 .text.USBD_LL_CloseEP
                0x0800960a       0x12 Build_STM32G431xx_Slcan_MksMakerbase/usb_lowlevel.o
                0x0800960a                USBD_LL_CloseEP
 .text.USBD_LL_StallEP
                0x0800961c       0x12 Build_STM32G431xx_Slcan_MksMakerbase/usb_lowlevel.o
                0x0800961c                USBD_LL_StallEP
 .text.USBD_LL_ClearStallEP
                0x0800962e       0x12 Build_STM32G431xx_Slcan_MksMakerbase/usb_lowlevel.o
                0x0800962e                USBD_LL_ClearStallEP
 .text.USBD_LL_SetUSBAddress
                0x08009640       0x12 Build_STM32G431xx_Slcan_MksMakerbase/usb_lowlevel.o
                0x08009640                USBD_LL_SetUSBAddress
 .text.USBD_LL_Transmit
                0x08009652       0x12 Build_STM32G431xx_Slcan_MksMakerbase/usb_lowlevel.o
                0x08009652                USBD_LL_Transmit
 .text.USBD_LL_PrepareReceive
                0x08009664       0x12 Build_STM32G431xx_Slcan_MksMakerbase/usb_lowlevel.o
                0x08009664                USBD_LL_PrepareReceive
 *fill*         0x08009676        0x2 
 .text.USBD_DeviceDescriptor
                0x08009678        0xc Build_STM32G431xx_Slcan_MksMakerbase/usb_desc.o
                0x08009678                USBD_DeviceDescriptor
 .text.USBD_LangIDStrDescriptor
                0x08009684        0xc Build_STM32G431xx_Slcan_MksMakerbase/usb_desc.o
                0x08009684                USBD_LangIDStrDescriptor
 .text.USBD_ProductStrDescriptor
                0x08009690       0x18 Build_STM32G431xx_Slcan_MksMakerbase/usb_desc.o
                0x08009690                USBD_ProductStrDescriptor
 .text.USBD_ManufacturerStrDescriptor
                0x080096a8       0x18 Build_STM32G431xx_Slcan_MksMakerbase/usb_desc.o
                0x080096a8                USBD_ManufacturerStrDescriptor
 .text.USBD_ConfigStrDescriptor
                0x080096c0       0x18 Build_STM32G431xx_Slcan_MksMakerbase/usb_desc.o
                0x080096c0                USBD_ConfigStrDescriptor
 .text.USBD_SerialStrDescriptor
                0x080096d8       0x3c Build_STM32G431xx_Slcan_MksMakerbase/usb_desc.o
                0x080096d8                USBD_SerialStrDescriptor
 .text.USBD_InterfaceStrDescriptor
                0x08009714       0x18 Build_STM32G431xx_Slcan_MksMakerbase/usb_desc.o
                0x08009714                USBD_InterfaceStrDescriptor
 .text.Reset_Handler
                0x0800972c       0x50 Build_STM32G431xx_Slcan_MksMakerbase/startup_STM32G431xx.o
                0x0800972c                Reset_Handler
 .text.Default_Handler
                0x0800977c        0x2 Build_STM32G431xx_Slcan_MksMakerbase/startup_STM32G431xx.o
                0x0800977c                RTC_Alarm_IRQHandler
                0x0800977c                EXTI2_IRQHandler
                0x0800977c                TIM8_TRG_COM_IRQHandler
                0x0800977c                TIM8_CC_IRQHandler
                0x0800977c                TIM1_CC_IRQHandler
                0x0800977c                CORDIC_IRQHandler
                0x0800977c                EXTI3_IRQHandler
                0x0800977c                I2C3_ER_IRQHandler
                0x0800977c                EXTI0_IRQHandler
                0x0800977c                I2C2_EV_IRQHandler
                0x0800977c                FPU_IRQHandler
                0x0800977c                FDCAN1_IT1_IRQHandler
                0x0800977c                TIM1_UP_TIM16_IRQHandler
                0x0800977c                ADC1_2_IRQHandler
                0x0800977c                SPI1_IRQHandler
                0x0800977c                TIM6_DAC_IRQHandler
                0x0800977c                TIM8_UP_IRQHandler
                0x0800977c                DMA2_Channel2_IRQHandler
                0x0800977c                DMA1_Channel4_IRQHandler
                0x0800977c                USART3_IRQHandler
                0x0800977c                TIM4_IRQHandler
                0x0800977c                DMA2_Channel1_IRQHandler
                0x0800977c                I2C1_EV_IRQHandler
                0x0800977c                DMA1_Channel6_IRQHandler
                0x0800977c                UART4_IRQHandler
                0x0800977c                DMA2_Channel4_IRQHandler
                0x0800977c                TIM3_IRQHandler
                0x0800977c                RCC_IRQHandler
                0x0800977c                DMA1_Channel1_IRQHandler
                0x0800977c                Default_Handler
                0x0800977c                RTC_TAMP_LSECSS_IRQHandler
                0x0800977c                FMAC_IRQHandler
                0x0800977c                EXTI15_10_IRQHandler
                0x0800977c                TIM7_IRQHandler
                0x0800977c                UCPD1_IRQHandler
                0x0800977c                I2C3_EV_IRQHandler
                0x0800977c                EXTI9_5_IRQHandler
                0x0800977c                RTC_WKUP_IRQHandler
                0x0800977c                PVD_PVM_IRQHandler
                0x0800977c                SPI2_IRQHandler
                0x0800977c                DMA2_Channel5_IRQHandler
                0x0800977c                CRS_IRQHandler
                0x0800977c                DMA1_Channel5_IRQHandler
                0x0800977c                EXTI4_IRQHandler
                0x0800977c                RNG_IRQHandler
                0x0800977c                TIM1_TRG_COM_TIM17_IRQHandler
                0x0800977c                DMA1_Channel3_IRQHandler
                0x0800977c                WWDG_IRQHandler
                0x0800977c                LPUART1_IRQHandler
                0x0800977c                DMA2_Channel6_IRQHandler
                0x0800977c                FDCAN1_IT0_IRQHandler
                0x0800977c                TIM2_IRQHandler
                0x0800977c                COMP1_2_3_IRQHandler
                0x0800977c                EXTI1_IRQHandler
                0x0800977c                USART2_IRQHandler
                0x0800977c                I2C2_ER_IRQHandler
                0x0800977c                DMA1_Channel2_IRQHandler
                0x0800977c                TIM8_BRK_IRQHandler
                0x0800977c                FLASH_IRQHandler
                0x0800977c                USART1_IRQHandler
                0x0800977c                SPI3_IRQHandler
                0x0800977c                I2C1_ER_IRQHandler
                0x0800977c                LPTIM1_IRQHandler
                0x0800977c                DMAMUX_OVR_IRQHandler
                0x0800977c                USBWakeUp_IRQHandler
                0x0800977c                SAI1_IRQHandler
                0x0800977c                DMA2_Channel3_IRQHandler
                0x0800977c                COMP4_IRQHandler
                0x0800977c                TIM1_BRK_TIM15_IRQHandler
 *fill*         0x0800977e        0x2 
 .text.control_init
                0x08009780        0xc Build_STM32G431xx_Slcan_MksMakerbase/Slcan/control.o
                0x08009780                control_init
 .text.control_set_filter
                0x0800978c       0x72 Build_STM32G431xx_Slcan_MksMakerbase/Slcan/control.o
                0x0800978c                control_set_filter
 *fill*         0x080097fe        0x2 
 .text.control_parse_str
                0x08009800      0x630 Build_STM32G431xx_Slcan_MksMakerbase/Slcan/control.o
                0x08009800                control_parse_str
 .text.control_parse_command
                0x08009e30       0x4c Build_STM32G431xx_Slcan_MksMakerbase/Slcan/control.o
                0x08009e30                control_parse_command
 .text.control_process
                0x08009e7c       0x3c Build_STM32G431xx_Slcan_MksMakerbase/Slcan/control.o
                0x08009e7c                control_process
 .text.control_report_busload
                0x08009eb8       0x24 Build_STM32G431xx_Slcan_MksMakerbase/Slcan/control.o
                0x08009eb8                control_report_busload
 .text.control_send_debug_mesg
                0x08009edc       0x48 Build_STM32G431xx_Slcan_MksMakerbase/Slcan/control.o
                0x08009edc                control_send_debug_mesg
 .text.buf_init
                0x08009f24       0x48 Build_STM32G431xx_Slcan_MksMakerbase/Slcan/buffer.o
                0x08009f24                buf_init
 .text.buf_clear_can_buffer
                0x08009f6c       0x1c Build_STM32G431xx_Slcan_MksMakerbase/Slcan/buffer.o
                0x08009f6c                buf_clear_can_buffer
 .text.buf_process
                0x08009f88      0x188 Build_STM32G431xx_Slcan_MksMakerbase/Slcan/buffer.o
                0x08009f88                buf_process
 .text.buf_enqueue_cdc
                0x0800a110       0x58 Build_STM32G431xx_Slcan_MksMakerbase/Slcan/buffer.o
                0x0800a110                buf_enqueue_cdc
 .text.buf_get_cdc_dest
                0x0800a168       0x40 Build_STM32G431xx_Slcan_MksMakerbase/Slcan/buffer.o
                0x0800a168                buf_get_cdc_dest
 .text.buf_comit_cdc_dest
                0x0800a1a8       0x1c Build_STM32G431xx_Slcan_MksMakerbase/Slcan/buffer.o
                0x0800a1a8                buf_comit_cdc_dest
 .text.buf_get_can_dest_header
                0x0800a1c4       0x2c Build_STM32G431xx_Slcan_MksMakerbase/Slcan/buffer.o
                0x0800a1c4                buf_get_can_dest_header
 .text.buf_get_can_dest_data
                0x0800a1f0       0x2c Build_STM32G431xx_Slcan_MksMakerbase/Slcan/buffer.o
                0x0800a1f0                buf_get_can_dest_data
 .text.buf_comit_can_dest
                0x0800a21c       0x40 Build_STM32G431xx_Slcan_MksMakerbase/Slcan/buffer.o
                0x0800a21c                buf_comit_can_dest
 .text.buf_store_rx_packet
                0x0800a25c      0x10c Build_STM32G431xx_Slcan_MksMakerbase/Slcan/buffer.o
                0x0800a25c                buf_store_rx_packet
 .text.buf_store_tx_echo
                0x0800a368       0x24 Build_STM32G431xx_Slcan_MksMakerbase/Slcan/buffer.o
                0x0800a368                buf_store_tx_echo
 .text.USBD_CDC_EP0_RxReady
                0x0800a38c       0x28 Build_STM32G431xx_Slcan_MksMakerbase/Slcan/usb_class.o
 .text.USBD_CDC_GetFSCfgDesc
                0x0800a3b4        0xc Build_STM32G431xx_Slcan_MksMakerbase/Slcan/usb_class.o
 .text.USBD_CDC_DataOut
                0x0800a3c0       0x2c Build_STM32G431xx_Slcan_MksMakerbase/Slcan/usb_class.o
 .text.USBD_CDC_DataIn
                0x0800a3ec       0x3c Build_STM32G431xx_Slcan_MksMakerbase/Slcan/usb_class.o
 .text.USBD_CDC_Setup
                0x0800a428       0xa4 Build_STM32G431xx_Slcan_MksMakerbase/Slcan/usb_class.o
 .text.USBD_CDC_DeInit
                0x0800a4cc       0x3c Build_STM32G431xx_Slcan_MksMakerbase/Slcan/usb_class.o
 .text.USBD_CDC_Init
                0x0800a508       0x60 Build_STM32G431xx_Slcan_MksMakerbase/Slcan/usb_class.o
 .text.USBD_ConfigureEndpoints
                0x0800a568       0x52 Build_STM32G431xx_Slcan_MksMakerbase/Slcan/usb_class.o
                0x0800a568                USBD_ConfigureEndpoints
 .text.USBD_CDC_SetTxBuffer
                0x0800a5ba        0xc Build_STM32G431xx_Slcan_MksMakerbase/Slcan/usb_class.o
                0x0800a5ba                USBD_CDC_SetTxBuffer
 .text.USBD_CDC_SetRxBuffer
                0x0800a5c6        0xa Build_STM32G431xx_Slcan_MksMakerbase/Slcan/usb_class.o
                0x0800a5c6                USBD_CDC_SetRxBuffer
 .text.USBD_CDC_TransmitPacket
                0x0800a5d0       0x2a Build_STM32G431xx_Slcan_MksMakerbase/Slcan/usb_class.o
                0x0800a5d0                USBD_CDC_TransmitPacket
 .text.USBD_CDC_ReceivePacket
                0x0800a5fa       0x1a Build_STM32G431xx_Slcan_MksMakerbase/Slcan/usb_class.o
                0x0800a5fa                USBD_CDC_ReceivePacket
 .text.USBD_SetupStageRequest
                0x0800a614        0x4 Build_STM32G431xx_Slcan_MksMakerbase/Slcan/usb_class.o
                0x0800a614                USBD_SetupStageRequest
 .text.CDC_DeInit_FS
                0x0800a618        0x4 Build_STM32G431xx_Slcan_MksMakerbase/Slcan/usb_interface.o
 .text.CDC_Init_FS
                0x0800a61c       0x38 Build_STM32G431xx_Slcan_MksMakerbase/Slcan/usb_interface.o
 .text.CDC_Control_FS
                0x0800a654       0x1e Build_STM32G431xx_Slcan_MksMakerbase/Slcan/usb_interface.o
 *fill*         0x0800a672        0x2 
 .text.CDC_Receive_FS
                0x0800a674       0x68 Build_STM32G431xx_Slcan_MksMakerbase/Slcan/usb_interface.o
 .text.CDC_Transmit_FS
                0x0800a6dc       0x28 Build_STM32G431xx_Slcan_MksMakerbase/Slcan/usb_interface.o
                0x0800a6dc                CDC_Transmit_FS
 .text.HAL_MspInit
                0x0800a704        0x2 Build_STM32G431xx_Slcan_MksMakerbase/STM32Cube/libstm32cube.a(stm32g4xx_hal.o)
                0x0800a704                HAL_MspInit
 *fill*         0x0800a706        0x2 
 .text.HAL_InitTick
                0x0800a708       0x4c Build_STM32G431xx_Slcan_MksMakerbase/STM32Cube/libstm32cube.a(stm32g4xx_hal.o)
                0x0800a708                HAL_InitTick
 .text.HAL_Init
                0x0800a754       0x2c Build_STM32G431xx_Slcan_MksMakerbase/STM32Cube/libstm32cube.a(stm32g4xx_hal.o)
                0x0800a754                HAL_Init
 .text.HAL_IncTick
                0x0800a780       0x18 Build_STM32G431xx_Slcan_MksMakerbase/STM32Cube/libstm32cube.a(stm32g4xx_hal.o)
                0x0800a780                HAL_IncTick
 .text.HAL_GetTick
                0x0800a798        0xc Build_STM32G431xx_Slcan_MksMakerbase/STM32Cube/libstm32cube.a(stm32g4xx_hal.o)
                0x0800a798                HAL_GetTick
 .text.HAL_Delay
                0x0800a7a4       0x28 Build_STM32G431xx_Slcan_MksMakerbase/STM32Cube/libstm32cube.a(stm32g4xx_hal.o)
                0x0800a7a4                HAL_Delay
 .text.HAL_GetDEVID
                0x0800a7cc       0x10 Build_STM32G431xx_Slcan_MksMakerbase/STM32Cube/libstm32cube.a(stm32g4xx_hal.o)
                0x0800a7cc                HAL_GetDEVID
 .text.HAL_NVIC_SetPriorityGrouping
                0x0800a7dc       0x24 Build_STM32G431xx_Slcan_MksMakerbase/STM32Cube/libstm32cube.a(stm32g4xx_hal_cortex.o)
                0x0800a7dc                HAL_NVIC_SetPriorityGrouping
 .text.HAL_NVIC_SetPriority
                0x0800a800       0x64 Build_STM32G431xx_Slcan_MksMakerbase/STM32Cube/libstm32cube.a(stm32g4xx_hal_cortex.o)
                0x0800a800                HAL_NVIC_SetPriority
 .text.HAL_NVIC_EnableIRQ
                0x0800a864       0x1c Build_STM32G431xx_Slcan_MksMakerbase/STM32Cube/libstm32cube.a(stm32g4xx_hal_cortex.o)
                0x0800a864                HAL_NVIC_EnableIRQ
 .text.HAL_SYSTICK_Config
                0x0800a880       0x28 Build_STM32G431xx_Slcan_MksMakerbase/STM32Cube/libstm32cube.a(stm32g4xx_hal_cortex.o)
                0x0800a880                HAL_SYSTICK_Config
 .text.HAL_SYSTICK_Callback
                0x0800a8a8        0x2 Build_STM32G431xx_Slcan_MksMakerbase/STM32Cube/libstm32cube.a(stm32g4xx_hal_cortex.o)
                0x0800a8a8                HAL_SYSTICK_Callback
 .text.HAL_SYSTICK_IRQHandler
                0x0800a8aa        0x8 Build_STM32G431xx_Slcan_MksMakerbase/STM32Cube/libstm32cube.a(stm32g4xx_hal_cortex.o)
                0x0800a8aa                HAL_SYSTICK_IRQHandler
 .text.HAL_FDCAN_MspInit
                0x0800a8b2        0x2 Build_STM32G431xx_Slcan_MksMakerbase/STM32Cube/libstm32cube.a(stm32g4xx_hal_fdcan.o)
                0x0800a8b2                HAL_FDCAN_MspInit
 .text.HAL_FDCAN_Init
                0x0800a8b4      0x1c4 Build_STM32G431xx_Slcan_MksMakerbase/STM32Cube/libstm32cube.a(stm32g4xx_hal_fdcan.o)
                0x0800a8b4                HAL_FDCAN_Init
 .text.HAL_FDCAN_MspDeInit
                0x0800aa78        0x2 Build_STM32G431xx_Slcan_MksMakerbase/STM32Cube/libstm32cube.a(stm32g4xx_hal_fdcan.o)
                0x0800aa78                HAL_FDCAN_MspDeInit
 .text.HAL_FDCAN_ConfigFilter
                0x0800aa7a       0x50 Build_STM32G431xx_Slcan_MksMakerbase/STM32Cube/libstm32cube.a(stm32g4xx_hal_fdcan.o)
                0x0800aa7a                HAL_FDCAN_ConfigFilter
 .text.HAL_FDCAN_ConfigGlobalFilter
                0x0800aaca       0x38 Build_STM32G431xx_Slcan_MksMakerbase/STM32Cube/libstm32cube.a(stm32g4xx_hal_fdcan.o)
                0x0800aaca                HAL_FDCAN_ConfigGlobalFilter
 .text.HAL_FDCAN_ConfigTxDelayCompensation
                0x0800ab02       0x20 Build_STM32G431xx_Slcan_MksMakerbase/STM32Cube/libstm32cube.a(stm32g4xx_hal_fdcan.o)
                0x0800ab02                HAL_FDCAN_ConfigTxDelayCompensation
 .text.HAL_FDCAN_EnableTxDelayCompensation
                0x0800ab22       0x22 Build_STM32G431xx_Slcan_MksMakerbase/STM32Cube/libstm32cube.a(stm32g4xx_hal_fdcan.o)
                0x0800ab22                HAL_FDCAN_EnableTxDelayCompensation
 .text.HAL_FDCAN_DisableTxDelayCompensation
                0x0800ab44       0x22 Build_STM32G431xx_Slcan_MksMakerbase/STM32Cube/libstm32cube.a(stm32g4xx_hal_fdcan.o)
                0x0800ab44                HAL_FDCAN_DisableTxDelayCompensation
 .text.HAL_FDCAN_Start
                0x0800ab66       0x2c Build_STM32G431xx_Slcan_MksMakerbase/STM32Cube/libstm32cube.a(stm32g4xx_hal_fdcan.o)
                0x0800ab66                HAL_FDCAN_Start
 .text.HAL_FDCAN_Stop
                0x0800ab92       0x66 Build_STM32G431xx_Slcan_MksMakerbase/STM32Cube/libstm32cube.a(stm32g4xx_hal_fdcan.o)
                0x0800ab92                HAL_FDCAN_Stop
 .text.HAL_FDCAN_DeInit
                0x0800abf8       0x28 Build_STM32G431xx_Slcan_MksMakerbase/STM32Cube/libstm32cube.a(stm32g4xx_hal_fdcan.o)
                0x0800abf8                HAL_FDCAN_DeInit
 .text.HAL_FDCAN_AddMessageToTxFifoQ
                0x0800ac20       0xc8 Build_STM32G431xx_Slcan_MksMakerbase/STM32Cube/libstm32cube.a(stm32g4xx_hal_fdcan.o)
                0x0800ac20                HAL_FDCAN_AddMessageToTxFifoQ
 .text.HAL_FDCAN_AbortTxRequest
                0x0800ace8       0x1e Build_STM32G431xx_Slcan_MksMakerbase/STM32Cube/libstm32cube.a(stm32g4xx_hal_fdcan.o)
                0x0800ace8                HAL_FDCAN_AbortTxRequest
 *fill*         0x0800ad06        0x2 
 .text.HAL_FDCAN_GetRxMessage
                0x0800ad08       0xd8 Build_STM32G431xx_Slcan_MksMakerbase/STM32Cube/libstm32cube.a(stm32g4xx_hal_fdcan.o)
                0x0800ad08                HAL_FDCAN_GetRxMessage
 .text.HAL_FDCAN_GetTxEvent
                0x0800ade0       0x96 Build_STM32G431xx_Slcan_MksMakerbase/STM32Cube/libstm32cube.a(stm32g4xx_hal_fdcan.o)
                0x0800ade0                HAL_FDCAN_GetTxEvent
 .text.HAL_FDCAN_GetProtocolStatus
                0x0800ae76       0x4a Build_STM32G431xx_Slcan_MksMakerbase/STM32Cube/libstm32cube.a(stm32g4xx_hal_fdcan.o)
                0x0800ae76                HAL_FDCAN_GetProtocolStatus
 .text.HAL_FDCAN_GetErrorCounters
                0x0800aec0       0x1e Build_STM32G431xx_Slcan_MksMakerbase/STM32Cube/libstm32cube.a(stm32g4xx_hal_fdcan.o)
                0x0800aec0                HAL_FDCAN_GetErrorCounters
 .text.HAL_FDCAN_GetTxFifoFreeLevel
                0x0800aede        0xc Build_STM32G431xx_Slcan_MksMakerbase/STM32Cube/libstm32cube.a(stm32g4xx_hal_fdcan.o)
                0x0800aede                HAL_FDCAN_GetTxFifoFreeLevel
 *fill*         0x0800aeea        0x2 
 .text.HAL_FLASH_Unlock
                0x0800aeec       0x24 Build_STM32G431xx_Slcan_MksMakerbase/STM32Cube/libstm32cube.a(stm32g4xx_hal_flash.o)
                0x0800aeec                HAL_FLASH_Unlock
 .text.HAL_FLASH_Lock
                0x0800af10       0x18 Build_STM32G431xx_Slcan_MksMakerbase/STM32Cube/libstm32cube.a(stm32g4xx_hal_flash.o)
                0x0800af10                HAL_FLASH_Lock
 .text.HAL_FLASH_OB_Unlock
                0x0800af28       0x24 Build_STM32G431xx_Slcan_MksMakerbase/STM32Cube/libstm32cube.a(stm32g4xx_hal_flash.o)
                0x0800af28                HAL_FLASH_OB_Unlock
 .text.HAL_FLASH_OB_Lock
                0x0800af4c       0x1c Build_STM32G431xx_Slcan_MksMakerbase/STM32Cube/libstm32cube.a(stm32g4xx_hal_flash.o)
                0x0800af4c                HAL_FLASH_OB_Lock
 .text.FLASH_WaitForLastOperation
                0x0800af68       0x50 Build_STM32G431xx_Slcan_MksMakerbase/STM32Cube/libstm32cube.a(stm32g4xx_hal_flash.o)
                0x0800af68                FLASH_WaitForLastOperation
 .text.HAL_FLASHEx_OBProgram
                0x0800afb8      0x2c4 Build_STM32G431xx_Slcan_MksMakerbase/STM32Cube/libstm32cube.a(stm32g4xx_hal_flash_ex.o)
                0x0800afb8                HAL_FLASHEx_OBProgram
 .text.HAL_FLASHEx_OBGetConfig
                0x0800b27c       0xb0 Build_STM32G431xx_Slcan_MksMakerbase/STM32Cube/libstm32cube.a(stm32g4xx_hal_flash_ex.o)
                0x0800b27c                HAL_FLASHEx_OBGetConfig
 .text.HAL_GPIO_Init
                0x0800b32c      0x188 Build_STM32G431xx_Slcan_MksMakerbase/STM32Cube/libstm32cube.a(stm32g4xx_hal_gpio.o)
                0x0800b32c                HAL_GPIO_Init
 .text.HAL_GPIO_WritePin
                0x0800b4b4        0xa Build_STM32G431xx_Slcan_MksMakerbase/STM32Cube/libstm32cube.a(stm32g4xx_hal_gpio.o)
                0x0800b4b4                HAL_GPIO_WritePin
 .text.HAL_PCD_Init
                0x0800b4be       0xbe Build_STM32G431xx_Slcan_MksMakerbase/STM32Cube/libstm32cube.a(stm32g4xx_hal_pcd.o)
                0x0800b4be                HAL_PCD_Init
 .text.HAL_PCD_Start
                0x0800b57c       0x2a Build_STM32G431xx_Slcan_MksMakerbase/STM32Cube/libstm32cube.a(stm32g4xx_hal_pcd.o)
                0x0800b57c                HAL_PCD_Start
 .text.HAL_PCD_SetAddress
                0x0800b5a6       0x28 Build_STM32G431xx_Slcan_MksMakerbase/STM32Cube/libstm32cube.a(stm32g4xx_hal_pcd.o)
                0x0800b5a6                HAL_PCD_SetAddress
 .text.HAL_PCD_EP_Open
                0x0800b5ce       0x66 Build_STM32G431xx_Slcan_MksMakerbase/STM32Cube/libstm32cube.a(stm32g4xx_hal_pcd.o)
                0x0800b5ce                HAL_PCD_EP_Open
 .text.HAL_PCD_EP_Close
                0x0800b634       0x56 Build_STM32G431xx_Slcan_MksMakerbase/STM32Cube/libstm32cube.a(stm32g4xx_hal_pcd.o)
                0x0800b634                HAL_PCD_EP_Close
 .text.HAL_PCD_EP_Receive
                0x0800b68a       0x2a Build_STM32G431xx_Slcan_MksMakerbase/STM32Cube/libstm32cube.a(stm32g4xx_hal_pcd.o)
                0x0800b68a                HAL_PCD_EP_Receive
 .text.HAL_PCD_EP_GetRxCount
                0x0800b6b4        0xe Build_STM32G431xx_Slcan_MksMakerbase/STM32Cube/libstm32cube.a(stm32g4xx_hal_pcd.o)
                0x0800b6b4                HAL_PCD_EP_GetRxCount
 .text.HAL_PCD_EP_Transmit
                0x0800b6c2       0x2a Build_STM32G431xx_Slcan_MksMakerbase/STM32Cube/libstm32cube.a(stm32g4xx_hal_pcd.o)
                0x0800b6c2                HAL_PCD_EP_Transmit
 .text.HAL_PCD_IRQHandler
                0x0800b6ec      0x490 Build_STM32G431xx_Slcan_MksMakerbase/STM32Cube/libstm32cube.a(stm32g4xx_hal_pcd.o)
                0x0800b6ec                HAL_PCD_IRQHandler
 .text.HAL_PCD_EP_SetStall
                0x0800bb7c       0x68 Build_STM32G431xx_Slcan_MksMakerbase/STM32Cube/libstm32cube.a(stm32g4xx_hal_pcd.o)
                0x0800bb7c                HAL_PCD_EP_SetStall
 .text.HAL_PCD_EP_ClrStall
                0x0800bbe4       0x68 Build_STM32G431xx_Slcan_MksMakerbase/STM32Cube/libstm32cube.a(stm32g4xx_hal_pcd.o)
                0x0800bbe4                HAL_PCD_EP_ClrStall
 .text.HAL_PCDEx_PMAConfig
                0x0800bc4c       0x2e Build_STM32G431xx_Slcan_MksMakerbase/STM32Cube/libstm32cube.a(stm32g4xx_hal_pcd_ex.o)
                0x0800bc4c                HAL_PCDEx_PMAConfig
 .text.HAL_PCDEx_ActivateLPM
                0x0800bc7a       0x2c Build_STM32G431xx_Slcan_MksMakerbase/STM32Cube/libstm32cube.a(stm32g4xx_hal_pcd_ex.o)
                0x0800bc7a                HAL_PCDEx_ActivateLPM
 .text.HAL_PCDEx_LPM_Callback
                0x0800bca6        0x2 Build_STM32G431xx_Slcan_MksMakerbase/STM32Cube/libstm32cube.a(stm32g4xx_hal_pcd_ex.o)
                0x0800bca6                HAL_PCDEx_LPM_Callback
 .text.HAL_PWREx_ControlVoltageScaling
                0x0800bca8       0xb0 Build_STM32G431xx_Slcan_MksMakerbase/STM32Cube/libstm32cube.a(stm32g4xx_hal_pwr_ex.o)
                0x0800bca8                HAL_PWREx_ControlVoltageScaling
 .text.HAL_RCC_OscConfig
                0x0800bd58      0x420 Build_STM32G431xx_Slcan_MksMakerbase/STM32Cube/libstm32cube.a(stm32g4xx_hal_rcc.o)
                0x0800bd58                HAL_RCC_OscConfig
 .text.HAL_RCC_GetSysClockFreq
                0x0800c178       0x58 Build_STM32G431xx_Slcan_MksMakerbase/STM32Cube/libstm32cube.a(stm32g4xx_hal_rcc.o)
                0x0800c178                HAL_RCC_GetSysClockFreq
 .text.HAL_RCC_ClockConfig
                0x0800c1d0      0x1d8 Build_STM32G431xx_Slcan_MksMakerbase/STM32Cube/libstm32cube.a(stm32g4xx_hal_rcc.o)
                0x0800c1d0                HAL_RCC_ClockConfig
 .text.HAL_RCC_GetPCLK1Freq
                0x0800c3a8       0x24 Build_STM32G431xx_Slcan_MksMakerbase/STM32Cube/libstm32cube.a(stm32g4xx_hal_rcc.o)
                0x0800c3a8                HAL_RCC_GetPCLK1Freq
 .text.HAL_RCC_GetPCLK2Freq
                0x0800c3cc       0x24 Build_STM32G431xx_Slcan_MksMakerbase/STM32Cube/libstm32cube.a(stm32g4xx_hal_rcc.o)
                0x0800c3cc                HAL_RCC_GetPCLK2Freq
 .text.HAL_RCCEx_PeriphCLKConfig
                0x0800c3f0      0x278 Build_STM32G431xx_Slcan_MksMakerbase/STM32Cube/libstm32cube.a(stm32g4xx_hal_rcc_ex.o)
                0x0800c3f0                HAL_RCCEx_PeriphCLKConfig
 .text.HAL_RCCEx_GetPeriphCLKFreq
                0x0800c668      0x38c Build_STM32G431xx_Slcan_MksMakerbase/STM32Cube/libstm32cube.a(stm32g4xx_hal_rcc_ex.o)
                0x0800c668                HAL_RCCEx_GetPeriphCLKFreq
 .text.HAL_RCCEx_CRSConfig
                0x0800c9f4       0x4c Build_STM32G431xx_Slcan_MksMakerbase/STM32Cube/libstm32cube.a(stm32g4xx_hal_rcc_ex.o)
                0x0800c9f4                HAL_RCCEx_CRSConfig
 .text.USB_EnableGlobalInt
                0x0800ca40       0x16 Build_STM32G431xx_Slcan_MksMakerbase/STM32Cube/libstm32cube.a(stm32g4xx_ll_usb.o)
                0x0800ca40                USB_EnableGlobalInt
 .text.USB_DisableGlobalInt
                0x0800ca56       0x14 Build_STM32G431xx_Slcan_MksMakerbase/STM32Cube/libstm32cube.a(stm32g4xx_ll_usb.o)
                0x0800ca56                USB_DisableGlobalInt
 .text.USB_DevInit
                0x0800ca6a       0x3a Build_STM32G431xx_Slcan_MksMakerbase/STM32Cube/libstm32cube.a(stm32g4xx_ll_usb.o)
                0x0800ca6a                USB_DevInit
 .text.USB_ActivateEndpoint
                0x0800caa4      0x2bc Build_STM32G431xx_Slcan_MksMakerbase/STM32Cube/libstm32cube.a(stm32g4xx_ll_usb.o)
                0x0800caa4                USB_ActivateEndpoint
 .text.USB_DeactivateEndpoint
                0x0800cd60      0x1a6 Build_STM32G431xx_Slcan_MksMakerbase/STM32Cube/libstm32cube.a(stm32g4xx_ll_usb.o)
                0x0800cd60                USB_DeactivateEndpoint
 .text.USB_EPSetStall
                0x0800cf06       0x40 Build_STM32G431xx_Slcan_MksMakerbase/STM32Cube/libstm32cube.a(stm32g4xx_ll_usb.o)
                0x0800cf06                USB_EPSetStall
 .text.USB_EPClearStall
                0x0800cf46       0x92 Build_STM32G431xx_Slcan_MksMakerbase/STM32Cube/libstm32cube.a(stm32g4xx_ll_usb.o)
                0x0800cf46                USB_EPClearStall
 .text.USB_SetDevAddress
                0x0800cfd8        0xc Build_STM32G431xx_Slcan_MksMakerbase/STM32Cube/libstm32cube.a(stm32g4xx_ll_usb.o)
                0x0800cfd8                USB_SetDevAddress
 .text.USB_DevConnect
                0x0800cfe4       0x16 Build_STM32G431xx_Slcan_MksMakerbase/STM32Cube/libstm32cube.a(stm32g4xx_ll_usb.o)
                0x0800cfe4                USB_DevConnect
 .text.USB_ReadInterrupts
                0x0800cffa        0x8 Build_STM32G431xx_Slcan_MksMakerbase/STM32Cube/libstm32cube.a(stm32g4xx_ll_usb.o)
                0x0800cffa                USB_ReadInterrupts
 .text.USB_EP0_OutStart
                0x0800d002        0x4 Build_STM32G431xx_Slcan_MksMakerbase/STM32Cube/libstm32cube.a(stm32g4xx_ll_usb.o)
                0x0800d002                USB_EP0_OutStart
 .text.USB_WritePMA
                0x0800d006       0x1e Build_STM32G431xx_Slcan_MksMakerbase/STM32Cube/libstm32cube.a(stm32g4xx_ll_usb.o)
                0x0800d006                USB_WritePMA
 .text.USB_EPStartXfer
                0x0800d024      0x1b8 Build_STM32G431xx_Slcan_MksMakerbase/STM32Cube/libstm32cube.a(stm32g4xx_ll_usb.o)
                0x0800d024                USB_EPStartXfer
 .text.USB_ReadPMA
                0x0800d1dc       0x36 Build_STM32G431xx_Slcan_MksMakerbase/STM32Cube/libstm32cube.a(stm32g4xx_ll_usb.o)
                0x0800d1dc                USB_ReadPMA
 *fill*         0x0800d212        0x2 
 .text.startup  0x0800d214       0x14 /usr/lib/gcc/arm-none-eabi/14.2.1/../../../arm-none-eabi/lib/thumb/v7e-m/nofp/libc.a(libc_a-__call_atexit.o)
 *(.glue_7)
 .glue_7        0x0800d228        0x0 linker stubs
 *(.glue_7t)
 .glue_7t       0x0800d228        0x0 linker stubs
 *(.eh_frame)
 .eh_frame      0x0800d228        0x0 /usr/lib/gcc/arm-none-eabi/14.2.1/thumb/v7e-m/nofp/crtbegin.o
 *(.init)
 .init          0x0800d228        0x4 /usr/lib/gcc/arm-none-eabi/14.2.1/thumb/v7e-m/nofp/crti.o
                0x0800d228                _init
 .init          0x0800d22c        0x8 /usr/lib/gcc/arm-none-eabi/14.2.1/thumb/v7e-m/nofp/crtn.o
 *(.fini)
 .fini          0x0800d234        0x4 /usr/lib/gcc/arm-none-eabi/14.2.1/thumb/v7e-m/nofp/crti.o
                0x0800d234                _fini
 .fini          0x0800d238        0x8 /usr/lib/gcc/arm-none-eabi/14.2.1/thumb/v7e-m/nofp/crtn.o
                0x0800d240                        . = ALIGN (0x4)
                0x0800d240                        _etext = .

.vfp11_veneer   0x0800d240        0x0
 .vfp11_veneer  0x0800d240        0x0 linker stubs

.v4_bx          0x0800d240        0x0
 .v4_bx         0x0800d240        0x0 linker stubs

.iplt           0x0800d240        0x0
 .iplt          0x0800d240        0x0 /usr/lib/gcc/arm-none-eabi/14.2.1/thumb/v7e-m/nofp/crtbegin.o

.rodata         0x0800d240      0x5f4
                0x0800d240                        . = ALIGN (0x4)
 *(.rodata)
 .rodata        0x0800d240       0x20 /usr/lib/gcc/arm-none-eabi/14.2.1/../../../arm-none-eabi/lib/thumb/v7e-m/nofp/libc.a(libc_a-svfprintf.o)
 .rodata        0x0800d260      0x128 /usr/lib/gcc/arm-none-eabi/14.2.1/../../../arm-none-eabi/lib/thumb/v7e-m/nofp/libc.a(libc_a-mprec.o)
                0x0800d270                __mprec_tens
                0x0800d338                __mprec_tinytens
                0x0800d360                __mprec_bigtens
 .rodata        0x0800d388      0x101 /usr/lib/gcc/arm-none-eabi/14.2.1/../../../arm-none-eabi/lib/thumb/v7e-m/nofp/libc.a(libc_a-ctype_.o)
                0x0800d388                _ctype_
 *fill*         0x0800d489        0x3 
 .rodata        0x0800d48c       0x20 /usr/lib/gcc/arm-none-eabi/14.2.1/../../../arm-none-eabi/lib/thumb/v7e-m/nofp/libc.a(libc_a-vfiprintf.o)
 *(.rodata*)
 .rodata.APBPrescTable
                0x0800d4ac        0x8 Build_STM32G431xx_Slcan_MksMakerbase/system_stm32g4xx.o
                0x0800d4ac                APBPrescTable
 .rodata.AHBPrescTable
                0x0800d4b4       0x10 Build_STM32G431xx_Slcan_MksMakerbase/system_stm32g4xx.o
                0x0800d4b4                AHBPrescTable
 .rodata.can_print_info.str1.1
                0x0800d4c4      0x232 Build_STM32G431xx_Slcan_MksMakerbase/can.o
                                 0x43 (size before relaxing)
 .rodata.can_process.str1.1
                0x0800d6f6        0x0 Build_STM32G431xx_Slcan_MksMakerbase/can.o
                                 0x6e (size before relaxing)
 .rodata.str1.1
                0x0800d6f6        0x0 Build_STM32G431xx_Slcan_MksMakerbase/can.o
                                 0x3a (size before relaxing)
 *fill*         0x0800d6f6        0x2 
 .rodata.CSWTCH.91
                0x0800d6f8       0x10 Build_STM32G431xx_Slcan_MksMakerbase/can.o
 .rodata.utils_init.str1.1
                0x0800d708        0x0 Build_STM32G431xx_Slcan_MksMakerbase/utils.o
                                  0xc (size before relaxing)
 .rodata.utils_format_bitrate.str1.1
                0x0800d708        0x0 Build_STM32G431xx_Slcan_MksMakerbase/utils.o
                                 0x33 (size before relaxing)
 .rodata.CSWTCH.14
                0x0800d708        0x7 Build_STM32G431xx_Slcan_MksMakerbase/utils.o
 .rodata.USBD_ProductStrDescriptor.str1.1
                0x0800d70f        0x0 Build_STM32G431xx_Slcan_MksMakerbase/usb_desc.o
                                 0x12 (size before relaxing)
 .rodata.USBD_ManufacturerStrDescriptor.str1.1
                0x0800d70f        0x0 Build_STM32G431xx_Slcan_MksMakerbase/usb_desc.o
                                 0x1d (size before relaxing)
 .rodata.USBD_ConfigStrDescriptor.str1.1
                0x0800d70f        0x0 Build_STM32G431xx_Slcan_MksMakerbase/usb_desc.o
                                  0x1 (size before relaxing)
 .rodata.USBD_SerialStrDescriptor.str1.1
                0x0800d70f        0x0 Build_STM32G431xx_Slcan_MksMakerbase/usb_desc.o
                                  0xb (size before relaxing)
 .rodata.control_parse_str.str1.1
                0x0800d70f        0x0 Build_STM32G431xx_Slcan_MksMakerbase/Slcan/control.o
                                 0x95 (size before relaxing)
 .rodata.control_parse_command.str1.1
                0x0800d70f        0x0 Build_STM32G431xx_Slcan_MksMakerbase/Slcan/control.o
                                  0x3 (size before relaxing)
 .rodata.control_process.str1.1
                0x0800d70f        0x0 Build_STM32G431xx_Slcan_MksMakerbase/Slcan/control.o
                                 0x13 (size before relaxing)
 .rodata.control_report_busload.str1.1
                0x0800d70f        0x0 Build_STM32G431xx_Slcan_MksMakerbase/Slcan/control.o
                                  0x5 (size before relaxing)
 .rodata.control_send_debug_mesg.str1.1
                0x0800d70f        0x0 Build_STM32G431xx_Slcan_MksMakerbase/Slcan/control.o
                                 0x1a (size before relaxing)
 .rodata.buf_store_tx_echo.str1.1
                0x0800d70f        0x0 Build_STM32G431xx_Slcan_MksMakerbase/Slcan/buffer.o
                                  0x7 (size before relaxing)
 .rodata.DLCtoBytes
                0x0800d70f       0x10 Build_STM32G431xx_Slcan_MksMakerbase/STM32Cube/libstm32cube.a(stm32g4xx_hal_fdcan.o)
 *fill*         0x0800d71f        0x1 
 .rodata.str1.4
                0x0800d720      0x112 /usr/lib/gcc/arm-none-eabi/14.2.1/../../../arm-none-eabi/lib/thumb/v7e-m/nofp/libc.a(libc_a-svfprintf.o)
                                 0x42 (size before relaxing)
 .rodata.str1.4
                0x0800d832        0x0 /usr/lib/gcc/arm-none-eabi/14.2.1/../../../arm-none-eabi/lib/thumb/v7e-m/nofp/libc.a(libc_a-dtoa.o)
                                 0x54 (size before relaxing)
 .rodata.str1.4
                0x0800d832        0x0 /usr/lib/gcc/arm-none-eabi/14.2.1/../../../arm-none-eabi/lib/thumb/v7e-m/nofp/libc.a(libc_a-assert.o)
                                 0x43 (size before relaxing)
 .rodata.str1.4
                0x0800d832        0x0 /usr/lib/gcc/arm-none-eabi/14.2.1/../../../arm-none-eabi/lib/thumb/v7e-m/nofp/libc.a(libc_a-mprec.o)
                                 0x41 (size before relaxing)
 .rodata.str1.4
                0x0800d832        0x0 /usr/lib/gcc/arm-none-eabi/14.2.1/../../../arm-none-eabi/lib/thumb/v7e-m/nofp/libc.a(libc_a-locale.o)
                                 0x12 (size before relaxing)
 .rodata.str1.4
                0x0800d832        0x0 /usr/lib/gcc/arm-none-eabi/14.2.1/../../../arm-none-eabi/lib/thumb/v7e-m/nofp/libc.a(libc_a-vfiprintf.o)
                                 0x2f (size before relaxing)
                0x0800d834                        . = ALIGN (0x4)
 *fill*         0x0800d832        0x2 

.ARM.extab
 *(.ARM.extab* .gnu.linkonce.armextab.*)

.ARM            0x0800d834        0x8
                0x0800d834                        __exidx_start = .
 *(.ARM.exidx*)
 .ARM.exidx     0x0800d834        0x8 /usr/lib/gcc/arm-none-eabi/14.2.1/../../../arm-none-eabi/lib/thumb/v7e-m/nofp/libc.a(libc_a-memcpy.o)
 .ARM.exidx     0x0800d83c        0x0 /usr/lib/gcc/arm-none-eabi/14.2.1/../../../arm-none-eabi/lib/thumb/v7e-m/nofp/libc.a(libc_a-strlen.o)
                                  0x8 (size before relaxing)
 .ARM.exidx     0x0800d83c        0x0 /usr/lib/gcc/arm-none-eabi/14.2.1/../../../arm-none-eabi/lib/thumb/v7e-m/nofp/libc.a(libc_a-memchr.o)
                                  0x8 (size before relaxing)
 .ARM.exidx     0x0800d83c        0x0 /usr/lib/gcc/arm-none-eabi/14.2.1/../../../arm-none-eabi/lib/thumb/v7e-m/nofp/libc.a(libc_a-strcmp.o)
                                  0x8 (size before relaxing)
                0x0800d83c                        __exidx_end = .

.rel.dyn        0x0800d83c        0x0
 .rel.iplt      0x0800d83c        0x0 /usr/lib/gcc/arm-none-eabi/14.2.1/thumb/v7e-m/nofp/crtbegin.o

.preinit_array  0x0800d83c        0x0
                0x0800d83c                        PROVIDE (__preinit_array_start = .)
 *(.preinit_array*)
                0x0800d83c                        PROVIDE (__preinit_array_end = .)

.init_array     0x0800d83c        0x8
                0x0800d83c                        PROVIDE (__init_array_start = .)
 *(SORT_BY_NAME(.init_array.*))
 .init_array.00000
                0x0800d83c        0x4 /usr/lib/gcc/arm-none-eabi/14.2.1/../../../arm-none-eabi/lib/thumb/v7e-m/nofp/libc.a(libc_a-__call_atexit.o)
 *(.init_array*)
 .init_array    0x0800d840        0x4 /usr/lib/gcc/arm-none-eabi/14.2.1/thumb/v7e-m/nofp/crtbegin.o
                0x0800d844                        PROVIDE (__init_array_end = .)

.fini_array     0x0800d844        0x4
                0x0800d844                        PROVIDE (__fini_array_start = .)
 *(SORT_BY_NAME(.fini_array.*))
 *(.fini_array*)
 .fini_array    0x0800d844        0x4 /usr/lib/gcc/arm-none-eabi/14.2.1/thumb/v7e-m/nofp/crtbegin.o
                0x0800d848                        PROVIDE (__fini_array_end = .)
                0x0800d848                        _sidata = LOADADDR (.data)

.data           0x20000000      0x7a8 load address 0x0800d848
                0x20000000                        . = ALIGN (0x4)
                0x20000000                        _sdata = .
 *(.data)
 .data          0x20000000      0x128 /usr/lib/gcc/arm-none-eabi/14.2.1/../../../arm-none-eabi/lib/thumb/v7e-m/nofp/libc.a(libc_a-impure.o)
                0x20000000                _impure_ptr
                0x20000008                _impure_data
 .data          0x20000128        0xc /usr/lib/gcc/arm-none-eabi/14.2.1/../../../arm-none-eabi/lib/thumb/v7e-m/nofp/libc.a(libc_a-findfp.o)
                0x20000128                __sglue
 *fill*         0x20000134        0x4 
 .data          0x20000138      0x410 /usr/lib/gcc/arm-none-eabi/14.2.1/../../../arm-none-eabi/lib/thumb/v7e-m/nofp/libc.a(libc_a-mallocr.o)
                0x20000138                __malloc_av_
                0x20000540                __malloc_sbrk_base
                0x20000544                __malloc_trim_threshold
 .data          0x20000548      0x16c /usr/lib/gcc/arm-none-eabi/14.2.1/../../../arm-none-eabi/lib/thumb/v7e-m/nofp/libc.a(libc_a-locale.o)
                0x20000548                __global_locale
 *(.data*)
 .data.blink_leds
                0x200006b4        0x1 Build_STM32G431xx_Slcan_MksMakerbase/main.o
                0x200006b4                blink_leds
 *fill*         0x200006b5        0x3 
 .data.SystemCoreClock
                0x200006b8        0x4 Build_STM32G431xx_Slcan_MksMakerbase/system_stm32g4xx.o
                0x200006b8                SystemCoreClock
 .data.print_chip_delay_once
                0x200006bc        0x1 Build_STM32G431xx_Slcan_MksMakerbase/can.o
                0x200006bc                print_chip_delay_once
 .data.print_bitrate_once
                0x200006bd        0x1 Build_STM32G431xx_Slcan_MksMakerbase/can.o
                0x200006bd                print_bitrate_once
 *fill*         0x200006be        0x2 
 .data.USBD_LangIDDesc
                0x200006c0        0x4 Build_STM32G431xx_Slcan_MksMakerbase/usb_desc.o
                0x200006c0                USBD_LangIDDesc
 .data.USBD_DescriptorCallbacks
                0x200006c4       0x1c Build_STM32G431xx_Slcan_MksMakerbase/usb_desc.o
                0x200006c4                USBD_DescriptorCallbacks
 .data.USBD_CDC_CfgFSDesc
                0x200006e0       0x43 Build_STM32G431xx_Slcan_MksMakerbase/Slcan/usb_class.o
                0x200006e0                USBD_CDC_CfgFSDesc
 *fill*         0x20000723        0x1 
 .data.USBD_DeviceDesc
                0x20000724       0x12 Build_STM32G431xx_Slcan_MksMakerbase/Slcan/usb_class.o
                0x20000724                USBD_DeviceDesc
 *fill*         0x20000736        0x2 
 .data.USBD_ClassCallbacks
                0x20000738       0x38 Build_STM32G431xx_Slcan_MksMakerbase/Slcan/usb_class.o
                0x20000738                USBD_ClassCallbacks
 .data.USBD_InterfaceCallbacks
                0x20000770       0x10 Build_STM32G431xx_Slcan_MksMakerbase/Slcan/usb_interface.o
                0x20000770                USBD_InterfaceCallbacks
 .data.uwTickFreq
                0x20000780        0x4 Build_STM32G431xx_Slcan_MksMakerbase/STM32Cube/libstm32cube.a(stm32g4xx_hal.o)
                0x20000780                uwTickFreq
 .data.uwTickPrio
                0x20000784        0x4 Build_STM32G431xx_Slcan_MksMakerbase/STM32Cube/libstm32cube.a(stm32g4xx_hal.o)
                0x20000784                uwTickPrio
 .data.pFlash   0x20000788       0x20 Build_STM32G431xx_Slcan_MksMakerbase/STM32Cube/libstm32cube.a(stm32g4xx_hal_flash.o)
                0x20000788                pFlash
                0x200007a8                        . = ALIGN (0x4)
                0x200007a8                        _edata = .

.tm_clone_table
                0x200007a8        0x0 load address 0x0800dff0
 .tm_clone_table
                0x200007a8        0x0 /usr/lib/gcc/arm-none-eabi/14.2.1/thumb/v7e-m/nofp/crtbegin.o
 .tm_clone_table
                0x200007a8        0x0 /usr/lib/gcc/arm-none-eabi/14.2.1/thumb/v7e-m/nofp/crtend.o

.igot.plt       0x200007a8        0x0 load address 0x0800dff0
 .igot.plt      0x200007a8        0x0 /usr/lib/gcc/arm-none-eabi/14.2.1/thumb/v7e-m/nofp/crtbegin.o
                0x200007a8                        . = ALIGN (0x4)

.bss            0x200007a8     0x58ec load address 0x0800dff0
                0x200007a8                        _sbss = .
                0x200007a8                        __bss_start__ = _sbss
 *(.bss)
 .bss           0x200007a8       0x1c /usr/lib/gcc/arm-none-eabi/14.2.1/thumb/v7e-m/nofp/crtbegin.o
 .bss           0x200007c4      0x13c /usr/lib/gcc/arm-none-eabi/14.2.1/../../../arm-none-eabi/lib/thumb/v7e-m/nofp/libc.a(libc_a-findfp.o)
                0x200007c4                __sf
                0x200008fc                __stdio_exit_handler
 .bss           0x20000900       0x34 /usr/lib/gcc/arm-none-eabi/14.2.1/../../../arm-none-eabi/lib/thumb/v7e-m/nofp/libc.a(libc_a-mallocr.o)
                0x20000900                __malloc_top_pad
                0x20000904                __malloc_current_mallinfo
                0x2000092c                __malloc_max_sbrked_mem
                0x20000930                __malloc_max_total_mem
 .bss           0x20000934        0x4 /usr/lib/gcc/arm-none-eabi/14.2.1/../../../arm-none-eabi/lib/thumb/v7e-m/nofp/libc.a(libc_a-__call_atexit.o)
                0x20000934                __atexit
 .bss           0x20000938      0x190 /usr/lib/gcc/arm-none-eabi/14.2.1/../../../arm-none-eabi/lib/thumb/v7e-m/nofp/libc.a(libc_a-__atexit.o)
                0x20000938                __atexit0
 .bss           0x20000ac8        0x4 /usr/lib/gcc/arm-none-eabi/14.2.1/../../../arm-none-eabi/lib/thumb/v7e-m/nofp/libc.a(libc_a-reent.o)
                0x20000ac8                errno
 .bss           0x20000acc        0x4 /usr/lib/gcc/arm-none-eabi/14.2.1/../../../arm-none-eabi/lib/thumb/v7e-m/nofp/libnosys.a(sbrk.o)
 *(.bss*)
 .bss.usb_suspend
                0x20000ad0        0x1 Build_STM32G431xx_Slcan_MksMakerbase/main.o
                0x20000ad0                usb_suspend
 *fill*         0x20000ad1        0x3 
 .bss.tick_last
                0x20000ad4        0x4 Build_STM32G431xx_Slcan_MksMakerbase/main.o
                0x20000ad4                tick_last
 .bss.canfd_clock
                0x20000ad8        0x4 Build_STM32G431xx_Slcan_MksMakerbase/system.o
                0x20000ad8                canfd_clock
 .bss.tdc_offset
                0x20000adc        0x4 Build_STM32G431xx_Slcan_MksMakerbase/can.o
                0x20000adc                tdc_offset
 .bss.busload_counter
                0x20000ae0        0x4 Build_STM32G431xx_Slcan_MksMakerbase/can.o
                0x20000ae0                busload_counter
 .bss.busload_interval
                0x20000ae4        0x4 Build_STM32G431xx_Slcan_MksMakerbase/can.o
                0x20000ae4                busload_interval
 .bss.old_busload_percent
                0x20000ae8        0x1 Build_STM32G431xx_Slcan_MksMakerbase/can.o
                0x20000ae8                old_busload_percent
 *fill*         0x20000ae9        0x3 
 .bss.busload_ppm
                0x20000aec        0x4 Build_STM32G431xx_Slcan_MksMakerbase/can.o
                0x20000aec                busload_ppm
 .bss.nom_bit_len_ns
                0x20000af0        0x4 Build_STM32G431xx_Slcan_MksMakerbase/can.o
                0x20000af0                nom_bit_len_ns
 .bss.cycle_ave_time_ns
                0x20000af4        0x4 Build_STM32G431xx_Slcan_MksMakerbase/can.o
                0x20000af4                cycle_ave_time_ns
 .bss.cycle_max_time_ns
                0x20000af8        0x4 Build_STM32G431xx_Slcan_MksMakerbase/can.o
                0x20000af8                cycle_max_time_ns
 .bss.bit_cnt_message
                0x20000afc        0x4 Build_STM32G431xx_Slcan_MksMakerbase/can.o
                0x20000afc                bit_cnt_message
 .bss.recover_bus_off
                0x20000b00        0x1 Build_STM32G431xx_Slcan_MksMakerbase/can.o
                0x20000b00                recover_bus_off
 .bss.can_is_open
                0x20000b01        0x1 Build_STM32G431xx_Slcan_MksMakerbase/can.o
                0x20000b01                can_is_open
 *fill*         0x20000b02        0x2 
 .bss.can_bitrate_data
                0x20000b04       0x10 Build_STM32G431xx_Slcan_MksMakerbase/can.o
                0x20000b04                can_bitrate_data
 .bss.can_bitrate_nominal
                0x20000b14       0x10 Build_STM32G431xx_Slcan_MksMakerbase/can.o
                0x20000b14                can_bitrate_nominal
 .bss.tx_pending
                0x20000b24        0x4 Build_STM32G431xx_Slcan_MksMakerbase/can.o
                0x20000b24                tx_pending
 .bss.last_tx_tick
                0x20000b28        0x4 Build_STM32G431xx_Slcan_MksMakerbase/can.o
                0x20000b28                last_tx_tick
 .bss.ext_filter_count
                0x20000b2c        0x4 Build_STM32G431xx_Slcan_MksMakerbase/can.o
                0x20000b2c                ext_filter_count
 .bss.std_filter_count
                0x20000b30        0x4 Build_STM32G431xx_Slcan_MksMakerbase/can.o
                0x20000b30                std_filter_count
 .bss.cur_status
                0x20000b34       0x2c Build_STM32G431xx_Slcan_MksMakerbase/can.o
                0x20000b34                cur_status
 .bss.can_filters
                0x20000b60       0xc0 Build_STM32G431xx_Slcan_MksMakerbase/can.o
                0x20000b60                can_filters
 .bss.can_handle
                0x20000c20       0x64 Build_STM32G431xx_Slcan_MksMakerbase/can.o
                0x20000c20                can_handle
 .bss.USER_Flags
                0x20000c84        0x1 Build_STM32G431xx_Slcan_MksMakerbase/can.o
                0x20000c84                USER_Flags
 .bss.last_state
                0x20000c85        0x6 Build_STM32G431xx_Slcan_MksMakerbase/error.o
                0x20000c85                last_state
 .bss.cur_state
                0x20000c8b        0x6 Build_STM32G431xx_Slcan_MksMakerbase/error.o
                0x20000c8b                cur_state
 *fill*         0x20000c91        0x3 
 .bss.last_tick
                0x20000c94        0x4 Build_STM32G431xx_Slcan_MksMakerbase/error.o
                0x20000c94                last_tick
 .bss.report_now
                0x20000c98        0x1 Build_STM32G431xx_Slcan_MksMakerbase/error.o
                0x20000c98                report_now
 .bss.led_identify
                0x20000c99        0x1 Build_STM32G431xx_Slcan_MksMakerbase/led.o
 *fill*         0x20000c9a        0x2 
 .bss.led_blink_count
                0x20000c9c        0x4 Build_STM32G431xx_Slcan_MksMakerbase/led.o
 .bss.led_next_blink
                0x20000ca0        0x4 Build_STM32G431xx_Slcan_MksMakerbase/led.o
 .bss.led_error_was_indicating
                0x20000ca4        0x1 Build_STM32G431xx_Slcan_MksMakerbase/led.o
 *fill*         0x20000ca5        0x3 
 .bss.led_TX_lastoff
                0x20000ca8        0x4 Build_STM32G431xx_Slcan_MksMakerbase/led.o
 .bss.led_RX_lastoff
                0x20000cac        0x4 Build_STM32G431xx_Slcan_MksMakerbase/led.o
 .bss.led_TX_laston
                0x20000cb0        0x4 Build_STM32G431xx_Slcan_MksMakerbase/led.o
 .bss.led_RX_laston
                0x20000cb4        0x4 Build_STM32G431xx_Slcan_MksMakerbase/led.o
 .bss.dfu_require_reset
                0x20000cb8        0x1 Build_STM32G431xx_Slcan_MksMakerbase/dfu.o
 *fill*         0x20000cb9        0x3 
 .bss.dfu_delay_start
                0x20000cbc        0x4 Build_STM32G431xx_Slcan_MksMakerbase/dfu.o
 .bss.dfu_sys_memory_base
                0x20000cc0        0x4 Build_STM32G431xx_Slcan_MksMakerbase/dfu.o
 .bss.MCU_name  0x20000cc4       0x1e Build_STM32G431xx_Slcan_MksMakerbase/utils.o
                0x20000cc4                MCU_name
 *fill*         0x20000ce2        0x2 
 .bss.limits    0x20000ce4       0x20 Build_STM32G431xx_Slcan_MksMakerbase/utils.o
                0x20000ce4                limits
 .bss.cfgidx.0  0x20000d04        0x1 Build_STM32G431xx_Slcan_MksMakerbase/usb_ctrlreq.o
 *fill*         0x20000d05        0x3 
 .bss.USB_Device
                0x20000d08      0x2c4 Build_STM32G431xx_Slcan_MksMakerbase/usb_core.o
                0x20000d08                USB_Device
 .bss.bSuspended
                0x20000fcc        0x1 Build_STM32G431xx_Slcan_MksMakerbase/usb_lowlevel.o
                0x20000fcc                bSuspended
 *fill*         0x20000fcd        0x3 
 .bss.hpcd_USB_FS
                0x20000fd0      0x274 Build_STM32G431xx_Slcan_MksMakerbase/usb_lowlevel.o
                0x20000fd0                hpcd_USB_FS
 .bss.USBD_StrDesc
                0x20001244      0x200 Build_STM32G431xx_Slcan_MksMakerbase/usb_desc.o
                0x20001244                USBD_StrDesc
 .bss.can_mode  0x20001444        0x4 Build_STM32G431xx_Slcan_MksMakerbase/Slcan/control.o
                0x20001444                can_mode
 .bss.slcan_str_index
                0x20001448        0x1 Build_STM32G431xx_Slcan_MksMakerbase/Slcan/buffer.o
 .bss.slcan_str
                0x20001449       0xa5 Build_STM32G431xx_Slcan_MksMakerbase/Slcan/buffer.o
 *fill*         0x200014ee        0x2 
 .bss.buf_can_tx
                0x200014f0     0x1908 Build_STM32G431xx_Slcan_MksMakerbase/Slcan/buffer.o
 .bss.buf_cdc_rx
                0x20002df8      0x228 Build_STM32G431xx_Slcan_MksMakerbase/Slcan/buffer.o
                0x20002df8                buf_cdc_rx
 .bss.buf_cdc_tx
                0x20003020     0x3014 Build_STM32G431xx_Slcan_MksMakerbase/Slcan/buffer.o
                0x20003020                buf_cdc_tx
 .bss.USBD_CDC_Handle
                0x20006034       0x5c Build_STM32G431xx_Slcan_MksMakerbase/Slcan/usb_class.o
                0x20006034                USBD_CDC_Handle
 .bss.uwTick    0x20006090        0x4 Build_STM32G431xx_Slcan_MksMakerbase/STM32Cube/libstm32cube.a(stm32g4xx_hal.o)
                0x20006090                uwTick
 *(COMMON)
                0x20006094                        . = ALIGN (0x4)
                0x20006094                        _ebss = .
                0x20006094                        __bss_end__ = _ebss

._user_heap_stack
                0x20006094      0x604 load address 0x0800dff0
                0x20006098                        . = ALIGN (0x8)
 *fill*         0x20006094        0x4 
                0x20006098                        PROVIDE (end = .)
                [!provide]                        PROVIDE (_end = .)
                0x20006298                        . = (. + _Min_Heap_Size)
 *fill*         0x20006098      0x200 
                0x20006698                        . = (. + _Min_Stack_Size)
 *fill*         0x20006298      0x400 
                0x20006698                        . = ALIGN (0x8)

/DISCARD/
 libc.a(*)
 libm.a(*)
 libgcc.a(*)

.ARM.attributes
                0x00000000       0x2a
 *(.ARM.attributes)
 .ARM.attributes
                0x00000000       0x1e /usr/lib/gcc/arm-none-eabi/14.2.1/thumb/v7e-m/nofp/crti.o
 .ARM.attributes
                0x0000001e       0x2e /usr/lib/gcc/arm-none-eabi/14.2.1/thumb/v7e-m/nofp/crtbegin.o
 .ARM.attributes
                0x0000004c       0x2e Build_STM32G431xx_Slcan_MksMakerbase/main.o
 .ARM.attributes
                0x0000007a       0x2e Build_STM32G431xx_Slcan_MksMakerbase/system_stm32g4xx.o
 .ARM.attributes
                0x000000a8       0x2e Build_STM32G431xx_Slcan_MksMakerbase/system.o
 .ARM.attributes
                0x000000d6       0x2e Build_STM32G431xx_Slcan_MksMakerbase/interrupts.o
 .ARM.attributes
                0x00000104       0x2e Build_STM32G431xx_Slcan_MksMakerbase/can.o
 .ARM.attributes
                0x00000132       0x2e Build_STM32G431xx_Slcan_MksMakerbase/error.o
 .ARM.attributes
                0x00000160       0x2e Build_STM32G431xx_Slcan_MksMakerbase/led.o
 .ARM.attributes
                0x0000018e       0x2e Build_STM32G431xx_Slcan_MksMakerbase/dfu.o
 .ARM.attributes
                0x000001bc       0x2e Build_STM32G431xx_Slcan_MksMakerbase/utils.o
 .ARM.attributes
                0x000001ea       0x2e Build_STM32G431xx_Slcan_MksMakerbase/usb_ctrlreq.o
 .ARM.attributes
                0x00000218       0x2e Build_STM32G431xx_Slcan_MksMakerbase/usb_ioreq.o
 .ARM.attributes
                0x00000246       0x2e Build_STM32G431xx_Slcan_MksMakerbase/usb_core.o
 .ARM.attributes
                0x00000274       0x2e Build_STM32G431xx_Slcan_MksMakerbase/usb_lowlevel.o
 .ARM.attributes
                0x000002a2       0x2e Build_STM32G431xx_Slcan_MksMakerbase/usb_desc.o
 .ARM.attributes
                0x000002d0       0x21 Build_STM32G431xx_Slcan_MksMakerbase/startup_STM32G431xx.o
 .ARM.attributes
                0x000002f1       0x2e Build_STM32G431xx_Slcan_MksMakerbase/Slcan/control.o
 .ARM.attributes
                0x0000031f       0x2e Build_STM32G431xx_Slcan_MksMakerbase/Slcan/buffer.o
 .ARM.attributes
                0x0000034d       0x2e Build_STM32G431xx_Slcan_MksMakerbase/Slcan/usb_class.o
 .ARM.attributes
                0x0000037b       0x2e Build_STM32G431xx_Slcan_MksMakerbase/Slcan/usb_interface.o
 .ARM.attributes
                0x000003a9       0x2e Build_STM32G431xx_Slcan_MksMakerbase/STM32Cube/libstm32cube.a(stm32g4xx_hal.o)
 .ARM.attributes
                0x000003d7       0x2e Build_STM32G431xx_Slcan_MksMakerbase/STM32Cube/libstm32cube.a(stm32g4xx_hal_cortex.o)
 .ARM.attributes
                0x00000405       0x2e Build_STM32G431xx_Slcan_MksMakerbase/STM32Cube/libstm32cube.a(stm32g4xx_hal_fdcan.o)
 .ARM.attributes